<?xml version="1.0" encoding="utf-8"?>
<TestRun id="c0ee4f36-5d5c-428b-994a-9710a951dd53" name="@onur-TULPAR-T7-V20-5 2025-09-12 08:37:18" xmlns="http://microsoft.com/schemas/VisualStudio/TeamTest/2010">
  <Times creation="2025-09-12T08:37:18.8479557+03:00" queuing="2025-09-12T08:37:18.8479557+03:00" start="2025-09-12T08:37:18.3791655+03:00" finish="2025-09-12T08:37:18.9201668+03:00" />
  <TestSettings name="default" id="a519a858-3a16-47b4-b174-a312c532cbdd">
    <Deployment runDeploymentRoot="_onur-TULPAR-T7-V20-5_2025-09-12_08_37_18" />
  </TestSettings>
  <Results>
    <UnitTestResult executionId="b817ff9e-3b38-4413-b4b8-a244b45dde3d" testId="41efe741-07be-f6b0-1a5c-1369ee711c86" testName="Enterprise.Shared.Auditing.Tests.Services.InMemoryAuditStoreSimpleTests.GetEventAsync_WithNonExistingId_ReturnsNull" computerName="onur-TULPAR-T7-V20-5" duration="00:00:00.0003524" startTime="2025-09-12T08:37:18.8174931+03:00" endTime="2025-09-12T08:37:18.8174931+03:00" testType="13cdc9d9-ddb5-4fa4-a97d-d965ccfc6d4b" outcome="Passed" testListId="8c84fa94-04c1-424b-9868-57a2d4851a1d" relativeResultsDirectory="b817ff9e-3b38-4413-b4b8-a244b45dde3d" />
    <UnitTestResult executionId="9af4bcee-7a47-4bc1-9792-bb00c2dad0b3" testId="63219dba-37d6-9cab-ed0c-a714bdc3b3fb" testName="Enterprise.Shared.Auditing.Tests.Services.InMemoryAuditStoreSimpleTests.GetEventCountAsync_WithDateRange_ReturnsCorrectCount" computerName="onur-TULPAR-T7-V20-5" duration="00:00:00.0011758" startTime="2025-09-12T08:37:18.8171081+03:00" endTime="2025-09-12T08:37:18.8171081+03:00" testType="13cdc9d9-ddb5-4fa4-a97d-d965ccfc6d4b" outcome="Passed" testListId="8c84fa94-04c1-424b-9868-57a2d4851a1d" relativeResultsDirectory="9af4bcee-7a47-4bc1-9792-bb00c2dad0b3" />
    <UnitTestResult executionId="42a18590-7628-4177-824f-e0847807c207" testId="1d5f6378-83c3-6752-8284-32db5309f530" testName="Enterprise.Shared.Auditing.Tests.HealthChecks.AuditHealthCheckSimpleTests.CheckHealthAsync_WhenStoreHealthCheckFails_ReturnsDegraded" computerName="onur-TULPAR-T7-V20-5" duration="00:00:00.0005756" startTime="2025-09-12T08:37:18.8595047+03:00" endTime="2025-09-12T08:37:18.8595047+03:00" testType="13cdc9d9-ddb5-4fa4-a97d-d965ccfc6d4b" outcome="Passed" testListId="8c84fa94-04c1-424b-9868-57a2d4851a1d" relativeResultsDirectory="42a18590-7628-4177-824f-e0847807c207" />
    <UnitTestResult executionId="011373a3-b9bd-4300-931c-91120a8d90e8" testId="78fde34a-4e5d-bc8e-4f05-2d0347e68bd3" testName="Enterprise.Shared.Auditing.Tests.Services.InMemoryAuditStoreSimpleTests.StoreEventAsync_WithNullEvent_ReturnsFailure" computerName="onur-TULPAR-T7-V20-5" duration="00:00:00.0006518" startTime="2025-09-12T08:37:18.8174430+03:00" endTime="2025-09-12T08:37:18.8174430+03:00" testType="13cdc9d9-ddb5-4fa4-a97d-d965ccfc6d4b" outcome="Passed" testListId="8c84fa94-04c1-424b-9868-57a2d4851a1d" relativeResultsDirectory="011373a3-b9bd-4300-931c-91120a8d90e8" />
    <UnitTestResult executionId="a6f0960f-6f91-4d8e-aedd-c9d76710255e" testId="ef1efab7-f0a5-54cc-3e1d-b90e55d8fb25" testName="Enterprise.Shared.Auditing.Tests.HealthChecks.AuditHealthCheckSimpleTests.CheckHealthAsync_WhenAllHealthy_ReturnsHealthy" computerName="onur-TULPAR-T7-V20-5" duration="00:00:00.0146363" startTime="2025-09-12T08:37:18.8583211+03:00" endTime="2025-09-12T08:37:18.8583212+03:00" testType="13cdc9d9-ddb5-4fa4-a97d-d965ccfc6d4b" outcome="Failed" testListId="8c84fa94-04c1-424b-9868-57a2d4851a1d" relativeResultsDirectory="a6f0960f-6f91-4d8e-aedd-c9d76710255e">
      <Output>
        <ErrorInfo>
          <Message>Expected result.Status to be HealthStatus.Healthy {value: 2}, but found HealthStatus.Degraded {value: 1}.</Message>
          <StackTrace>   at FluentAssertions.Execution.XUnit2TestFramework.Throw(String message)
   at FluentAssertions.Execution.TestFrameworkProvider.Throw(String message)
   at FluentAssertions.Execution.DefaultAssertionStrategy.HandleFailure(String message)
   at FluentAssertions.Execution.AssertionScope.FailWith(Func`1 failReasonFunc)
   at FluentAssertions.Execution.AssertionScope.FailWith(Func`1 failReasonFunc)
   at FluentAssertions.Execution.AssertionScope.FailWith(String message, Object[] args)
   at FluentAssertions.Primitives.EnumAssertions`2.Be(TEnum expected, String because, Object[] becauseArgs)
   at Enterprise.Shared.Auditing.Tests.HealthChecks.AuditHealthCheckSimpleTests.CheckHealthAsync_WhenAllHealthy_ReturnsHealthy() in /home/onur/Desktop/PlatformV1/src/Shared/Enterprise.Shared.Auditing.Tests/HealthChecks/AuditHealthCheckSimpleTests.cs:line 78
--- End of stack trace from previous location ---</StackTrace>
        </ErrorInfo>
      </Output>
    </UnitTestResult>
    <UnitTestResult executionId="fe1a9954-e92a-46b5-90aa-56289d5071bf" testId="97bd0b96-0566-4935-2820-9c3ae961b451" testName="Enterprise.Shared.Auditing.Tests.Models.SecurityAuditEventSimpleTests.Create_WithDifferentEventTypes_SetsCorrectType(eventType: AccountManagement)" computerName="onur-TULPAR-T7-V20-5" duration="00:00:00.0000027" startTime="2025-09-12T08:37:18.8508259+03:00" endTime="2025-09-12T08:37:18.8508260+03:00" testType="13cdc9d9-ddb5-4fa4-a97d-d965ccfc6d4b" outcome="Passed" testListId="8c84fa94-04c1-424b-9868-57a2d4851a1d" relativeResultsDirectory="fe1a9954-e92a-46b5-90aa-56289d5071bf" />
    <UnitTestResult executionId="baa38f89-f92a-45c3-9e87-ceb7a9f34b42" testId="7d7f23f0-16aa-a751-4837-a88f5f9da51b" testName="Enterprise.Shared.Auditing.Tests.Models.ValidationResultTests.Failure_WithMessage_ReturnsFailedResult" computerName="onur-TULPAR-T7-V20-5" duration="00:00:00.0002883" startTime="2025-09-12T08:37:18.8155218+03:00" endTime="2025-09-12T08:37:18.8155220+03:00" testType="13cdc9d9-ddb5-4fa4-a97d-d965ccfc6d4b" outcome="Passed" testListId="8c84fa94-04c1-424b-9868-57a2d4851a1d" relativeResultsDirectory="baa38f89-f92a-45c3-9e87-ceb7a9f34b42" />
    <UnitTestResult executionId="ef10ee58-24f0-4756-8e89-6f752c0bb1d8" testId="8e6bc6cd-d29d-35b7-4089-eb83d7de14eb" testName="Enterprise.Shared.Auditing.Tests.Models.SecurityAuditEventSimpleTests.Constructor_SetsSecurityDefaults" computerName="onur-TULPAR-T7-V20-5" duration="00:00:00.0002413" startTime="2025-09-12T08:37:18.8512213+03:00" endTime="2025-09-12T08:37:18.8512214+03:00" testType="13cdc9d9-ddb5-4fa4-a97d-d965ccfc6d4b" outcome="Passed" testListId="8c84fa94-04c1-424b-9868-57a2d4851a1d" relativeResultsDirectory="ef10ee58-24f0-4756-8e89-6f752c0bb1d8" />
    <UnitTestResult executionId="b43c2a60-5b88-4999-aec5-9fdac1f1070c" testId="b449cdab-37ae-8856-bdf2-36135e89288f" testName="Enterprise.Shared.Auditing.Tests.Models.SecurityAuditEventSimpleTests.Create_WithDifferentEventTypes_SetsCorrectType(eventType: DataAccess)" computerName="onur-TULPAR-T7-V20-5" duration="00:00:00.0001243" startTime="2025-09-12T08:37:18.8507661+03:00" endTime="2025-09-12T08:37:18.8507661+03:00" testType="13cdc9d9-ddb5-4fa4-a97d-d965ccfc6d4b" outcome="Passed" testListId="8c84fa94-04c1-424b-9868-57a2d4851a1d" relativeResultsDirectory="b43c2a60-5b88-4999-aec5-9fdac1f1070c" />
    <UnitTestResult executionId="db8287e9-5011-41c2-b561-ac54a10f7d21" testId="92d348cb-a0cf-de03-a4ca-0c3074026d8c" testName="Enterprise.Shared.Auditing.Tests.Services.AuditServiceSimpleTests.SearchEventsAsync_WithValidCriteria_ReturnsResults" computerName="onur-TULPAR-T7-V20-5" duration="00:00:00.0032700" startTime="2025-09-12T08:37:18.8592019+03:00" endTime="2025-09-12T08:37:18.8592019+03:00" testType="13cdc9d9-ddb5-4fa4-a97d-d965ccfc6d4b" outcome="Passed" testListId="8c84fa94-04c1-424b-9868-57a2d4851a1d" relativeResultsDirectory="db8287e9-5011-41c2-b561-ac54a10f7d21" />
    <UnitTestResult executionId="3edbf9f4-186a-47ae-8cbc-43184df39f6b" testId="def99c85-08e3-422b-c8ab-ed53d14d0bf1" testName="Enterprise.Shared.Auditing.Tests.HealthChecks.AuditHealthCheckSimpleTests.CheckHealthAsync_WhenUnexpectedException_ReturnsUnhealthy" computerName="onur-TULPAR-T7-V20-5" duration="00:00:00.0008933" startTime="2025-09-12T08:37:18.8589077+03:00" endTime="2025-09-12T08:37:18.8589077+03:00" testType="13cdc9d9-ddb5-4fa4-a97d-d965ccfc6d4b" outcome="Passed" testListId="8c84fa94-04c1-424b-9868-57a2d4851a1d" relativeResultsDirectory="3edbf9f4-186a-47ae-8cbc-43184df39f6b" />
    <UnitTestResult executionId="df109f7f-eb40-4eaa-bf05-7e8c89f55761" testId="3d836c61-9ce9-2045-0f15-ec0c88f9e269" testName="Enterprise.Shared.Auditing.Tests.Models.SecurityAuditEventSimpleTests.WithRisk_SetsRiskProperties" computerName="onur-TULPAR-T7-V20-5" duration="00:00:00.0001439" startTime="2025-09-12T08:37:18.8512421+03:00" endTime="2025-09-12T08:37:18.8512421+03:00" testType="13cdc9d9-ddb5-4fa4-a97d-d965ccfc6d4b" outcome="Passed" testListId="8c84fa94-04c1-424b-9868-57a2d4851a1d" relativeResultsDirectory="df109f7f-eb40-4eaa-bf05-7e8c89f55761" />
    <UnitTestResult executionId="b06c9b56-4f16-44b6-8fbd-5b5e746651df" testId="ffde4746-c342-1c7f-7179-4122004fc211" testName="Enterprise.Shared.Auditing.Tests.Models.ValidationResultTests.Success_ReturnsSuccessfulResult" computerName="onur-TULPAR-T7-V20-5" duration="00:00:00.0001172" startTime="2025-09-12T08:37:18.8157662+03:00" endTime="2025-09-12T08:37:18.8157662+03:00" testType="13cdc9d9-ddb5-4fa4-a97d-d965ccfc6d4b" outcome="Passed" testListId="8c84fa94-04c1-424b-9868-57a2d4851a1d" relativeResultsDirectory="b06c9b56-4f16-44b6-8fbd-5b5e746651df" />
    <UnitTestResult executionId="3e26f6c4-8c9e-41d6-b545-9c1fe6d57b74" testId="e7962a26-5982-7407-dcdd-3926ff592102" testName="Enterprise.Shared.Auditing.Tests.Models.SecurityAuditEventSimpleTests.Create_WithValidParameters_ReturnsConfiguredEvent" computerName="onur-TULPAR-T7-V20-5" duration="00:00:00.0010509" startTime="2025-09-12T08:37:18.8157966+03:00" endTime="2025-09-12T08:37:18.8157966+03:00" testType="13cdc9d9-ddb5-4fa4-a97d-d965ccfc6d4b" outcome="Passed" testListId="8c84fa94-04c1-424b-9868-57a2d4851a1d" relativeResultsDirectory="3e26f6c4-8c9e-41d6-b545-9c1fe6d57b74" />
    <UnitTestResult executionId="5075093d-23f8-4c5d-952a-85c0052ae211" testId="746957b1-64b5-6f49-8865-77ec9c46b43c" testName="Enterprise.Shared.Auditing.Tests.HealthChecks.AuditHealthCheckSimpleTests.CheckHealthAsync_WhenServiceTestFails_ReturnsUnhealthy" computerName="onur-TULPAR-T7-V20-5" duration="00:00:00.0006878" startTime="2025-09-12T08:37:18.8602737+03:00" endTime="2025-09-12T08:37:18.8602737+03:00" testType="13cdc9d9-ddb5-4fa4-a97d-d965ccfc6d4b" outcome="Passed" testListId="8c84fa94-04c1-424b-9868-57a2d4851a1d" relativeResultsDirectory="5075093d-23f8-4c5d-952a-85c0052ae211" />
    <UnitTestResult executionId="fd0d95bb-8e8d-43a7-ad00-0f3043a18c09" testId="b021b8bf-94f8-8cd0-effc-fc080e5da295" testName="Enterprise.Shared.Auditing.Tests.Models.SecurityAuditEventSimpleTests.Create_WithDifferentEventTypes_SetsCorrectType(eventType: Authentication)" computerName="onur-TULPAR-T7-V20-5" duration="00:00:00.0001522" startTime="2025-09-12T08:37:18.8507881+03:00" endTime="2025-09-12T08:37:18.8507882+03:00" testType="13cdc9d9-ddb5-4fa4-a97d-d965ccfc6d4b" outcome="Passed" testListId="8c84fa94-04c1-424b-9868-57a2d4851a1d" relativeResultsDirectory="fd0d95bb-8e8d-43a7-ad00-0f3043a18c09" />
    <UnitTestResult executionId="7ef6042c-bf0f-4d76-a67f-a3839e1b3391" testId="cdf250c9-d02a-15b3-16df-7a2e6fd05961" testName="Enterprise.Shared.Auditing.Tests.Models.SecurityAuditEventSimpleTests.WithRisk_SetIsAlertBasedOnThreshold(riskScore: 74, expectedAlert: False)" computerName="onur-TULPAR-T7-V20-5" duration="00:00:00.0000210" startTime="2025-09-12T08:37:18.8156779+03:00" endTime="2025-09-12T08:37:18.8156779+03:00" testType="13cdc9d9-ddb5-4fa4-a97d-d965ccfc6d4b" outcome="Passed" testListId="8c84fa94-04c1-424b-9868-57a2d4851a1d" relativeResultsDirectory="7ef6042c-bf0f-4d76-a67f-a3839e1b3391" />
    <UnitTestResult executionId="a6b088b3-c2ff-4bd9-90b1-99c7a377cdb8" testId="e3fa2a54-b952-607d-b737-34af95ccaf48" testName="Enterprise.Shared.Auditing.Tests.Services.AuditServiceSimpleTests.GetEventAsync_WithEmptyId_ReturnsNull" computerName="onur-TULPAR-T7-V20-5" duration="00:00:00.0008447" startTime="2025-09-12T08:37:18.8678114+03:00" endTime="2025-09-12T08:37:18.8678115+03:00" testType="13cdc9d9-ddb5-4fa4-a97d-d965ccfc6d4b" outcome="Passed" testListId="8c84fa94-04c1-424b-9868-57a2d4851a1d" relativeResultsDirectory="a6b088b3-c2ff-4bd9-90b1-99c7a377cdb8" />
    <UnitTestResult executionId="e3afd598-0e2d-458e-a10f-f99714f48d27" testId="04ac4824-f947-b72d-c120-990f4c114093" testName="Enterprise.Shared.Auditing.Tests.Services.InMemoryAuditStoreSimpleTests.StoreEventAsync_WithValidEvent_StoresSuccessfully" computerName="onur-TULPAR-T7-V20-5" duration="00:00:00.0002996" startTime="2025-09-12T08:37:18.8171577+03:00" endTime="2025-09-12T08:37:18.8171577+03:00" testType="13cdc9d9-ddb5-4fa4-a97d-d965ccfc6d4b" outcome="Passed" testListId="8c84fa94-04c1-424b-9868-57a2d4851a1d" relativeResultsDirectory="e3afd598-0e2d-458e-a10f-f99714f48d27" />
    <UnitTestResult executionId="2112234f-3efa-4b25-93f2-9ad07aa77e2e" testId="da64ea37-950e-b681-e202-8667d4c254e6" testName="Enterprise.Shared.Auditing.Tests.Models.SecurityAuditEventSimpleTests.Create_WithDifferentEventTypes_SetsCorrectType(eventType: Authorization)" computerName="onur-TULPAR-T7-V20-5" duration="00:00:00.0000113" startTime="2025-09-12T08:37:18.8508100+03:00" endTime="2025-09-12T08:37:18.8508100+03:00" testType="13cdc9d9-ddb5-4fa4-a97d-d965ccfc6d4b" outcome="Passed" testListId="8c84fa94-04c1-424b-9868-57a2d4851a1d" relativeResultsDirectory="2112234f-3efa-4b25-93f2-9ad07aa77e2e" />
    <UnitTestResult executionId="6a1b1074-3277-4a83-942c-01cf838e093e" testId="e4546f55-81ec-80e6-57d8-b37ee6d6c815" testName="Enterprise.Shared.Auditing.Tests.Models.AuditEventSimpleTests.WithMetadata_SerializesMetadataToString" computerName="onur-TULPAR-T7-V20-5" duration="00:00:00.0258968" startTime="2025-09-12T08:37:18.8177293+03:00" endTime="2025-09-12T08:37:18.8177293+03:00" testType="13cdc9d9-ddb5-4fa4-a97d-d965ccfc6d4b" outcome="Passed" testListId="8c84fa94-04c1-424b-9868-57a2d4851a1d" relativeResultsDirectory="6a1b1074-3277-4a83-942c-01cf838e093e" />
    <UnitTestResult executionId="6192b2f8-efc5-4b3d-aeb3-65cfdea5cbec" testId="9d0e2bef-0ef6-d425-e0bf-71aa22d99fe1" testName="Enterprise.Shared.Auditing.Tests.Models.AuditEventSimpleTests.WithCorrelation_SetsCorrelationId" computerName="onur-TULPAR-T7-V20-5" duration="00:00:00.0002683" startTime="2025-09-12T08:37:18.8169796+03:00" endTime="2025-09-12T08:37:18.8169797+03:00" testType="13cdc9d9-ddb5-4fa4-a97d-d965ccfc6d4b" outcome="Passed" testListId="8c84fa94-04c1-424b-9868-57a2d4851a1d" relativeResultsDirectory="6192b2f8-efc5-4b3d-aeb3-65cfdea5cbec" />
    <UnitTestResult executionId="f52bdab9-9f47-4668-b431-255eddf7d221" testId="881ba049-d412-4ac7-98d1-1211340ae562" testName="Enterprise.Shared.Auditing.Tests.Models.SecurityAuditEventSimpleTests.FactoryMethod_CreateFailedLogin_SetsCorrectProperties" computerName="onur-TULPAR-T7-V20-5" duration="00:00:00.0007176" startTime="2025-09-12T08:37:18.8508466+03:00" endTime="2025-09-12T08:37:18.8508466+03:00" testType="13cdc9d9-ddb5-4fa4-a97d-d965ccfc6d4b" outcome="Passed" testListId="8c84fa94-04c1-424b-9868-57a2d4851a1d" relativeResultsDirectory="f52bdab9-9f47-4668-b431-255eddf7d221" />
    <UnitTestResult executionId="12e00ef3-3b5d-497e-afe9-65ae503fbff9" testId="4ebd8889-f49a-6c66-dc50-e03f8e1f8b45" testName="Enterprise.Shared.Auditing.Tests.Services.AuditServiceSimpleTests.LogSecurityEventAsync_WithValidEvent_StoresEventSuccessfully" computerName="onur-TULPAR-T7-V20-5" duration="00:00:00.0019205" startTime="2025-09-12T08:37:18.8671710+03:00" endTime="2025-09-12T08:37:18.8671710+03:00" testType="13cdc9d9-ddb5-4fa4-a97d-d965ccfc6d4b" outcome="Failed" testListId="8c84fa94-04c1-424b-9868-57a2d4851a1d" relativeResultsDirectory="12e00ef3-3b5d-497e-afe9-65ae503fbff9">
      <Output>
        <ErrorInfo>
          <Message>Expected result.IsSuccess to be True, but found False.</Message>
          <StackTrace>   at FluentAssertions.Execution.XUnit2TestFramework.Throw(String message)
   at FluentAssertions.Execution.TestFrameworkProvider.Throw(String message)
   at FluentAssertions.Execution.DefaultAssertionStrategy.HandleFailure(String message)
   at FluentAssertions.Execution.AssertionScope.FailWith(Func`1 failReasonFunc)
   at FluentAssertions.Execution.AssertionScope.FailWith(Func`1 failReasonFunc)
   at FluentAssertions.Execution.AssertionScope.FailWith(String message, Object[] args)
   at FluentAssertions.Primitives.BooleanAssertions`1.BeTrue(String because, Object[] becauseArgs)
   at Enterprise.Shared.Auditing.Tests.Services.AuditServiceSimpleTests.LogSecurityEventAsync_WithValidEvent_StoresEventSuccessfully() in /home/onur/Desktop/PlatformV1/src/Shared/Enterprise.Shared.Auditing.Tests/Services/AuditServiceSimpleTests.cs:line 117
--- End of stack trace from previous location ---</StackTrace>
        </ErrorInfo>
      </Output>
    </UnitTestResult>
    <UnitTestResult executionId="90de9b15-a301-4482-a4ce-ea077155b87e" testId="a009cc9d-c191-1c67-5b7a-4c0069e2c174" testName="Enterprise.Shared.Auditing.Tests.Models.SecurityAuditEventSimpleTests.WithRisk_SetIsAlertBasedOnThreshold(riskScore: 75, expectedAlert: True)" computerName="onur-TULPAR-T7-V20-5" duration="00:00:00.0002745" startTime="2025-09-12T08:37:18.7923037+03:00" endTime="2025-09-12T08:37:18.7923038+03:00" testType="13cdc9d9-ddb5-4fa4-a97d-d965ccfc6d4b" outcome="Passed" testListId="8c84fa94-04c1-424b-9868-57a2d4851a1d" relativeResultsDirectory="90de9b15-a301-4482-a4ce-ea077155b87e" />
    <UnitTestResult executionId="48fbd8bc-07ed-40f9-8cc3-e91b898764bd" testId="b78da184-ca29-0bea-87df-7b04a8f0e1c6" testName="Enterprise.Shared.Auditing.Tests.Services.InMemoryAuditStoreSimpleTests.QueryEventsAsync_WithNoFilters_ReturnsAllEvents" computerName="onur-TULPAR-T7-V20-5" duration="00:00:00.0079052" startTime="2025-09-12T08:37:18.8170828+03:00" endTime="2025-09-12T08:37:18.8170828+03:00" testType="13cdc9d9-ddb5-4fa4-a97d-d965ccfc6d4b" outcome="Passed" testListId="8c84fa94-04c1-424b-9868-57a2d4851a1d" relativeResultsDirectory="48fbd8bc-07ed-40f9-8cc3-e91b898764bd" />
    <UnitTestResult executionId="7a21c4df-87f2-43fd-a632-e29015b95883" testId="fe81ca39-7ff9-c8f7-327e-f838b849bf45" testName="Enterprise.Shared.Auditing.Tests.Models.SecurityAuditEventSimpleTests.WithRisk_SetIsAlertBasedOnThreshold(riskScore: 100, expectedAlert: True)" computerName="onur-TULPAR-T7-V20-5" duration="00:00:00.0071911" startTime="2025-09-12T08:37:18.7913170+03:00" endTime="2025-09-12T08:37:18.7913171+03:00" testType="13cdc9d9-ddb5-4fa4-a97d-d965ccfc6d4b" outcome="Passed" testListId="8c84fa94-04c1-424b-9868-57a2d4851a1d" relativeResultsDirectory="7a21c4df-87f2-43fd-a632-e29015b95883" />
    <UnitTestResult executionId="18a8c17a-7c0f-4f5e-a7ab-c617764e1704" testId="e6c67581-99e2-2748-be5d-5095fb00506b" testName="Enterprise.Shared.Auditing.Tests.Models.SecurityAuditEventSimpleTests.WithAuthentication_SetsAuthenticationProperties" computerName="onur-TULPAR-T7-V20-5" duration="00:00:00.0552731" startTime="2025-09-12T08:37:18.8502545+03:00" endTime="2025-09-12T08:37:18.8502545+03:00" testType="13cdc9d9-ddb5-4fa4-a97d-d965ccfc6d4b" outcome="Failed" testListId="8c84fa94-04c1-424b-9868-57a2d4851a1d" relativeResultsDirectory="18a8c17a-7c0f-4f5e-a7ab-c617764e1704">
      <Output>
        <ErrorInfo>
          <Message>Expected securityEvent.Properties {empty} to contain key "AuthenticationProvider".</Message>
          <StackTrace>   at FluentAssertions.Execution.XUnit2TestFramework.Throw(String message)
   at FluentAssertions.Execution.TestFrameworkProvider.Throw(String message)
   at FluentAssertions.Execution.DefaultAssertionStrategy.HandleFailure(String message)
   at FluentAssertions.Execution.AssertionScope.FailWith(Func`1 failReasonFunc)
   at FluentAssertions.Execution.AssertionScope.FailWith(Func`1 failReasonFunc)
   at FluentAssertions.Execution.AssertionScope.FailWith(String message, Object[] args)
   at FluentAssertions.Collections.GenericDictionaryAssertions`4.ContainKeys(IEnumerable`1 expected, String because, Object[] becauseArgs)
   at FluentAssertions.Collections.GenericDictionaryAssertions`4.ContainKey(TKey expected, String because, Object[] becauseArgs)
   at Enterprise.Shared.Auditing.Tests.Models.SecurityAuditEventSimpleTests.WithAuthentication_SetsAuthenticationProperties() in /home/onur/Desktop/PlatformV1/src/Shared/Enterprise.Shared.Auditing.Tests/Models/SecurityAuditEventSimpleTests.cs:line 43
   at System.RuntimeMethodHandle.InvokeMethod(Object target, Void** arguments, Signature sig, Boolean isConstructor)
   at System.Reflection.MethodBaseInvoker.InvokeWithNoArgs(Object obj, BindingFlags invokeAttr)</StackTrace>
        </ErrorInfo>
      </Output>
    </UnitTestResult>
    <UnitTestResult executionId="ba88dfe0-7146-44a1-bb87-3936ab112b6a" testId="e2a3558c-55a8-e942-5627-563abe02b662" testName="Enterprise.Shared.Auditing.Tests.Services.InMemoryAuditStoreSimpleTests.QueryEventsAsync_WithSorting_ReturnsSortedResults" computerName="onur-TULPAR-T7-V20-5" duration="00:00:00.0009950" startTime="2025-09-12T08:37:18.8174683+03:00" endTime="2025-09-12T08:37:18.8174683+03:00" testType="13cdc9d9-ddb5-4fa4-a97d-d965ccfc6d4b" outcome="Passed" testListId="8c84fa94-04c1-424b-9868-57a2d4851a1d" relativeResultsDirectory="ba88dfe0-7146-44a1-bb87-3936ab112b6a" />
    <UnitTestResult executionId="2cd445ec-2b56-470c-a271-1141ac2bdd55" testId="68dbc2c6-398b-ae19-ce9f-587c69a19e83" testName="Enterprise.Shared.Auditing.Tests.Models.SecurityAuditEventSimpleTests.WithRisk_SetIsAlertBasedOnThreshold(riskScore: 0, expectedAlert: False)" computerName="onur-TULPAR-T7-V20-5" duration="00:00:00.0000086" startTime="2025-09-12T08:37:18.8157462+03:00" endTime="2025-09-12T08:37:18.8157462+03:00" testType="13cdc9d9-ddb5-4fa4-a97d-d965ccfc6d4b" outcome="Passed" testListId="8c84fa94-04c1-424b-9868-57a2d4851a1d" relativeResultsDirectory="2cd445ec-2b56-470c-a271-1141ac2bdd55" />
    <UnitTestResult executionId="94777092-7d5a-417f-bb8a-3477be90df28" testId="e3770ee4-7ecc-87a5-1fdc-ddaa3d786639" testName="Enterprise.Shared.Auditing.Tests.Services.AuditServiceSimpleTests.LogEventAsync_WithNullEvent_ReturnsFailure" computerName="onur-TULPAR-T7-V20-5" duration="00:00:00.0038867" startTime="2025-09-12T08:37:18.8558975+03:00" endTime="2025-09-12T08:37:18.8558976+03:00" testType="13cdc9d9-ddb5-4fa4-a97d-d965ccfc6d4b" outcome="Passed" testListId="8c84fa94-04c1-424b-9868-57a2d4851a1d" relativeResultsDirectory="94777092-7d5a-417f-bb8a-3477be90df28" />
    <UnitTestResult executionId="9e826417-aa52-4656-a687-6895eaaeddb3" testId="7bb366b8-2eed-e56f-7ac0-0511636cb3bf" testName="Enterprise.Shared.Auditing.Tests.Models.SecurityAuditEventSimpleTests.FactoryMethod_CreateSuccessfulLogin_SetsCorrectProperties" computerName="onur-TULPAR-T7-V20-5" duration="00:00:00.0002279" startTime="2025-09-12T08:37:18.8512617+03:00" endTime="2025-09-12T08:37:18.8512617+03:00" testType="13cdc9d9-ddb5-4fa4-a97d-d965ccfc6d4b" outcome="Passed" testListId="8c84fa94-04c1-424b-9868-57a2d4851a1d" relativeResultsDirectory="9e826417-aa52-4656-a687-6895eaaeddb3" />
    <UnitTestResult executionId="b56c56cb-7d93-4d44-a2ff-8026ede75a91" testId="8754c9d7-ca62-f970-014d-3e6f754734a1" testName="Enterprise.Shared.Auditing.Tests.HealthChecks.AuditHealthCheckSimpleTests.CheckHealthAsync_WhenAuditingDisabled_ReturnsHealthy" computerName="onur-TULPAR-T7-V20-5" duration="00:00:00.0668647" startTime="2025-09-12T08:37:18.8429037+03:00" endTime="2025-09-12T08:37:18.8429038+03:00" testType="13cdc9d9-ddb5-4fa4-a97d-d965ccfc6d4b" outcome="Passed" testListId="8c84fa94-04c1-424b-9868-57a2d4851a1d" relativeResultsDirectory="b56c56cb-7d93-4d44-a2ff-8026ede75a91" />
    <UnitTestResult executionId="e229317f-e7b6-4542-8833-8ef002908592" testId="0e34243f-ad7c-0dbf-b995-d8e7774fa91f" testName="Enterprise.Shared.Auditing.Tests.Services.AuditServiceSimpleTests.LogEventAsync_WithValidEvent_StoresEventSuccessfully" computerName="onur-TULPAR-T7-V20-5" duration="00:00:00.0011945" startTime="2025-09-12T08:37:18.8650837+03:00" endTime="2025-09-12T08:37:18.8650837+03:00" testType="13cdc9d9-ddb5-4fa4-a97d-d965ccfc6d4b" outcome="Failed" testListId="8c84fa94-04c1-424b-9868-57a2d4851a1d" relativeResultsDirectory="e229317f-e7b6-4542-8833-8ef002908592">
      <Output>
        <ErrorInfo>
          <Message>Expected result.IsSuccess to be True, but found False.</Message>
          <StackTrace>   at FluentAssertions.Execution.XUnit2TestFramework.Throw(String message)
   at FluentAssertions.Execution.TestFrameworkProvider.Throw(String message)
   at FluentAssertions.Execution.DefaultAssertionStrategy.HandleFailure(String message)
   at FluentAssertions.Execution.AssertionScope.FailWith(Func`1 failReasonFunc)
   at FluentAssertions.Execution.AssertionScope.FailWith(Func`1 failReasonFunc)
   at FluentAssertions.Execution.AssertionScope.FailWith(String message, Object[] args)
   at FluentAssertions.Primitives.BooleanAssertions`1.BeTrue(String because, Object[] becauseArgs)
   at Enterprise.Shared.Auditing.Tests.Services.AuditServiceSimpleTests.LogEventAsync_WithValidEvent_StoresEventSuccessfully() in /home/onur/Desktop/PlatformV1/src/Shared/Enterprise.Shared.Auditing.Tests/Services/AuditServiceSimpleTests.cs:line 44
--- End of stack trace from previous location ---</StackTrace>
        </ErrorInfo>
      </Output>
    </UnitTestResult>
    <UnitTestResult executionId="a28575c6-f53e-4811-b9ee-cf3506097792" testId="04d143ea-cb2a-c7bf-b067-c9eec5e8a4a5" testName="Enterprise.Shared.Auditing.Tests.Models.AuditEventSimpleTests.Properties_CanBeModifiedDirectly" computerName="onur-TULPAR-T7-V20-5" duration="00:00:00.0013062" startTime="2025-09-12T08:37:18.8192505+03:00" endTime="2025-09-12T08:37:18.8192506+03:00" testType="13cdc9d9-ddb5-4fa4-a97d-d965ccfc6d4b" outcome="Passed" testListId="8c84fa94-04c1-424b-9868-57a2d4851a1d" relativeResultsDirectory="a28575c6-f53e-4811-b9ee-cf3506097792" />
    <UnitTestResult executionId="868beb4c-d47d-4c98-96f9-dc4479a004d2" testId="006fc6bf-8ac2-2338-8302-7b760e5b8337" testName="Enterprise.Shared.Auditing.Tests.Services.InMemoryAuditStoreSimpleTests.GetEventAsync_WithExistingId_ReturnsEvent" computerName="onur-TULPAR-T7-V20-5" duration="00:00:00.0107994" startTime="2025-09-12T08:37:18.7915895+03:00" endTime="2025-09-12T08:37:18.7915895+03:00" testType="13cdc9d9-ddb5-4fa4-a97d-d965ccfc6d4b" outcome="Passed" testListId="8c84fa94-04c1-424b-9868-57a2d4851a1d" relativeResultsDirectory="868beb4c-d47d-4c98-96f9-dc4479a004d2" />
    <UnitTestResult executionId="5961311b-96e1-44f6-8c29-ed3f09f320b1" testId="6447034d-edb1-678f-b099-672ed12a7605" testName="Enterprise.Shared.Auditing.Tests.Services.AuditServiceSimpleTests.GetEventAsync_WithValidId_ReturnsEvent" computerName="onur-TULPAR-T7-V20-5" duration="00:00:00.0759285" startTime="2025-09-12T08:37:18.8519682+03:00" endTime="2025-09-12T08:37:18.8519683+03:00" testType="13cdc9d9-ddb5-4fa4-a97d-d965ccfc6d4b" outcome="Passed" testListId="8c84fa94-04c1-424b-9868-57a2d4851a1d" relativeResultsDirectory="5961311b-96e1-44f6-8c29-ed3f09f320b1" />
    <UnitTestResult executionId="9263bed2-169f-43de-9250-203509f9618e" testId="c46c55dd-cf3f-ba1f-b6d7-c83499745af9" testName="Enterprise.Shared.Auditing.Tests.Models.SecurityAuditEventSimpleTests.WithAuthorization_SetsAuthorizationProperties" computerName="onur-TULPAR-T7-V20-5" duration="00:00:00.0014474" startTime="2025-09-12T08:37:18.8511790+03:00" endTime="2025-09-12T08:37:18.8511791+03:00" testType="13cdc9d9-ddb5-4fa4-a97d-d965ccfc6d4b" outcome="Failed" testListId="8c84fa94-04c1-424b-9868-57a2d4851a1d" relativeResultsDirectory="9263bed2-169f-43de-9250-203509f9618e">
      <Output>
        <ErrorInfo>
          <Message>Expected securityEvent.Properties {empty} to contain key "Permission".</Message>
          <StackTrace>   at FluentAssertions.Execution.XUnit2TestFramework.Throw(String message)
   at FluentAssertions.Execution.TestFrameworkProvider.Throw(String message)
   at FluentAssertions.Execution.DefaultAssertionStrategy.HandleFailure(String message)
   at FluentAssertions.Execution.AssertionScope.FailWith(Func`1 failReasonFunc)
   at FluentAssertions.Execution.AssertionScope.FailWith(Func`1 failReasonFunc)
   at FluentAssertions.Execution.AssertionScope.FailWith(String message, Object[] args)
   at FluentAssertions.Collections.GenericDictionaryAssertions`4.ContainKeys(IEnumerable`1 expected, String because, Object[] becauseArgs)
   at FluentAssertions.Collections.GenericDictionaryAssertions`4.ContainKey(TKey expected, String because, Object[] becauseArgs)
   at Enterprise.Shared.Auditing.Tests.Models.SecurityAuditEventSimpleTests.WithAuthorization_SetsAuthorizationProperties() in /home/onur/Desktop/PlatformV1/src/Shared/Enterprise.Shared.Auditing.Tests/Models/SecurityAuditEventSimpleTests.cs:line 56
   at System.RuntimeMethodHandle.InvokeMethod(Object target, Void** arguments, Signature sig, Boolean isConstructor)
   at System.Reflection.MethodBaseInvoker.InvokeWithNoArgs(Object obj, BindingFlags invokeAttr)</StackTrace>
        </ErrorInfo>
      </Output>
    </UnitTestResult>
    <UnitTestResult executionId="a791c843-6962-4492-9f01-24c62ad1293d" testId="55dbbe83-9ad7-9ff5-141e-e8b63a99705f" testName="Enterprise.Shared.Auditing.Tests.Models.SecurityAuditEventSimpleTests.WithRisk_SetIsAlertBasedOnThreshold(riskScore: 50, expectedAlert: False)" computerName="onur-TULPAR-T7-V20-5" duration="00:00:00.0000100" startTime="2025-09-12T08:37:18.8157205+03:00" endTime="2025-09-12T08:37:18.8157206+03:00" testType="13cdc9d9-ddb5-4fa4-a97d-d965ccfc6d4b" outcome="Passed" testListId="8c84fa94-04c1-424b-9868-57a2d4851a1d" relativeResultsDirectory="a791c843-6962-4492-9f01-24c62ad1293d" />
    <UnitTestResult executionId="753204f4-f17a-4c37-902b-8a35dcd84cae" testId="eacbafcc-c655-16f6-d3f0-bd3df89de6f4" testName="Enterprise.Shared.Auditing.Tests.Models.AuditEventSimpleTests.Create_WithDefaultResult_SetsSuccessResult" computerName="onur-TULPAR-T7-V20-5" duration="00:00:00.0001239" startTime="2025-09-12T08:37:18.8170131+03:00" endTime="2025-09-12T08:37:18.8170131+03:00" testType="13cdc9d9-ddb5-4fa4-a97d-d965ccfc6d4b" outcome="Passed" testListId="8c84fa94-04c1-424b-9868-57a2d4851a1d" relativeResultsDirectory="753204f4-f17a-4c37-902b-8a35dcd84cae" />
    <UnitTestResult executionId="06cce778-00aa-4e5b-bba4-ebca13195d74" testId="b938de1e-62e3-b21a-e545-a501f8c2033d" testName="Enterprise.Shared.Auditing.Tests.Services.AuditServiceSimpleTests.LogEventAsync_WhenDisabled_ReturnsSuccessWithoutStoring" computerName="onur-TULPAR-T7-V20-5" duration="00:00:00.0040291" startTime="2025-09-12T08:37:18.8637156+03:00" endTime="2025-09-12T08:37:18.8637157+03:00" testType="13cdc9d9-ddb5-4fa4-a97d-d965ccfc6d4b" outcome="Failed" testListId="8c84fa94-04c1-424b-9868-57a2d4851a1d" relativeResultsDirectory="06cce778-00aa-4e5b-bba4-ebca13195d74">
      <Output>
        <ErrorInfo>
          <Message>Expected result.IsSuccess to be True, but found False.</Message>
          <StackTrace>   at FluentAssertions.Execution.XUnit2TestFramework.Throw(String message)
   at FluentAssertions.Execution.TestFrameworkProvider.Throw(String message)
   at FluentAssertions.Execution.DefaultAssertionStrategy.HandleFailure(String message)
   at FluentAssertions.Execution.AssertionScope.FailWith(Func`1 failReasonFunc)
   at FluentAssertions.Execution.AssertionScope.FailWith(Func`1 failReasonFunc)
   at FluentAssertions.Execution.AssertionScope.FailWith(String message, Object[] args)
   at FluentAssertions.Primitives.BooleanAssertions`1.BeTrue(String because, Object[] becauseArgs)
   at Enterprise.Shared.Auditing.Tests.Services.AuditServiceSimpleTests.LogEventAsync_WhenDisabled_ReturnsSuccessWithoutStoring() in /home/onur/Desktop/PlatformV1/src/Shared/Enterprise.Shared.Auditing.Tests/Services/AuditServiceSimpleTests.cs:line 66
--- End of stack trace from previous location ---</StackTrace>
        </ErrorInfo>
      </Output>
    </UnitTestResult>
    <UnitTestResult executionId="10260f06-bfec-4527-b07f-c043cc13509f" testId="8bf22aa1-796e-8e16-f5e8-c167a2a3fded" testName="Enterprise.Shared.Auditing.Tests.Models.AuditEventSimpleTests.Constructor_SetsDefaultValues" computerName="onur-TULPAR-T7-V20-5" duration="00:00:00.0126194" startTime="2025-09-12T08:37:18.8158505+03:00" endTime="2025-09-12T08:37:18.8158505+03:00" testType="13cdc9d9-ddb5-4fa4-a97d-d965ccfc6d4b" outcome="Passed" testListId="8c84fa94-04c1-424b-9868-57a2d4851a1d" relativeResultsDirectory="10260f06-bfec-4527-b07f-c043cc13509f" />
    <UnitTestResult executionId="e0091047-425d-4a65-b657-1aa43dffd50e" testId="eab7bf6d-6a6d-aabd-f35c-888b996d6f4a" testName="Enterprise.Shared.Auditing.Tests.Models.ValidationResultTests.Constructor_WithFailure_SetsCorrectValues" computerName="onur-TULPAR-T7-V20-5" duration="00:00:00.0001130" startTime="2025-09-12T08:37:18.8157874+03:00" endTime="2025-09-12T08:37:18.8157875+03:00" testType="13cdc9d9-ddb5-4fa4-a97d-d965ccfc6d4b" outcome="Passed" testListId="8c84fa94-04c1-424b-9868-57a2d4851a1d" relativeResultsDirectory="e0091047-425d-4a65-b657-1aa43dffd50e" />
    <UnitTestResult executionId="f701a748-2bc8-45d0-8099-e2c442cb1cde" testId="892ce8c2-c3bb-2266-a377-84d97bf791ef" testName="Enterprise.Shared.Auditing.Tests.Models.ValidationResultTests.Constructor_WithSuccess_SetsCorrectValues" computerName="onur-TULPAR-T7-V20-5" duration="00:00:00.0071833" startTime="2025-09-12T08:37:18.7883094+03:00" endTime="2025-09-12T08:37:18.7883452+03:00" testType="13cdc9d9-ddb5-4fa4-a97d-d965ccfc6d4b" outcome="Passed" testListId="8c84fa94-04c1-424b-9868-57a2d4851a1d" relativeResultsDirectory="f701a748-2bc8-45d0-8099-e2c442cb1cde" />
    <UnitTestResult executionId="c8929b27-d37a-476d-90c9-42ae924a94c6" testId="8bb21605-680d-c45d-24b1-29b3d4fd8dd5" testName="Enterprise.Shared.Auditing.Tests.Models.AuditEventSimpleTests.Create_WithValidParameters_ReturnsConfiguredEvent" computerName="onur-TULPAR-T7-V20-5" duration="00:00:00.0002051" startTime="2025-09-12T08:37:18.8170339+03:00" endTime="2025-09-12T08:37:18.8170339+03:00" testType="13cdc9d9-ddb5-4fa4-a97d-d965ccfc6d4b" outcome="Passed" testListId="8c84fa94-04c1-424b-9868-57a2d4851a1d" relativeResultsDirectory="c8929b27-d37a-476d-90c9-42ae924a94c6" />
    <UnitTestResult executionId="6bf5d8c8-d49e-4c83-a12b-9b559cbcbf7d" testId="043fd654-a5c8-49d0-ec81-8b8cf9c3ee25" testName="Enterprise.Shared.Auditing.Tests.Models.AuditEventSimpleTests.WithUser_SetsUserProperties" computerName="onur-TULPAR-T7-V20-5" duration="00:00:00.0002504" startTime="2025-09-12T08:37:18.8170576+03:00" endTime="2025-09-12T08:37:18.8170576+03:00" testType="13cdc9d9-ddb5-4fa4-a97d-d965ccfc6d4b" outcome="Passed" testListId="8c84fa94-04c1-424b-9868-57a2d4851a1d" relativeResultsDirectory="6bf5d8c8-d49e-4c83-a12b-9b559cbcbf7d" />
    <UnitTestResult executionId="c001f373-9b5d-41db-bb4f-9278aa106a48" testId="aa030906-38fd-2092-cec0-448b25aaf208" testName="Enterprise.Shared.Auditing.Tests.Services.InMemoryAuditStoreSimpleTests.HealthCheckAsync_WithHealthyStore_ReturnsSuccess" computerName="onur-TULPAR-T7-V20-5" duration="00:00:00.0005474" startTime="2025-09-12T08:37:18.8171322+03:00" endTime="2025-09-12T08:37:18.8171322+03:00" testType="13cdc9d9-ddb5-4fa4-a97d-d965ccfc6d4b" outcome="Passed" testListId="8c84fa94-04c1-424b-9868-57a2d4851a1d" relativeResultsDirectory="c001f373-9b5d-41db-bb4f-9278aa106a48" />
    <UnitTestResult executionId="83994391-b39e-41c9-b623-b357db988e21" testId="a071813a-706a-d60a-ea8a-0bdeea9e61b9" testName="Enterprise.Shared.Auditing.Tests.Models.AuditEventSimpleTests.WithHttpContext_SetsHttpContextProperties" computerName="onur-TULPAR-T7-V20-5" duration="00:00:00.0003276" startTime="2025-09-12T08:37:18.8195721+03:00" endTime="2025-09-12T08:37:18.8195722+03:00" testType="13cdc9d9-ddb5-4fa4-a97d-d965ccfc6d4b" outcome="Passed" testListId="8c84fa94-04c1-424b-9868-57a2d4851a1d" relativeResultsDirectory="83994391-b39e-41c9-b623-b357db988e21" />
  </Results>
  <TestDefinitions>
    <UnitTest name="Enterprise.Shared.Auditing.Tests.Services.InMemoryAuditStoreSimpleTests.GetEventAsync_WithExistingId_ReturnsEvent" storage="/home/onur/desktop/platformv1/src/shared/enterprise.shared.auditing.tests/bin/debug/net8.0/enterprise.shared.auditing.tests.dll" id="006fc6bf-8ac2-2338-8302-7b760e5b8337">
      <Execution id="868beb4c-d47d-4c98-96f9-dc4479a004d2" />
      <TestMethod codeBase="/home/onur/Desktop/PlatformV1/src/Shared/Enterprise.Shared.Auditing.Tests/bin/Debug/net8.0/Enterprise.Shared.Auditing.Tests.dll" adapterTypeName="executor://xunit/VsTestRunner2/netcoreapp" className="Enterprise.Shared.Auditing.Tests.Services.InMemoryAuditStoreSimpleTests" name="GetEventAsync_WithExistingId_ReturnsEvent" />
    </UnitTest>
    <UnitTest name="Enterprise.Shared.Auditing.Tests.Services.InMemoryAuditStoreSimpleTests.QueryEventsAsync_WithSorting_ReturnsSortedResults" storage="/home/onur/desktop/platformv1/src/shared/enterprise.shared.auditing.tests/bin/debug/net8.0/enterprise.shared.auditing.tests.dll" id="e2a3558c-55a8-e942-5627-563abe02b662">
      <Execution id="ba88dfe0-7146-44a1-bb87-3936ab112b6a" />
      <TestMethod codeBase="/home/onur/Desktop/PlatformV1/src/Shared/Enterprise.Shared.Auditing.Tests/bin/Debug/net8.0/Enterprise.Shared.Auditing.Tests.dll" adapterTypeName="executor://xunit/VsTestRunner2/netcoreapp" className="Enterprise.Shared.Auditing.Tests.Services.InMemoryAuditStoreSimpleTests" name="QueryEventsAsync_WithSorting_ReturnsSortedResults" />
    </UnitTest>
    <UnitTest name="Enterprise.Shared.Auditing.Tests.Models.ValidationResultTests.Failure_WithMessage_ReturnsFailedResult" storage="/home/onur/desktop/platformv1/src/shared/enterprise.shared.auditing.tests/bin/debug/net8.0/enterprise.shared.auditing.tests.dll" id="7d7f23f0-16aa-a751-4837-a88f5f9da51b">
      <Execution id="baa38f89-f92a-45c3-9e87-ceb7a9f34b42" />
      <TestMethod codeBase="/home/onur/Desktop/PlatformV1/src/Shared/Enterprise.Shared.Auditing.Tests/bin/Debug/net8.0/Enterprise.Shared.Auditing.Tests.dll" adapterTypeName="executor://xunit/VsTestRunner2/netcoreapp" className="Enterprise.Shared.Auditing.Tests.Models.ValidationResultTests" name="Failure_WithMessage_ReturnsFailedResult" />
    </UnitTest>
    <UnitTest name="Enterprise.Shared.Auditing.Tests.Models.SecurityAuditEventSimpleTests.WithRisk_SetIsAlertBasedOnThreshold(riskScore: 50, expectedAlert: False)" storage="/home/onur/desktop/platformv1/src/shared/enterprise.shared.auditing.tests/bin/debug/net8.0/enterprise.shared.auditing.tests.dll" id="55dbbe83-9ad7-9ff5-141e-e8b63a99705f">
      <Execution id="a791c843-6962-4492-9f01-24c62ad1293d" />
      <TestMethod codeBase="/home/onur/Desktop/PlatformV1/src/Shared/Enterprise.Shared.Auditing.Tests/bin/Debug/net8.0/Enterprise.Shared.Auditing.Tests.dll" adapterTypeName="executor://xunit/VsTestRunner2/netcoreapp" className="Enterprise.Shared.Auditing.Tests.Models.SecurityAuditEventSimpleTests" name="WithRisk_SetIsAlertBasedOnThreshold" />
    </UnitTest>
    <UnitTest name="Enterprise.Shared.Auditing.Tests.Models.SecurityAuditEventSimpleTests.WithRisk_SetIsAlertBasedOnThreshold(riskScore: 100, expectedAlert: True)" storage="/home/onur/desktop/platformv1/src/shared/enterprise.shared.auditing.tests/bin/debug/net8.0/enterprise.shared.auditing.tests.dll" id="fe81ca39-7ff9-c8f7-327e-f838b849bf45">
      <Execution id="7a21c4df-87f2-43fd-a632-e29015b95883" />
      <TestMethod codeBase="/home/onur/Desktop/PlatformV1/src/Shared/Enterprise.Shared.Auditing.Tests/bin/Debug/net8.0/Enterprise.Shared.Auditing.Tests.dll" adapterTypeName="executor://xunit/VsTestRunner2/netcoreapp" className="Enterprise.Shared.Auditing.Tests.Models.SecurityAuditEventSimpleTests" name="WithRisk_SetIsAlertBasedOnThreshold" />
    </UnitTest>
    <UnitTest name="Enterprise.Shared.Auditing.Tests.Models.SecurityAuditEventSimpleTests.Create_WithDifferentEventTypes_SetsCorrectType(eventType: Authentication)" storage="/home/onur/desktop/platformv1/src/shared/enterprise.shared.auditing.tests/bin/debug/net8.0/enterprise.shared.auditing.tests.dll" id="b021b8bf-94f8-8cd0-effc-fc080e5da295">
      <Execution id="fd0d95bb-8e8d-43a7-ad00-0f3043a18c09" />
      <TestMethod codeBase="/home/onur/Desktop/PlatformV1/src/Shared/Enterprise.Shared.Auditing.Tests/bin/Debug/net8.0/Enterprise.Shared.Auditing.Tests.dll" adapterTypeName="executor://xunit/VsTestRunner2/netcoreapp" className="Enterprise.Shared.Auditing.Tests.Models.SecurityAuditEventSimpleTests" name="Create_WithDifferentEventTypes_SetsCorrectType" />
    </UnitTest>
    <UnitTest name="Enterprise.Shared.Auditing.Tests.HealthChecks.AuditHealthCheckSimpleTests.CheckHealthAsync_WhenServiceTestFails_ReturnsUnhealthy" storage="/home/onur/desktop/platformv1/src/shared/enterprise.shared.auditing.tests/bin/debug/net8.0/enterprise.shared.auditing.tests.dll" id="746957b1-64b5-6f49-8865-77ec9c46b43c">
      <Execution id="5075093d-23f8-4c5d-952a-85c0052ae211" />
      <TestMethod codeBase="/home/onur/Desktop/PlatformV1/src/Shared/Enterprise.Shared.Auditing.Tests/bin/Debug/net8.0/Enterprise.Shared.Auditing.Tests.dll" adapterTypeName="executor://xunit/VsTestRunner2/netcoreapp" className="Enterprise.Shared.Auditing.Tests.HealthChecks.AuditHealthCheckSimpleTests" name="CheckHealthAsync_WhenServiceTestFails_ReturnsUnhealthy" />
    </UnitTest>
    <UnitTest name="Enterprise.Shared.Auditing.Tests.Services.AuditServiceSimpleTests.SearchEventsAsync_WithValidCriteria_ReturnsResults" storage="/home/onur/desktop/platformv1/src/shared/enterprise.shared.auditing.tests/bin/debug/net8.0/enterprise.shared.auditing.tests.dll" id="92d348cb-a0cf-de03-a4ca-0c3074026d8c">
      <Execution id="db8287e9-5011-41c2-b561-ac54a10f7d21" />
      <TestMethod codeBase="/home/onur/Desktop/PlatformV1/src/Shared/Enterprise.Shared.Auditing.Tests/bin/Debug/net8.0/Enterprise.Shared.Auditing.Tests.dll" adapterTypeName="executor://xunit/VsTestRunner2/netcoreapp" className="Enterprise.Shared.Auditing.Tests.Services.AuditServiceSimpleTests" name="SearchEventsAsync_WithValidCriteria_ReturnsResults" />
    </UnitTest>
    <UnitTest name="Enterprise.Shared.Auditing.Tests.Models.AuditEventSimpleTests.WithCorrelation_SetsCorrelationId" storage="/home/onur/desktop/platformv1/src/shared/enterprise.shared.auditing.tests/bin/debug/net8.0/enterprise.shared.auditing.tests.dll" id="9d0e2bef-0ef6-d425-e0bf-71aa22d99fe1">
      <Execution id="6192b2f8-efc5-4b3d-aeb3-65cfdea5cbec" />
      <TestMethod codeBase="/home/onur/Desktop/PlatformV1/src/Shared/Enterprise.Shared.Auditing.Tests/bin/Debug/net8.0/Enterprise.Shared.Auditing.Tests.dll" adapterTypeName="executor://xunit/VsTestRunner2/netcoreapp" className="Enterprise.Shared.Auditing.Tests.Models.AuditEventSimpleTests" name="WithCorrelation_SetsCorrelationId" />
    </UnitTest>
    <UnitTest name="Enterprise.Shared.Auditing.Tests.Models.SecurityAuditEventSimpleTests.WithRisk_SetIsAlertBasedOnThreshold(riskScore: 0, expectedAlert: False)" storage="/home/onur/desktop/platformv1/src/shared/enterprise.shared.auditing.tests/bin/debug/net8.0/enterprise.shared.auditing.tests.dll" id="68dbc2c6-398b-ae19-ce9f-587c69a19e83">
      <Execution id="2cd445ec-2b56-470c-a271-1141ac2bdd55" />
      <TestMethod codeBase="/home/onur/Desktop/PlatformV1/src/Shared/Enterprise.Shared.Auditing.Tests/bin/Debug/net8.0/Enterprise.Shared.Auditing.Tests.dll" adapterTypeName="executor://xunit/VsTestRunner2/netcoreapp" className="Enterprise.Shared.Auditing.Tests.Models.SecurityAuditEventSimpleTests" name="WithRisk_SetIsAlertBasedOnThreshold" />
    </UnitTest>
    <UnitTest name="Enterprise.Shared.Auditing.Tests.Services.InMemoryAuditStoreSimpleTests.HealthCheckAsync_WithHealthyStore_ReturnsSuccess" storage="/home/onur/desktop/platformv1/src/shared/enterprise.shared.auditing.tests/bin/debug/net8.0/enterprise.shared.auditing.tests.dll" id="aa030906-38fd-2092-cec0-448b25aaf208">
      <Execution id="c001f373-9b5d-41db-bb4f-9278aa106a48" />
      <TestMethod codeBase="/home/onur/Desktop/PlatformV1/src/Shared/Enterprise.Shared.Auditing.Tests/bin/Debug/net8.0/Enterprise.Shared.Auditing.Tests.dll" adapterTypeName="executor://xunit/VsTestRunner2/netcoreapp" className="Enterprise.Shared.Auditing.Tests.Services.InMemoryAuditStoreSimpleTests" name="HealthCheckAsync_WithHealthyStore_ReturnsSuccess" />
    </UnitTest>
    <UnitTest name="Enterprise.Shared.Auditing.Tests.Models.SecurityAuditEventSimpleTests.FactoryMethod_CreateSuccessfulLogin_SetsCorrectProperties" storage="/home/onur/desktop/platformv1/src/shared/enterprise.shared.auditing.tests/bin/debug/net8.0/enterprise.shared.auditing.tests.dll" id="7bb366b8-2eed-e56f-7ac0-0511636cb3bf">
      <Execution id="9e826417-aa52-4656-a687-6895eaaeddb3" />
      <TestMethod codeBase="/home/onur/Desktop/PlatformV1/src/Shared/Enterprise.Shared.Auditing.Tests/bin/Debug/net8.0/Enterprise.Shared.Auditing.Tests.dll" adapterTypeName="executor://xunit/VsTestRunner2/netcoreapp" className="Enterprise.Shared.Auditing.Tests.Models.SecurityAuditEventSimpleTests" name="FactoryMethod_CreateSuccessfulLogin_SetsCorrectProperties" />
    </UnitTest>
    <UnitTest name="Enterprise.Shared.Auditing.Tests.Models.SecurityAuditEventSimpleTests.WithAuthorization_SetsAuthorizationProperties" storage="/home/onur/desktop/platformv1/src/shared/enterprise.shared.auditing.tests/bin/debug/net8.0/enterprise.shared.auditing.tests.dll" id="c46c55dd-cf3f-ba1f-b6d7-c83499745af9">
      <Execution id="9263bed2-169f-43de-9250-203509f9618e" />
      <TestMethod codeBase="/home/onur/Desktop/PlatformV1/src/Shared/Enterprise.Shared.Auditing.Tests/bin/Debug/net8.0/Enterprise.Shared.Auditing.Tests.dll" adapterTypeName="executor://xunit/VsTestRunner2/netcoreapp" className="Enterprise.Shared.Auditing.Tests.Models.SecurityAuditEventSimpleTests" name="WithAuthorization_SetsAuthorizationProperties" />
    </UnitTest>
    <UnitTest name="Enterprise.Shared.Auditing.Tests.HealthChecks.AuditHealthCheckSimpleTests.CheckHealthAsync_WhenAuditingDisabled_ReturnsHealthy" storage="/home/onur/desktop/platformv1/src/shared/enterprise.shared.auditing.tests/bin/debug/net8.0/enterprise.shared.auditing.tests.dll" id="8754c9d7-ca62-f970-014d-3e6f754734a1">
      <Execution id="b56c56cb-7d93-4d44-a2ff-8026ede75a91" />
      <TestMethod codeBase="/home/onur/Desktop/PlatformV1/src/Shared/Enterprise.Shared.Auditing.Tests/bin/Debug/net8.0/Enterprise.Shared.Auditing.Tests.dll" adapterTypeName="executor://xunit/VsTestRunner2/netcoreapp" className="Enterprise.Shared.Auditing.Tests.HealthChecks.AuditHealthCheckSimpleTests" name="CheckHealthAsync_WhenAuditingDisabled_ReturnsHealthy" />
    </UnitTest>
    <UnitTest name="Enterprise.Shared.Auditing.Tests.Models.AuditEventSimpleTests.Create_WithValidParameters_ReturnsConfiguredEvent" storage="/home/onur/desktop/platformv1/src/shared/enterprise.shared.auditing.tests/bin/debug/net8.0/enterprise.shared.auditing.tests.dll" id="8bb21605-680d-c45d-24b1-29b3d4fd8dd5">
      <Execution id="c8929b27-d37a-476d-90c9-42ae924a94c6" />
      <TestMethod codeBase="/home/onur/Desktop/PlatformV1/src/Shared/Enterprise.Shared.Auditing.Tests/bin/Debug/net8.0/Enterprise.Shared.Auditing.Tests.dll" adapterTypeName="executor://xunit/VsTestRunner2/netcoreapp" className="Enterprise.Shared.Auditing.Tests.Models.AuditEventSimpleTests" name="Create_WithValidParameters_ReturnsConfiguredEvent" />
    </UnitTest>
    <UnitTest name="Enterprise.Shared.Auditing.Tests.Models.AuditEventSimpleTests.WithUser_SetsUserProperties" storage="/home/onur/desktop/platformv1/src/shared/enterprise.shared.auditing.tests/bin/debug/net8.0/enterprise.shared.auditing.tests.dll" id="043fd654-a5c8-49d0-ec81-8b8cf9c3ee25">
      <Execution id="6bf5d8c8-d49e-4c83-a12b-9b559cbcbf7d" />
      <TestMethod codeBase="/home/onur/Desktop/PlatformV1/src/Shared/Enterprise.Shared.Auditing.Tests/bin/Debug/net8.0/Enterprise.Shared.Auditing.Tests.dll" adapterTypeName="executor://xunit/VsTestRunner2/netcoreapp" className="Enterprise.Shared.Auditing.Tests.Models.AuditEventSimpleTests" name="WithUser_SetsUserProperties" />
    </UnitTest>
    <UnitTest name="Enterprise.Shared.Auditing.Tests.Models.ValidationResultTests.Constructor_WithSuccess_SetsCorrectValues" storage="/home/onur/desktop/platformv1/src/shared/enterprise.shared.auditing.tests/bin/debug/net8.0/enterprise.shared.auditing.tests.dll" id="892ce8c2-c3bb-2266-a377-84d97bf791ef">
      <Execution id="f701a748-2bc8-45d0-8099-e2c442cb1cde" />
      <TestMethod codeBase="/home/onur/Desktop/PlatformV1/src/Shared/Enterprise.Shared.Auditing.Tests/bin/Debug/net8.0/Enterprise.Shared.Auditing.Tests.dll" adapterTypeName="executor://xunit/VsTestRunner2/netcoreapp" className="Enterprise.Shared.Auditing.Tests.Models.ValidationResultTests" name="Constructor_WithSuccess_SetsCorrectValues" />
    </UnitTest>
    <UnitTest name="Enterprise.Shared.Auditing.Tests.Services.AuditServiceSimpleTests.GetEventAsync_WithValidId_ReturnsEvent" storage="/home/onur/desktop/platformv1/src/shared/enterprise.shared.auditing.tests/bin/debug/net8.0/enterprise.shared.auditing.tests.dll" id="6447034d-edb1-678f-b099-672ed12a7605">
      <Execution id="5961311b-96e1-44f6-8c29-ed3f09f320b1" />
      <TestMethod codeBase="/home/onur/Desktop/PlatformV1/src/Shared/Enterprise.Shared.Auditing.Tests/bin/Debug/net8.0/Enterprise.Shared.Auditing.Tests.dll" adapterTypeName="executor://xunit/VsTestRunner2/netcoreapp" className="Enterprise.Shared.Auditing.Tests.Services.AuditServiceSimpleTests" name="GetEventAsync_WithValidId_ReturnsEvent" />
    </UnitTest>
    <UnitTest name="Enterprise.Shared.Auditing.Tests.Models.ValidationResultTests.Constructor_WithFailure_SetsCorrectValues" storage="/home/onur/desktop/platformv1/src/shared/enterprise.shared.auditing.tests/bin/debug/net8.0/enterprise.shared.auditing.tests.dll" id="eab7bf6d-6a6d-aabd-f35c-888b996d6f4a">
      <Execution id="e0091047-425d-4a65-b657-1aa43dffd50e" />
      <TestMethod codeBase="/home/onur/Desktop/PlatformV1/src/Shared/Enterprise.Shared.Auditing.Tests/bin/Debug/net8.0/Enterprise.Shared.Auditing.Tests.dll" adapterTypeName="executor://xunit/VsTestRunner2/netcoreapp" className="Enterprise.Shared.Auditing.Tests.Models.ValidationResultTests" name="Constructor_WithFailure_SetsCorrectValues" />
    </UnitTest>
    <UnitTest name="Enterprise.Shared.Auditing.Tests.Services.AuditServiceSimpleTests.GetEventAsync_WithEmptyId_ReturnsNull" storage="/home/onur/desktop/platformv1/src/shared/enterprise.shared.auditing.tests/bin/debug/net8.0/enterprise.shared.auditing.tests.dll" id="e3fa2a54-b952-607d-b737-34af95ccaf48">
      <Execution id="a6b088b3-c2ff-4bd9-90b1-99c7a377cdb8" />
      <TestMethod codeBase="/home/onur/Desktop/PlatformV1/src/Shared/Enterprise.Shared.Auditing.Tests/bin/Debug/net8.0/Enterprise.Shared.Auditing.Tests.dll" adapterTypeName="executor://xunit/VsTestRunner2/netcoreapp" className="Enterprise.Shared.Auditing.Tests.Services.AuditServiceSimpleTests" name="GetEventAsync_WithEmptyId_ReturnsNull" />
    </UnitTest>
    <UnitTest name="Enterprise.Shared.Auditing.Tests.Models.SecurityAuditEventSimpleTests.WithRisk_SetsRiskProperties" storage="/home/onur/desktop/platformv1/src/shared/enterprise.shared.auditing.tests/bin/debug/net8.0/enterprise.shared.auditing.tests.dll" id="3d836c61-9ce9-2045-0f15-ec0c88f9e269">
      <Execution id="df109f7f-eb40-4eaa-bf05-7e8c89f55761" />
      <TestMethod codeBase="/home/onur/Desktop/PlatformV1/src/Shared/Enterprise.Shared.Auditing.Tests/bin/Debug/net8.0/Enterprise.Shared.Auditing.Tests.dll" adapterTypeName="executor://xunit/VsTestRunner2/netcoreapp" className="Enterprise.Shared.Auditing.Tests.Models.SecurityAuditEventSimpleTests" name="WithRisk_SetsRiskProperties" />
    </UnitTest>
    <UnitTest name="Enterprise.Shared.Auditing.Tests.Services.AuditServiceSimpleTests.LogSecurityEventAsync_WithValidEvent_StoresEventSuccessfully" storage="/home/onur/desktop/platformv1/src/shared/enterprise.shared.auditing.tests/bin/debug/net8.0/enterprise.shared.auditing.tests.dll" id="4ebd8889-f49a-6c66-dc50-e03f8e1f8b45">
      <Execution id="12e00ef3-3b5d-497e-afe9-65ae503fbff9" />
      <TestMethod codeBase="/home/onur/Desktop/PlatformV1/src/Shared/Enterprise.Shared.Auditing.Tests/bin/Debug/net8.0/Enterprise.Shared.Auditing.Tests.dll" adapterTypeName="executor://xunit/VsTestRunner2/netcoreapp" className="Enterprise.Shared.Auditing.Tests.Services.AuditServiceSimpleTests" name="LogSecurityEventAsync_WithValidEvent_StoresEventSuccessfully" />
    </UnitTest>
    <UnitTest name="Enterprise.Shared.Auditing.Tests.Models.AuditEventSimpleTests.WithHttpContext_SetsHttpContextProperties" storage="/home/onur/desktop/platformv1/src/shared/enterprise.shared.auditing.tests/bin/debug/net8.0/enterprise.shared.auditing.tests.dll" id="a071813a-706a-d60a-ea8a-0bdeea9e61b9">
      <Execution id="83994391-b39e-41c9-b623-b357db988e21" />
      <TestMethod codeBase="/home/onur/Desktop/PlatformV1/src/Shared/Enterprise.Shared.Auditing.Tests/bin/Debug/net8.0/Enterprise.Shared.Auditing.Tests.dll" adapterTypeName="executor://xunit/VsTestRunner2/netcoreapp" className="Enterprise.Shared.Auditing.Tests.Models.AuditEventSimpleTests" name="WithHttpContext_SetsHttpContextProperties" />
    </UnitTest>
    <UnitTest name="Enterprise.Shared.Auditing.Tests.Models.SecurityAuditEventSimpleTests.Create_WithDifferentEventTypes_SetsCorrectType(eventType: Authorization)" storage="/home/onur/desktop/platformv1/src/shared/enterprise.shared.auditing.tests/bin/debug/net8.0/enterprise.shared.auditing.tests.dll" id="da64ea37-950e-b681-e202-8667d4c254e6">
      <Execution id="2112234f-3efa-4b25-93f2-9ad07aa77e2e" />
      <TestMethod codeBase="/home/onur/Desktop/PlatformV1/src/Shared/Enterprise.Shared.Auditing.Tests/bin/Debug/net8.0/Enterprise.Shared.Auditing.Tests.dll" adapterTypeName="executor://xunit/VsTestRunner2/netcoreapp" className="Enterprise.Shared.Auditing.Tests.Models.SecurityAuditEventSimpleTests" name="Create_WithDifferentEventTypes_SetsCorrectType" />
    </UnitTest>
    <UnitTest name="Enterprise.Shared.Auditing.Tests.Models.AuditEventSimpleTests.Properties_CanBeModifiedDirectly" storage="/home/onur/desktop/platformv1/src/shared/enterprise.shared.auditing.tests/bin/debug/net8.0/enterprise.shared.auditing.tests.dll" id="04d143ea-cb2a-c7bf-b067-c9eec5e8a4a5">
      <Execution id="a28575c6-f53e-4811-b9ee-cf3506097792" />
      <TestMethod codeBase="/home/onur/Desktop/PlatformV1/src/Shared/Enterprise.Shared.Auditing.Tests/bin/Debug/net8.0/Enterprise.Shared.Auditing.Tests.dll" adapterTypeName="executor://xunit/VsTestRunner2/netcoreapp" className="Enterprise.Shared.Auditing.Tests.Models.AuditEventSimpleTests" name="Properties_CanBeModifiedDirectly" />
    </UnitTest>
    <UnitTest name="Enterprise.Shared.Auditing.Tests.Services.AuditServiceSimpleTests.LogEventAsync_WithNullEvent_ReturnsFailure" storage="/home/onur/desktop/platformv1/src/shared/enterprise.shared.auditing.tests/bin/debug/net8.0/enterprise.shared.auditing.tests.dll" id="e3770ee4-7ecc-87a5-1fdc-ddaa3d786639">
      <Execution id="94777092-7d5a-417f-bb8a-3477be90df28" />
      <TestMethod codeBase="/home/onur/Desktop/PlatformV1/src/Shared/Enterprise.Shared.Auditing.Tests/bin/Debug/net8.0/Enterprise.Shared.Auditing.Tests.dll" adapterTypeName="executor://xunit/VsTestRunner2/netcoreapp" className="Enterprise.Shared.Auditing.Tests.Services.AuditServiceSimpleTests" name="LogEventAsync_WithNullEvent_ReturnsFailure" />
    </UnitTest>
    <UnitTest name="Enterprise.Shared.Auditing.Tests.Models.ValidationResultTests.Success_ReturnsSuccessfulResult" storage="/home/onur/desktop/platformv1/src/shared/enterprise.shared.auditing.tests/bin/debug/net8.0/enterprise.shared.auditing.tests.dll" id="ffde4746-c342-1c7f-7179-4122004fc211">
      <Execution id="b06c9b56-4f16-44b6-8fbd-5b5e746651df" />
      <TestMethod codeBase="/home/onur/Desktop/PlatformV1/src/Shared/Enterprise.Shared.Auditing.Tests/bin/Debug/net8.0/Enterprise.Shared.Auditing.Tests.dll" adapterTypeName="executor://xunit/VsTestRunner2/netcoreapp" className="Enterprise.Shared.Auditing.Tests.Models.ValidationResultTests" name="Success_ReturnsSuccessfulResult" />
    </UnitTest>
    <UnitTest name="Enterprise.Shared.Auditing.Tests.Services.InMemoryAuditStoreSimpleTests.StoreEventAsync_WithValidEvent_StoresSuccessfully" storage="/home/onur/desktop/platformv1/src/shared/enterprise.shared.auditing.tests/bin/debug/net8.0/enterprise.shared.auditing.tests.dll" id="04ac4824-f947-b72d-c120-990f4c114093">
      <Execution id="e3afd598-0e2d-458e-a10f-f99714f48d27" />
      <TestMethod codeBase="/home/onur/Desktop/PlatformV1/src/Shared/Enterprise.Shared.Auditing.Tests/bin/Debug/net8.0/Enterprise.Shared.Auditing.Tests.dll" adapterTypeName="executor://xunit/VsTestRunner2/netcoreapp" className="Enterprise.Shared.Auditing.Tests.Services.InMemoryAuditStoreSimpleTests" name="StoreEventAsync_WithValidEvent_StoresSuccessfully" />
    </UnitTest>
    <UnitTest name="Enterprise.Shared.Auditing.Tests.Services.AuditServiceSimpleTests.LogEventAsync_WhenDisabled_ReturnsSuccessWithoutStoring" storage="/home/onur/desktop/platformv1/src/shared/enterprise.shared.auditing.tests/bin/debug/net8.0/enterprise.shared.auditing.tests.dll" id="b938de1e-62e3-b21a-e545-a501f8c2033d">
      <Execution id="06cce778-00aa-4e5b-bba4-ebca13195d74" />
      <TestMethod codeBase="/home/onur/Desktop/PlatformV1/src/Shared/Enterprise.Shared.Auditing.Tests/bin/Debug/net8.0/Enterprise.Shared.Auditing.Tests.dll" adapterTypeName="executor://xunit/VsTestRunner2/netcoreapp" className="Enterprise.Shared.Auditing.Tests.Services.AuditServiceSimpleTests" name="LogEventAsync_WhenDisabled_ReturnsSuccessWithoutStoring" />
    </UnitTest>
    <UnitTest name="Enterprise.Shared.Auditing.Tests.Models.SecurityAuditEventSimpleTests.Create_WithDifferentEventTypes_SetsCorrectType(eventType: AccountManagement)" storage="/home/onur/desktop/platformv1/src/shared/enterprise.shared.auditing.tests/bin/debug/net8.0/enterprise.shared.auditing.tests.dll" id="97bd0b96-0566-4935-2820-9c3ae961b451">
      <Execution id="fe1a9954-e92a-46b5-90aa-56289d5071bf" />
      <TestMethod codeBase="/home/onur/Desktop/PlatformV1/src/Shared/Enterprise.Shared.Auditing.Tests/bin/Debug/net8.0/Enterprise.Shared.Auditing.Tests.dll" adapterTypeName="executor://xunit/VsTestRunner2/netcoreapp" className="Enterprise.Shared.Auditing.Tests.Models.SecurityAuditEventSimpleTests" name="Create_WithDifferentEventTypes_SetsCorrectType" />
    </UnitTest>
    <UnitTest name="Enterprise.Shared.Auditing.Tests.Models.SecurityAuditEventSimpleTests.WithRisk_SetIsAlertBasedOnThreshold(riskScore: 75, expectedAlert: True)" storage="/home/onur/desktop/platformv1/src/shared/enterprise.shared.auditing.tests/bin/debug/net8.0/enterprise.shared.auditing.tests.dll" id="a009cc9d-c191-1c67-5b7a-4c0069e2c174">
      <Execution id="90de9b15-a301-4482-a4ce-ea077155b87e" />
      <TestMethod codeBase="/home/onur/Desktop/PlatformV1/src/Shared/Enterprise.Shared.Auditing.Tests/bin/Debug/net8.0/Enterprise.Shared.Auditing.Tests.dll" adapterTypeName="executor://xunit/VsTestRunner2/netcoreapp" className="Enterprise.Shared.Auditing.Tests.Models.SecurityAuditEventSimpleTests" name="WithRisk_SetIsAlertBasedOnThreshold" />
    </UnitTest>
    <UnitTest name="Enterprise.Shared.Auditing.Tests.HealthChecks.AuditHealthCheckSimpleTests.CheckHealthAsync_WhenUnexpectedException_ReturnsUnhealthy" storage="/home/onur/desktop/platformv1/src/shared/enterprise.shared.auditing.tests/bin/debug/net8.0/enterprise.shared.auditing.tests.dll" id="def99c85-08e3-422b-c8ab-ed53d14d0bf1">
      <Execution id="3edbf9f4-186a-47ae-8cbc-43184df39f6b" />
      <TestMethod codeBase="/home/onur/Desktop/PlatformV1/src/Shared/Enterprise.Shared.Auditing.Tests/bin/Debug/net8.0/Enterprise.Shared.Auditing.Tests.dll" adapterTypeName="executor://xunit/VsTestRunner2/netcoreapp" className="Enterprise.Shared.Auditing.Tests.HealthChecks.AuditHealthCheckSimpleTests" name="CheckHealthAsync_WhenUnexpectedException_ReturnsUnhealthy" />
    </UnitTest>
    <UnitTest name="Enterprise.Shared.Auditing.Tests.Models.AuditEventSimpleTests.Create_WithDefaultResult_SetsSuccessResult" storage="/home/onur/desktop/platformv1/src/shared/enterprise.shared.auditing.tests/bin/debug/net8.0/enterprise.shared.auditing.tests.dll" id="eacbafcc-c655-16f6-d3f0-bd3df89de6f4">
      <Execution id="753204f4-f17a-4c37-902b-8a35dcd84cae" />
      <TestMethod codeBase="/home/onur/Desktop/PlatformV1/src/Shared/Enterprise.Shared.Auditing.Tests/bin/Debug/net8.0/Enterprise.Shared.Auditing.Tests.dll" adapterTypeName="executor://xunit/VsTestRunner2/netcoreapp" className="Enterprise.Shared.Auditing.Tests.Models.AuditEventSimpleTests" name="Create_WithDefaultResult_SetsSuccessResult" />
    </UnitTest>
    <UnitTest name="Enterprise.Shared.Auditing.Tests.Services.InMemoryAuditStoreSimpleTests.QueryEventsAsync_WithNoFilters_ReturnsAllEvents" storage="/home/onur/desktop/platformv1/src/shared/enterprise.shared.auditing.tests/bin/debug/net8.0/enterprise.shared.auditing.tests.dll" id="b78da184-ca29-0bea-87df-7b04a8f0e1c6">
      <Execution id="48fbd8bc-07ed-40f9-8cc3-e91b898764bd" />
      <TestMethod codeBase="/home/onur/Desktop/PlatformV1/src/Shared/Enterprise.Shared.Auditing.Tests/bin/Debug/net8.0/Enterprise.Shared.Auditing.Tests.dll" adapterTypeName="executor://xunit/VsTestRunner2/netcoreapp" className="Enterprise.Shared.Auditing.Tests.Services.InMemoryAuditStoreSimpleTests" name="QueryEventsAsync_WithNoFilters_ReturnsAllEvents" />
    </UnitTest>
    <UnitTest name="Enterprise.Shared.Auditing.Tests.Models.SecurityAuditEventSimpleTests.Create_WithDifferentEventTypes_SetsCorrectType(eventType: DataAccess)" storage="/home/onur/desktop/platformv1/src/shared/enterprise.shared.auditing.tests/bin/debug/net8.0/enterprise.shared.auditing.tests.dll" id="b449cdab-37ae-8856-bdf2-36135e89288f">
      <Execution id="b43c2a60-5b88-4999-aec5-9fdac1f1070c" />
      <TestMethod codeBase="/home/onur/Desktop/PlatformV1/src/Shared/Enterprise.Shared.Auditing.Tests/bin/Debug/net8.0/Enterprise.Shared.Auditing.Tests.dll" adapterTypeName="executor://xunit/VsTestRunner2/netcoreapp" className="Enterprise.Shared.Auditing.Tests.Models.SecurityAuditEventSimpleTests" name="Create_WithDifferentEventTypes_SetsCorrectType" />
    </UnitTest>
    <UnitTest name="Enterprise.Shared.Auditing.Tests.Models.SecurityAuditEventSimpleTests.WithRisk_SetIsAlertBasedOnThreshold(riskScore: 74, expectedAlert: False)" storage="/home/onur/desktop/platformv1/src/shared/enterprise.shared.auditing.tests/bin/debug/net8.0/enterprise.shared.auditing.tests.dll" id="cdf250c9-d02a-15b3-16df-7a2e6fd05961">
      <Execution id="7ef6042c-bf0f-4d76-a67f-a3839e1b3391" />
      <TestMethod codeBase="/home/onur/Desktop/PlatformV1/src/Shared/Enterprise.Shared.Auditing.Tests/bin/Debug/net8.0/Enterprise.Shared.Auditing.Tests.dll" adapterTypeName="executor://xunit/VsTestRunner2/netcoreapp" className="Enterprise.Shared.Auditing.Tests.Models.SecurityAuditEventSimpleTests" name="WithRisk_SetIsAlertBasedOnThreshold" />
    </UnitTest>
    <UnitTest name="Enterprise.Shared.Auditing.Tests.Models.AuditEventSimpleTests.WithMetadata_SerializesMetadataToString" storage="/home/onur/desktop/platformv1/src/shared/enterprise.shared.auditing.tests/bin/debug/net8.0/enterprise.shared.auditing.tests.dll" id="e4546f55-81ec-80e6-57d8-b37ee6d6c815">
      <Execution id="6a1b1074-3277-4a83-942c-01cf838e093e" />
      <TestMethod codeBase="/home/onur/Desktop/PlatformV1/src/Shared/Enterprise.Shared.Auditing.Tests/bin/Debug/net8.0/Enterprise.Shared.Auditing.Tests.dll" adapterTypeName="executor://xunit/VsTestRunner2/netcoreapp" className="Enterprise.Shared.Auditing.Tests.Models.AuditEventSimpleTests" name="WithMetadata_SerializesMetadataToString" />
    </UnitTest>
    <UnitTest name="Enterprise.Shared.Auditing.Tests.HealthChecks.AuditHealthCheckSimpleTests.CheckHealthAsync_WhenStoreHealthCheckFails_ReturnsDegraded" storage="/home/onur/desktop/platformv1/src/shared/enterprise.shared.auditing.tests/bin/debug/net8.0/enterprise.shared.auditing.tests.dll" id="1d5f6378-83c3-6752-8284-32db5309f530">
      <Execution id="42a18590-7628-4177-824f-e0847807c207" />
      <TestMethod codeBase="/home/onur/Desktop/PlatformV1/src/Shared/Enterprise.Shared.Auditing.Tests/bin/Debug/net8.0/Enterprise.Shared.Auditing.Tests.dll" adapterTypeName="executor://xunit/VsTestRunner2/netcoreapp" className="Enterprise.Shared.Auditing.Tests.HealthChecks.AuditHealthCheckSimpleTests" name="CheckHealthAsync_WhenStoreHealthCheckFails_ReturnsDegraded" />
    </UnitTest>
    <UnitTest name="Enterprise.Shared.Auditing.Tests.Models.SecurityAuditEventSimpleTests.FactoryMethod_CreateFailedLogin_SetsCorrectProperties" storage="/home/onur/desktop/platformv1/src/shared/enterprise.shared.auditing.tests/bin/debug/net8.0/enterprise.shared.auditing.tests.dll" id="881ba049-d412-4ac7-98d1-1211340ae562">
      <Execution id="f52bdab9-9f47-4668-b431-255eddf7d221" />
      <TestMethod codeBase="/home/onur/Desktop/PlatformV1/src/Shared/Enterprise.Shared.Auditing.Tests/bin/Debug/net8.0/Enterprise.Shared.Auditing.Tests.dll" adapterTypeName="executor://xunit/VsTestRunner2/netcoreapp" className="Enterprise.Shared.Auditing.Tests.Models.SecurityAuditEventSimpleTests" name="FactoryMethod_CreateFailedLogin_SetsCorrectProperties" />
    </UnitTest>
    <UnitTest name="Enterprise.Shared.Auditing.Tests.HealthChecks.AuditHealthCheckSimpleTests.CheckHealthAsync_WhenAllHealthy_ReturnsHealthy" storage="/home/onur/desktop/platformv1/src/shared/enterprise.shared.auditing.tests/bin/debug/net8.0/enterprise.shared.auditing.tests.dll" id="ef1efab7-f0a5-54cc-3e1d-b90e55d8fb25">
      <Execution id="a6f0960f-6f91-4d8e-aedd-c9d76710255e" />
      <TestMethod codeBase="/home/onur/Desktop/PlatformV1/src/Shared/Enterprise.Shared.Auditing.Tests/bin/Debug/net8.0/Enterprise.Shared.Auditing.Tests.dll" adapterTypeName="executor://xunit/VsTestRunner2/netcoreapp" className="Enterprise.Shared.Auditing.Tests.HealthChecks.AuditHealthCheckSimpleTests" name="CheckHealthAsync_WhenAllHealthy_ReturnsHealthy" />
    </UnitTest>
    <UnitTest name="Enterprise.Shared.Auditing.Tests.Services.AuditServiceSimpleTests.LogEventAsync_WithValidEvent_StoresEventSuccessfully" storage="/home/onur/desktop/platformv1/src/shared/enterprise.shared.auditing.tests/bin/debug/net8.0/enterprise.shared.auditing.tests.dll" id="0e34243f-ad7c-0dbf-b995-d8e7774fa91f">
      <Execution id="e229317f-e7b6-4542-8833-8ef002908592" />
      <TestMethod codeBase="/home/onur/Desktop/PlatformV1/src/Shared/Enterprise.Shared.Auditing.Tests/bin/Debug/net8.0/Enterprise.Shared.Auditing.Tests.dll" adapterTypeName="executor://xunit/VsTestRunner2/netcoreapp" className="Enterprise.Shared.Auditing.Tests.Services.AuditServiceSimpleTests" name="LogEventAsync_WithValidEvent_StoresEventSuccessfully" />
    </UnitTest>
    <UnitTest name="Enterprise.Shared.Auditing.Tests.Services.InMemoryAuditStoreSimpleTests.StoreEventAsync_WithNullEvent_ReturnsFailure" storage="/home/onur/desktop/platformv1/src/shared/enterprise.shared.auditing.tests/bin/debug/net8.0/enterprise.shared.auditing.tests.dll" id="78fde34a-4e5d-bc8e-4f05-2d0347e68bd3">
      <Execution id="011373a3-b9bd-4300-931c-91120a8d90e8" />
      <TestMethod codeBase="/home/onur/Desktop/PlatformV1/src/Shared/Enterprise.Shared.Auditing.Tests/bin/Debug/net8.0/Enterprise.Shared.Auditing.Tests.dll" adapterTypeName="executor://xunit/VsTestRunner2/netcoreapp" className="Enterprise.Shared.Auditing.Tests.Services.InMemoryAuditStoreSimpleTests" name="StoreEventAsync_WithNullEvent_ReturnsFailure" />
    </UnitTest>
    <UnitTest name="Enterprise.Shared.Auditing.Tests.Models.AuditEventSimpleTests.Constructor_SetsDefaultValues" storage="/home/onur/desktop/platformv1/src/shared/enterprise.shared.auditing.tests/bin/debug/net8.0/enterprise.shared.auditing.tests.dll" id="8bf22aa1-796e-8e16-f5e8-c167a2a3fded">
      <Execution id="10260f06-bfec-4527-b07f-c043cc13509f" />
      <TestMethod codeBase="/home/onur/Desktop/PlatformV1/src/Shared/Enterprise.Shared.Auditing.Tests/bin/Debug/net8.0/Enterprise.Shared.Auditing.Tests.dll" adapterTypeName="executor://xunit/VsTestRunner2/netcoreapp" className="Enterprise.Shared.Auditing.Tests.Models.AuditEventSimpleTests" name="Constructor_SetsDefaultValues" />
    </UnitTest>
    <UnitTest name="Enterprise.Shared.Auditing.Tests.Models.SecurityAuditEventSimpleTests.WithAuthentication_SetsAuthenticationProperties" storage="/home/onur/desktop/platformv1/src/shared/enterprise.shared.auditing.tests/bin/debug/net8.0/enterprise.shared.auditing.tests.dll" id="e6c67581-99e2-2748-be5d-5095fb00506b">
      <Execution id="18a8c17a-7c0f-4f5e-a7ab-c617764e1704" />
      <TestMethod codeBase="/home/onur/Desktop/PlatformV1/src/Shared/Enterprise.Shared.Auditing.Tests/bin/Debug/net8.0/Enterprise.Shared.Auditing.Tests.dll" adapterTypeName="executor://xunit/VsTestRunner2/netcoreapp" className="Enterprise.Shared.Auditing.Tests.Models.SecurityAuditEventSimpleTests" name="WithAuthentication_SetsAuthenticationProperties" />
    </UnitTest>
    <UnitTest name="Enterprise.Shared.Auditing.Tests.Services.InMemoryAuditStoreSimpleTests.GetEventCountAsync_WithDateRange_ReturnsCorrectCount" storage="/home/onur/desktop/platformv1/src/shared/enterprise.shared.auditing.tests/bin/debug/net8.0/enterprise.shared.auditing.tests.dll" id="63219dba-37d6-9cab-ed0c-a714bdc3b3fb">
      <Execution id="9af4bcee-7a47-4bc1-9792-bb00c2dad0b3" />
      <TestMethod codeBase="/home/onur/Desktop/PlatformV1/src/Shared/Enterprise.Shared.Auditing.Tests/bin/Debug/net8.0/Enterprise.Shared.Auditing.Tests.dll" adapterTypeName="executor://xunit/VsTestRunner2/netcoreapp" className="Enterprise.Shared.Auditing.Tests.Services.InMemoryAuditStoreSimpleTests" name="GetEventCountAsync_WithDateRange_ReturnsCorrectCount" />
    </UnitTest>
    <UnitTest name="Enterprise.Shared.Auditing.Tests.Services.InMemoryAuditStoreSimpleTests.GetEventAsync_WithNonExistingId_ReturnsNull" storage="/home/onur/desktop/platformv1/src/shared/enterprise.shared.auditing.tests/bin/debug/net8.0/enterprise.shared.auditing.tests.dll" id="41efe741-07be-f6b0-1a5c-1369ee711c86">
      <Execution id="b817ff9e-3b38-4413-b4b8-a244b45dde3d" />
      <TestMethod codeBase="/home/onur/Desktop/PlatformV1/src/Shared/Enterprise.Shared.Auditing.Tests/bin/Debug/net8.0/Enterprise.Shared.Auditing.Tests.dll" adapterTypeName="executor://xunit/VsTestRunner2/netcoreapp" className="Enterprise.Shared.Auditing.Tests.Services.InMemoryAuditStoreSimpleTests" name="GetEventAsync_WithNonExistingId_ReturnsNull" />
    </UnitTest>
    <UnitTest name="Enterprise.Shared.Auditing.Tests.Models.SecurityAuditEventSimpleTests.Constructor_SetsSecurityDefaults" storage="/home/onur/desktop/platformv1/src/shared/enterprise.shared.auditing.tests/bin/debug/net8.0/enterprise.shared.auditing.tests.dll" id="8e6bc6cd-d29d-35b7-4089-eb83d7de14eb">
      <Execution id="ef10ee58-24f0-4756-8e89-6f752c0bb1d8" />
      <TestMethod codeBase="/home/onur/Desktop/PlatformV1/src/Shared/Enterprise.Shared.Auditing.Tests/bin/Debug/net8.0/Enterprise.Shared.Auditing.Tests.dll" adapterTypeName="executor://xunit/VsTestRunner2/netcoreapp" className="Enterprise.Shared.Auditing.Tests.Models.SecurityAuditEventSimpleTests" name="Constructor_SetsSecurityDefaults" />
    </UnitTest>
    <UnitTest name="Enterprise.Shared.Auditing.Tests.Models.SecurityAuditEventSimpleTests.Create_WithValidParameters_ReturnsConfiguredEvent" storage="/home/onur/desktop/platformv1/src/shared/enterprise.shared.auditing.tests/bin/debug/net8.0/enterprise.shared.auditing.tests.dll" id="e7962a26-5982-7407-dcdd-3926ff592102">
      <Execution id="3e26f6c4-8c9e-41d6-b545-9c1fe6d57b74" />
      <TestMethod codeBase="/home/onur/Desktop/PlatformV1/src/Shared/Enterprise.Shared.Auditing.Tests/bin/Debug/net8.0/Enterprise.Shared.Auditing.Tests.dll" adapterTypeName="executor://xunit/VsTestRunner2/netcoreapp" className="Enterprise.Shared.Auditing.Tests.Models.SecurityAuditEventSimpleTests" name="Create_WithValidParameters_ReturnsConfiguredEvent" />
    </UnitTest>
  </TestDefinitions>
  <TestEntries>
    <TestEntry testId="41efe741-07be-f6b0-1a5c-1369ee711c86" executionId="b817ff9e-3b38-4413-b4b8-a244b45dde3d" testListId="8c84fa94-04c1-424b-9868-57a2d4851a1d" />
    <TestEntry testId="63219dba-37d6-9cab-ed0c-a714bdc3b3fb" executionId="9af4bcee-7a47-4bc1-9792-bb00c2dad0b3" testListId="8c84fa94-04c1-424b-9868-57a2d4851a1d" />
    <TestEntry testId="1d5f6378-83c3-6752-8284-32db5309f530" executionId="42a18590-7628-4177-824f-e0847807c207" testListId="8c84fa94-04c1-424b-9868-57a2d4851a1d" />
    <TestEntry testId="78fde34a-4e5d-bc8e-4f05-2d0347e68bd3" executionId="011373a3-b9bd-4300-931c-91120a8d90e8" testListId="8c84fa94-04c1-424b-9868-57a2d4851a1d" />
    <TestEntry testId="ef1efab7-f0a5-54cc-3e1d-b90e55d8fb25" executionId="a6f0960f-6f91-4d8e-aedd-c9d76710255e" testListId="8c84fa94-04c1-424b-9868-57a2d4851a1d" />
    <TestEntry testId="97bd0b96-0566-4935-2820-9c3ae961b451" executionId="fe1a9954-e92a-46b5-90aa-56289d5071bf" testListId="8c84fa94-04c1-424b-9868-57a2d4851a1d" />
    <TestEntry testId="7d7f23f0-16aa-a751-4837-a88f5f9da51b" executionId="baa38f89-f92a-45c3-9e87-ceb7a9f34b42" testListId="8c84fa94-04c1-424b-9868-57a2d4851a1d" />
    <TestEntry testId="8e6bc6cd-d29d-35b7-4089-eb83d7de14eb" executionId="ef10ee58-24f0-4756-8e89-6f752c0bb1d8" testListId="8c84fa94-04c1-424b-9868-57a2d4851a1d" />
    <TestEntry testId="b449cdab-37ae-8856-bdf2-36135e89288f" executionId="b43c2a60-5b88-4999-aec5-9fdac1f1070c" testListId="8c84fa94-04c1-424b-9868-57a2d4851a1d" />
    <TestEntry testId="92d348cb-a0cf-de03-a4ca-0c3074026d8c" executionId="db8287e9-5011-41c2-b561-ac54a10f7d21" testListId="8c84fa94-04c1-424b-9868-57a2d4851a1d" />
    <TestEntry testId="def99c85-08e3-422b-c8ab-ed53d14d0bf1" executionId="3edbf9f4-186a-47ae-8cbc-43184df39f6b" testListId="8c84fa94-04c1-424b-9868-57a2d4851a1d" />
    <TestEntry testId="3d836c61-9ce9-2045-0f15-ec0c88f9e269" executionId="df109f7f-eb40-4eaa-bf05-7e8c89f55761" testListId="8c84fa94-04c1-424b-9868-57a2d4851a1d" />
    <TestEntry testId="ffde4746-c342-1c7f-7179-4122004fc211" executionId="b06c9b56-4f16-44b6-8fbd-5b5e746651df" testListId="8c84fa94-04c1-424b-9868-57a2d4851a1d" />
    <TestEntry testId="e7962a26-5982-7407-dcdd-3926ff592102" executionId="3e26f6c4-8c9e-41d6-b545-9c1fe6d57b74" testListId="8c84fa94-04c1-424b-9868-57a2d4851a1d" />
    <TestEntry testId="746957b1-64b5-6f49-8865-77ec9c46b43c" executionId="5075093d-23f8-4c5d-952a-85c0052ae211" testListId="8c84fa94-04c1-424b-9868-57a2d4851a1d" />
    <TestEntry testId="b021b8bf-94f8-8cd0-effc-fc080e5da295" executionId="fd0d95bb-8e8d-43a7-ad00-0f3043a18c09" testListId="8c84fa94-04c1-424b-9868-57a2d4851a1d" />
    <TestEntry testId="cdf250c9-d02a-15b3-16df-7a2e6fd05961" executionId="7ef6042c-bf0f-4d76-a67f-a3839e1b3391" testListId="8c84fa94-04c1-424b-9868-57a2d4851a1d" />
    <TestEntry testId="e3fa2a54-b952-607d-b737-34af95ccaf48" executionId="a6b088b3-c2ff-4bd9-90b1-99c7a377cdb8" testListId="8c84fa94-04c1-424b-9868-57a2d4851a1d" />
    <TestEntry testId="04ac4824-f947-b72d-c120-990f4c114093" executionId="e3afd598-0e2d-458e-a10f-f99714f48d27" testListId="8c84fa94-04c1-424b-9868-57a2d4851a1d" />
    <TestEntry testId="da64ea37-950e-b681-e202-8667d4c254e6" executionId="2112234f-3efa-4b25-93f2-9ad07aa77e2e" testListId="8c84fa94-04c1-424b-9868-57a2d4851a1d" />
    <TestEntry testId="e4546f55-81ec-80e6-57d8-b37ee6d6c815" executionId="6a1b1074-3277-4a83-942c-01cf838e093e" testListId="8c84fa94-04c1-424b-9868-57a2d4851a1d" />
    <TestEntry testId="9d0e2bef-0ef6-d425-e0bf-71aa22d99fe1" executionId="6192b2f8-efc5-4b3d-aeb3-65cfdea5cbec" testListId="8c84fa94-04c1-424b-9868-57a2d4851a1d" />
    <TestEntry testId="881ba049-d412-4ac7-98d1-1211340ae562" executionId="f52bdab9-9f47-4668-b431-255eddf7d221" testListId="8c84fa94-04c1-424b-9868-57a2d4851a1d" />
    <TestEntry testId="4ebd8889-f49a-6c66-dc50-e03f8e1f8b45" executionId="12e00ef3-3b5d-497e-afe9-65ae503fbff9" testListId="8c84fa94-04c1-424b-9868-57a2d4851a1d" />
    <TestEntry testId="a009cc9d-c191-1c67-5b7a-4c0069e2c174" executionId="90de9b15-a301-4482-a4ce-ea077155b87e" testListId="8c84fa94-04c1-424b-9868-57a2d4851a1d" />
    <TestEntry testId="b78da184-ca29-0bea-87df-7b04a8f0e1c6" executionId="48fbd8bc-07ed-40f9-8cc3-e91b898764bd" testListId="8c84fa94-04c1-424b-9868-57a2d4851a1d" />
    <TestEntry testId="fe81ca39-7ff9-c8f7-327e-f838b849bf45" executionId="7a21c4df-87f2-43fd-a632-e29015b95883" testListId="8c84fa94-04c1-424b-9868-57a2d4851a1d" />
    <TestEntry testId="e6c67581-99e2-2748-be5d-5095fb00506b" executionId="18a8c17a-7c0f-4f5e-a7ab-c617764e1704" testListId="8c84fa94-04c1-424b-9868-57a2d4851a1d" />
    <TestEntry testId="e2a3558c-55a8-e942-5627-563abe02b662" executionId="ba88dfe0-7146-44a1-bb87-3936ab112b6a" testListId="8c84fa94-04c1-424b-9868-57a2d4851a1d" />
    <TestEntry testId="68dbc2c6-398b-ae19-ce9f-587c69a19e83" executionId="2cd445ec-2b56-470c-a271-1141ac2bdd55" testListId="8c84fa94-04c1-424b-9868-57a2d4851a1d" />
    <TestEntry testId="e3770ee4-7ecc-87a5-1fdc-ddaa3d786639" executionId="94777092-7d5a-417f-bb8a-3477be90df28" testListId="8c84fa94-04c1-424b-9868-57a2d4851a1d" />
    <TestEntry testId="7bb366b8-2eed-e56f-7ac0-0511636cb3bf" executionId="9e826417-aa52-4656-a687-6895eaaeddb3" testListId="8c84fa94-04c1-424b-9868-57a2d4851a1d" />
    <TestEntry testId="8754c9d7-ca62-f970-014d-3e6f754734a1" executionId="b56c56cb-7d93-4d44-a2ff-8026ede75a91" testListId="8c84fa94-04c1-424b-9868-57a2d4851a1d" />
    <TestEntry testId="0e34243f-ad7c-0dbf-b995-d8e7774fa91f" executionId="e229317f-e7b6-4542-8833-8ef002908592" testListId="8c84fa94-04c1-424b-9868-57a2d4851a1d" />
    <TestEntry testId="04d143ea-cb2a-c7bf-b067-c9eec5e8a4a5" executionId="a28575c6-f53e-4811-b9ee-cf3506097792" testListId="8c84fa94-04c1-424b-9868-57a2d4851a1d" />
    <TestEntry testId="006fc6bf-8ac2-2338-8302-7b760e5b8337" executionId="868beb4c-d47d-4c98-96f9-dc4479a004d2" testListId="8c84fa94-04c1-424b-9868-57a2d4851a1d" />
    <TestEntry testId="6447034d-edb1-678f-b099-672ed12a7605" executionId="5961311b-96e1-44f6-8c29-ed3f09f320b1" testListId="8c84fa94-04c1-424b-9868-57a2d4851a1d" />
    <TestEntry testId="c46c55dd-cf3f-ba1f-b6d7-c83499745af9" executionId="9263bed2-169f-43de-9250-203509f9618e" testListId="8c84fa94-04c1-424b-9868-57a2d4851a1d" />
    <TestEntry testId="55dbbe83-9ad7-9ff5-141e-e8b63a99705f" executionId="a791c843-6962-4492-9f01-24c62ad1293d" testListId="8c84fa94-04c1-424b-9868-57a2d4851a1d" />
    <TestEntry testId="eacbafcc-c655-16f6-d3f0-bd3df89de6f4" executionId="753204f4-f17a-4c37-902b-8a35dcd84cae" testListId="8c84fa94-04c1-424b-9868-57a2d4851a1d" />
    <TestEntry testId="b938de1e-62e3-b21a-e545-a501f8c2033d" executionId="06cce778-00aa-4e5b-bba4-ebca13195d74" testListId="8c84fa94-04c1-424b-9868-57a2d4851a1d" />
    <TestEntry testId="8bf22aa1-796e-8e16-f5e8-c167a2a3fded" executionId="10260f06-bfec-4527-b07f-c043cc13509f" testListId="8c84fa94-04c1-424b-9868-57a2d4851a1d" />
    <TestEntry testId="eab7bf6d-6a6d-aabd-f35c-888b996d6f4a" executionId="e0091047-425d-4a65-b657-1aa43dffd50e" testListId="8c84fa94-04c1-424b-9868-57a2d4851a1d" />
    <TestEntry testId="892ce8c2-c3bb-2266-a377-84d97bf791ef" executionId="f701a748-2bc8-45d0-8099-e2c442cb1cde" testListId="8c84fa94-04c1-424b-9868-57a2d4851a1d" />
    <TestEntry testId="8bb21605-680d-c45d-24b1-29b3d4fd8dd5" executionId="c8929b27-d37a-476d-90c9-42ae924a94c6" testListId="8c84fa94-04c1-424b-9868-57a2d4851a1d" />
    <TestEntry testId="043fd654-a5c8-49d0-ec81-8b8cf9c3ee25" executionId="6bf5d8c8-d49e-4c83-a12b-9b559cbcbf7d" testListId="8c84fa94-04c1-424b-9868-57a2d4851a1d" />
    <TestEntry testId="aa030906-38fd-2092-cec0-448b25aaf208" executionId="c001f373-9b5d-41db-bb4f-9278aa106a48" testListId="8c84fa94-04c1-424b-9868-57a2d4851a1d" />
    <TestEntry testId="a071813a-706a-d60a-ea8a-0bdeea9e61b9" executionId="83994391-b39e-41c9-b623-b357db988e21" testListId="8c84fa94-04c1-424b-9868-57a2d4851a1d" />
  </TestEntries>
  <TestLists>
    <TestList name="Results Not in a List" id="8c84fa94-04c1-424b-9868-57a2d4851a1d" />
    <TestList name="All Loaded Results" id="19431567-8539-422a-85d7-44ee4e166bda" />
  </TestLists>
  <ResultSummary outcome="Failed">
    <Counters total="48" executed="48" passed="42" failed="6" error="0" timeout="0" aborted="0" inconclusive="0" passedButRunAborted="0" notRunnable="0" notExecuted="0" disconnected="0" warning="0" completed="0" inProgress="0" pending="0" />
    <Output>
      <StdOut>[xUnit.net 00:00:00.00] xUnit.net VSTest Adapter v2.5.3.1+6b60a9e56a (64-bit .NET 8.0.19)
[xUnit.net 00:00:00.05]   Discovering: Enterprise.Shared.Auditing.Tests
[xUnit.net 00:00:00.08]   Discovered:  Enterprise.Shared.Auditing.Tests
[xUnit.net 00:00:00.09]   Starting:    Enterprise.Shared.Auditing.Tests
[xUnit.net 00:00:00.19]       Expected securityEvent.Properties {empty} to contain key "AuthenticationProvider".
[xUnit.net 00:00:00.19]       Stack Trace:
[xUnit.net 00:00:00.19]            at FluentAssertions.Execution.XUnit2TestFramework.Throw(String message)
[xUnit.net 00:00:00.19]            at FluentAssertions.Execution.TestFrameworkProvider.Throw(String message)
[xUnit.net 00:00:00.19]            at FluentAssertions.Execution.DefaultAssertionStrategy.HandleFailure(String message)
[xUnit.net 00:00:00.19]            at FluentAssertions.Execution.AssertionScope.FailWith(Func`1 failReasonFunc)
[xUnit.net 00:00:00.19]            at FluentAssertions.Execution.AssertionScope.FailWith(Func`1 failReasonFunc)
[xUnit.net 00:00:00.19]            at FluentAssertions.Execution.AssertionScope.FailWith(String message, Object[] args)
[xUnit.net 00:00:00.19]            at FluentAssertions.Collections.GenericDictionaryAssertions`4.ContainKeys(IEnumerable`1 expected, String because, Object[] becauseArgs)
[xUnit.net 00:00:00.19]            at FluentAssertions.Collections.GenericDictionaryAssertions`4.ContainKey(TKey expected, String because, Object[] becauseArgs)
[xUnit.net 00:00:00.19]         /home/onur/Desktop/PlatformV1/src/Shared/Enterprise.Shared.Auditing.Tests/Models/SecurityAuditEventSimpleTests.cs(43,0): at Enterprise.Shared.Auditing.Tests.Models.SecurityAuditEventSimpleTests.WithAuthentication_SetsAuthenticationProperties()
[xUnit.net 00:00:00.19]            at System.RuntimeMethodHandle.InvokeMethod(Object target, Void** arguments, Signature sig, Boolean isConstructor)
[xUnit.net 00:00:00.19]            at System.Reflection.MethodBaseInvoker.InvokeWithNoArgs(Object obj, BindingFlags invokeAttr)
[xUnit.net 00:00:00.19]       Expected securityEvent.Properties {empty} to contain key "Permission".
[xUnit.net 00:00:00.19]       Stack Trace:
[xUnit.net 00:00:00.19]            at FluentAssertions.Execution.XUnit2TestFramework.Throw(String message)
[xUnit.net 00:00:00.19]            at FluentAssertions.Execution.TestFrameworkProvider.Throw(String message)
[xUnit.net 00:00:00.19]            at FluentAssertions.Execution.DefaultAssertionStrategy.HandleFailure(String message)
[xUnit.net 00:00:00.19]            at FluentAssertions.Execution.AssertionScope.FailWith(Func`1 failReasonFunc)
[xUnit.net 00:00:00.19]            at FluentAssertions.Execution.AssertionScope.FailWith(Func`1 failReasonFunc)
[xUnit.net 00:00:00.19]            at FluentAssertions.Execution.AssertionScope.FailWith(String message, Object[] args)
[xUnit.net 00:00:00.19]            at FluentAssertions.Collections.GenericDictionaryAssertions`4.ContainKeys(IEnumerable`1 expected, String because, Object[] becauseArgs)
[xUnit.net 00:00:00.19]            at FluentAssertions.Collections.GenericDictionaryAssertions`4.ContainKey(TKey expected, String because, Object[] becauseArgs)
[xUnit.net 00:00:00.19]         /home/onur/Desktop/PlatformV1/src/Shared/Enterprise.Shared.Auditing.Tests/Models/SecurityAuditEventSimpleTests.cs(56,0): at Enterprise.Shared.Auditing.Tests.Models.SecurityAuditEventSimpleTests.WithAuthorization_SetsAuthorizationProperties()
[xUnit.net 00:00:00.19]            at System.RuntimeMethodHandle.InvokeMethod(Object target, Void** arguments, Signature sig, Boolean isConstructor)
[xUnit.net 00:00:00.19]            at System.Reflection.MethodBaseInvoker.InvokeWithNoArgs(Object obj, BindingFlags invokeAttr)
[xUnit.net 00:00:00.20]       Expected result.Status to be HealthStatus.Healthy {value: 2}, but found HealthStatus.Degraded {value: 1}.
[xUnit.net 00:00:00.20]       Stack Trace:
[xUnit.net 00:00:00.20]            at FluentAssertions.Execution.XUnit2TestFramework.Throw(String message)
[xUnit.net 00:00:00.20]            at FluentAssertions.Execution.TestFrameworkProvider.Throw(String message)
[xUnit.net 00:00:00.20]            at FluentAssertions.Execution.DefaultAssertionStrategy.HandleFailure(String message)
[xUnit.net 00:00:00.20]            at FluentAssertions.Execution.AssertionScope.FailWith(Func`1 failReasonFunc)
[xUnit.net 00:00:00.20]            at FluentAssertions.Execution.AssertionScope.FailWith(Func`1 failReasonFunc)
[xUnit.net 00:00:00.20]            at FluentAssertions.Execution.AssertionScope.FailWith(String message, Object[] args)
[xUnit.net 00:00:00.20]            at FluentAssertions.Primitives.EnumAssertions`2.Be(TEnum expected, String because, Object[] becauseArgs)
[xUnit.net 00:00:00.20]         /home/onur/Desktop/PlatformV1/src/Shared/Enterprise.Shared.Auditing.Tests/HealthChecks/AuditHealthCheckSimpleTests.cs(78,0): at Enterprise.Shared.Auditing.Tests.HealthChecks.AuditHealthCheckSimpleTests.CheckHealthAsync_WhenAllHealthy_ReturnsHealthy()
[xUnit.net 00:00:00.20]         --- End of stack trace from previous location ---
[xUnit.net 00:00:00.21]       Expected result.IsSuccess to be True, but found False.
[xUnit.net 00:00:00.21]       Stack Trace:
[xUnit.net 00:00:00.21]            at FluentAssertions.Execution.XUnit2TestFramework.Throw(String message)
[xUnit.net 00:00:00.21]            at FluentAssertions.Execution.TestFrameworkProvider.Throw(String message)
[xUnit.net 00:00:00.21]            at FluentAssertions.Execution.DefaultAssertionStrategy.HandleFailure(String message)
[xUnit.net 00:00:00.21]            at FluentAssertions.Execution.AssertionScope.FailWith(Func`1 failReasonFunc)
[xUnit.net 00:00:00.21]            at FluentAssertions.Execution.AssertionScope.FailWith(Func`1 failReasonFunc)
[xUnit.net 00:00:00.21]            at FluentAssertions.Execution.AssertionScope.FailWith(String message, Object[] args)
[xUnit.net 00:00:00.21]            at FluentAssertions.Primitives.BooleanAssertions`1.BeTrue(String because, Object[] becauseArgs)
[xUnit.net 00:00:00.21]         /home/onur/Desktop/PlatformV1/src/Shared/Enterprise.Shared.Auditing.Tests/Services/AuditServiceSimpleTests.cs(66,0): at Enterprise.Shared.Auditing.Tests.Services.AuditServiceSimpleTests.LogEventAsync_WhenDisabled_ReturnsSuccessWithoutStoring()
[xUnit.net 00:00:00.21]         --- End of stack trace from previous location ---
[xUnit.net 00:00:00.21]       Expected result.IsSuccess to be True, but found False.
[xUnit.net 00:00:00.21]       Stack Trace:
[xUnit.net 00:00:00.21]            at FluentAssertions.Execution.XUnit2TestFramework.Throw(String message)
[xUnit.net 00:00:00.21]            at FluentAssertions.Execution.TestFrameworkProvider.Throw(String message)
[xUnit.net 00:00:00.21]            at FluentAssertions.Execution.DefaultAssertionStrategy.HandleFailure(String message)
[xUnit.net 00:00:00.21]            at FluentAssertions.Execution.AssertionScope.FailWith(Func`1 failReasonFunc)
[xUnit.net 00:00:00.21]            at FluentAssertions.Execution.AssertionScope.FailWith(Func`1 failReasonFunc)
[xUnit.net 00:00:00.21]            at FluentAssertions.Execution.AssertionScope.FailWith(String message, Object[] args)
[xUnit.net 00:00:00.21]            at FluentAssertions.Primitives.BooleanAssertions`1.BeTrue(String because, Object[] becauseArgs)
[xUnit.net 00:00:00.21]         /home/onur/Desktop/PlatformV1/src/Shared/Enterprise.Shared.Auditing.Tests/Services/AuditServiceSimpleTests.cs(44,0): at Enterprise.Shared.Auditing.Tests.Services.AuditServiceSimpleTests.LogEventAsync_WithValidEvent_StoresEventSuccessfully()
[xUnit.net 00:00:00.21]         --- End of stack trace from previous location ---
[xUnit.net 00:00:00.21]       Expected result.IsSuccess to be True, but found False.
[xUnit.net 00:00:00.21]       Stack Trace:
[xUnit.net 00:00:00.21]            at FluentAssertions.Execution.XUnit2TestFramework.Throw(String message)
[xUnit.net 00:00:00.21]            at FluentAssertions.Execution.TestFrameworkProvider.Throw(String message)
[xUnit.net 00:00:00.21]            at FluentAssertions.Execution.DefaultAssertionStrategy.HandleFailure(String message)
[xUnit.net 00:00:00.21]            at FluentAssertions.Execution.AssertionScope.FailWith(Func`1 failReasonFunc)
[xUnit.net 00:00:00.21]            at FluentAssertions.Execution.AssertionScope.FailWith(Func`1 failReasonFunc)
[xUnit.net 00:00:00.21]            at FluentAssertions.Execution.AssertionScope.FailWith(String message, Object[] args)
[xUnit.net 00:00:00.21]            at FluentAssertions.Primitives.BooleanAssertions`1.BeTrue(String because, Object[] becauseArgs)
[xUnit.net 00:00:00.21]         /home/onur/Desktop/PlatformV1/src/Shared/Enterprise.Shared.Auditing.Tests/Services/AuditServiceSimpleTests.cs(117,0): at Enterprise.Shared.Auditing.Tests.Services.AuditServiceSimpleTests.LogSecurityEventAsync_WithValidEvent_StoresEventSuccessfully()
[xUnit.net 00:00:00.21]         --- End of stack trace from previous location ---
[xUnit.net 00:00:00.21]   Finished:    Enterprise.Shared.Auditing.Tests
</StdOut>
    </Output>
    <RunInfos>
      <RunInfo computerName="onur-TULPAR-T7-V20-5" outcome="Error" timestamp="2025-09-12T08:37:18.8558478+03:00">
        <Text>[xUnit.net 00:00:00.19]     Enterprise.Shared.Auditing.Tests.Models.SecurityAuditEventSimpleTests.WithAuthentication_SetsAuthenticationProperties [FAIL]</Text>
      </RunInfo>
      <RunInfo computerName="onur-TULPAR-T7-V20-5" outcome="Error" timestamp="2025-09-12T08:37:18.8565598+03:00">
        <Text>[xUnit.net 00:00:00.19]     Enterprise.Shared.Auditing.Tests.Models.SecurityAuditEventSimpleTests.WithAuthorization_SetsAuthorizationProperties [FAIL]</Text>
      </RunInfo>
      <RunInfo computerName="onur-TULPAR-T7-V20-5" outcome="Error" timestamp="2025-09-12T08:37:18.8584682+03:00">
        <Text>[xUnit.net 00:00:00.20]     Enterprise.Shared.Auditing.Tests.HealthChecks.AuditHealthCheckSimpleTests.CheckHealthAsync_WhenAllHealthy_ReturnsHealthy [FAIL]</Text>
      </RunInfo>
      <RunInfo computerName="onur-TULPAR-T7-V20-5" outcome="Error" timestamp="2025-09-12T08:37:18.8637120+03:00">
        <Text>[xUnit.net 00:00:00.21]     Enterprise.Shared.Auditing.Tests.Services.AuditServiceSimpleTests.LogEventAsync_WhenDisabled_ReturnsSuccessWithoutStoring [FAIL]</Text>
      </RunInfo>
      <RunInfo computerName="onur-TULPAR-T7-V20-5" outcome="Error" timestamp="2025-09-12T08:37:18.8650553+03:00">
        <Text>[xUnit.net 00:00:00.21]     Enterprise.Shared.Auditing.Tests.Services.AuditServiceSimpleTests.LogEventAsync_WithValidEvent_StoresEventSuccessfully [FAIL]</Text>
      </RunInfo>
      <RunInfo computerName="onur-TULPAR-T7-V20-5" outcome="Error" timestamp="2025-09-12T08:37:18.8673587+03:00">
        <Text>[xUnit.net 00:00:00.21]     Enterprise.Shared.Auditing.Tests.Services.AuditServiceSimpleTests.LogSecurityEventAsync_WithValidEvent_StoresEventSuccessfully [FAIL]</Text>
      </RunInfo>
    </RunInfos>
  </ResultSummary>
</TestRun>