<?xml version="1.0" encoding="utf-8"?>
<TestRun id="734ac236-cea5-4ea7-bc48-deccd9be55e1" name="@onur-TULPAR-T7-V20-5 2025-09-12 08:39:46" xmlns="http://microsoft.com/schemas/VisualStudio/TeamTest/2010">
  <Times creation="2025-09-12T08:39:46.9382583+03:00" queuing="2025-09-12T08:39:46.9382583+03:00" start="2025-09-12T08:39:46.4620225+03:00" finish="2025-09-12T08:39:47.0288424+03:00" />
  <TestSettings name="default" id="3002d8e0-c44b-4b31-a56f-dd6b6db77763">
    <Deployment runDeploymentRoot="_onur-TULPAR-T7-V20-5_2025-09-12_08_39_46" />
  </TestSettings>
  <Results>
    <UnitTestResult executionId="bd2f8524-9f16-4e71-b9b8-9f3012b9bd37" testId="cdf250c9-d02a-15b3-16df-7a2e6fd05961" testName="Enterprise.Shared.Auditing.Tests.Models.SecurityAuditEventSimpleTests.WithRisk_SetIsAlertBasedOnThreshold(riskScore: 74, expectedAlert: False)" computerName="onur-TULPAR-T7-V20-5" duration="00:00:00.0000177" startTime="2025-09-12T08:39:46.9091943+03:00" endTime="2025-09-12T08:39:46.9091943+03:00" testType="13cdc9d9-ddb5-4fa4-a97d-d965ccfc6d4b" outcome="Passed" testListId="8c84fa94-04c1-424b-9868-57a2d4851a1d" relativeResultsDirectory="bd2f8524-9f16-4e71-b9b8-9f3012b9bd37" />
    <UnitTestResult executionId="02275685-f25c-495c-b831-6352fb9858ca" testId="a071813a-706a-d60a-ea8a-0bdeea9e61b9" testName="Enterprise.Shared.Auditing.Tests.Models.AuditEventSimpleTests.WithHttpContext_SetsHttpContextProperties" computerName="onur-TULPAR-T7-V20-5" duration="00:00:00.0003070" startTime="2025-09-12T08:39:46.9114422+03:00" endTime="2025-09-12T08:39:46.9114422+03:00" testType="13cdc9d9-ddb5-4fa4-a97d-d965ccfc6d4b" outcome="Passed" testListId="8c84fa94-04c1-424b-9868-57a2d4851a1d" relativeResultsDirectory="02275685-f25c-495c-b831-6352fb9858ca" />
    <UnitTestResult executionId="736d9710-4911-44c6-935c-570fa3572092" testId="eacbafcc-c655-16f6-d3f0-bd3df89de6f4" testName="Enterprise.Shared.Auditing.Tests.Models.AuditEventSimpleTests.Create_WithDefaultResult_SetsSuccessResult" computerName="onur-TULPAR-T7-V20-5" duration="00:00:00.0000827" startTime="2025-09-12T08:39:46.9105139+03:00" endTime="2025-09-12T08:39:46.9105139+03:00" testType="13cdc9d9-ddb5-4fa4-a97d-d965ccfc6d4b" outcome="Passed" testListId="8c84fa94-04c1-424b-9868-57a2d4851a1d" relativeResultsDirectory="736d9710-4911-44c6-935c-570fa3572092" />
    <UnitTestResult executionId="b16ce15b-943c-4d55-9bad-425ccaa4baf7" testId="e3fa2a54-b952-607d-b737-34af95ccaf48" testName="Enterprise.Shared.Auditing.Tests.Services.AuditServiceSimpleTests.GetEventAsync_WithEmptyId_ReturnsNull" computerName="onur-TULPAR-T7-V20-5" duration="00:00:00.0007734" startTime="2025-09-12T08:39:46.9365317+03:00" endTime="2025-09-12T08:39:46.9365318+03:00" testType="13cdc9d9-ddb5-4fa4-a97d-d965ccfc6d4b" outcome="Passed" testListId="8c84fa94-04c1-424b-9868-57a2d4851a1d" relativeResultsDirectory="b16ce15b-943c-4d55-9bad-425ccaa4baf7" />
    <UnitTestResult executionId="652eb8a2-b2f6-4f23-8739-147b57c85b1c" testId="a009cc9d-c191-1c67-5b7a-4c0069e2c174" testName="Enterprise.Shared.Auditing.Tests.Models.SecurityAuditEventSimpleTests.WithRisk_SetIsAlertBasedOnThreshold(riskScore: 75, expectedAlert: True)" computerName="onur-TULPAR-T7-V20-5" duration="00:00:00.0003208" startTime="2025-09-12T08:39:46.8858996+03:00" endTime="2025-09-12T08:39:46.8858997+03:00" testType="13cdc9d9-ddb5-4fa4-a97d-d965ccfc6d4b" outcome="Passed" testListId="8c84fa94-04c1-424b-9868-57a2d4851a1d" relativeResultsDirectory="652eb8a2-b2f6-4f23-8739-147b57c85b1c" />
    <UnitTestResult executionId="ae1e72f2-b37a-422b-bdd3-bb5f0b524e41" testId="9d0e2bef-0ef6-d425-e0bf-71aa22d99fe1" testName="Enterprise.Shared.Auditing.Tests.Models.AuditEventSimpleTests.WithCorrelation_SetsCorrelationId" computerName="onur-TULPAR-T7-V20-5" duration="00:00:00.0002640" startTime="2025-09-12T08:39:46.9095169+03:00" endTime="2025-09-12T08:39:46.9095169+03:00" testType="13cdc9d9-ddb5-4fa4-a97d-d965ccfc6d4b" outcome="Passed" testListId="8c84fa94-04c1-424b-9868-57a2d4851a1d" relativeResultsDirectory="ae1e72f2-b37a-422b-bdd3-bb5f0b524e41" />
    <UnitTestResult executionId="fd1a2949-56b4-403b-871c-5eaa21d1d730" testId="8754c9d7-ca62-f970-014d-3e6f754734a1" testName="Enterprise.Shared.Auditing.Tests.HealthChecks.AuditHealthCheckSimpleTests.CheckHealthAsync_WhenAuditingDisabled_ReturnsHealthy" computerName="onur-TULPAR-T7-V20-5" duration="00:00:00.0501664" startTime="2025-09-12T08:39:46.9173780+03:00" endTime="2025-09-12T08:39:46.9173780+03:00" testType="13cdc9d9-ddb5-4fa4-a97d-d965ccfc6d4b" outcome="Passed" testListId="8c84fa94-04c1-424b-9868-57a2d4851a1d" relativeResultsDirectory="fd1a2949-56b4-403b-871c-5eaa21d1d730" />
    <UnitTestResult executionId="859d83bf-698e-4e5c-b73d-d0a00896b995" testId="92d348cb-a0cf-de03-a4ca-0c3074026d8c" testName="Enterprise.Shared.Auditing.Tests.Services.AuditServiceSimpleTests.SearchEventsAsync_WithValidCriteria_ReturnsResults" computerName="onur-TULPAR-T7-V20-5" duration="00:00:00.0028951" startTime="2025-09-12T08:39:46.9316409+03:00" endTime="2025-09-12T08:39:46.9316410+03:00" testType="13cdc9d9-ddb5-4fa4-a97d-d965ccfc6d4b" outcome="Passed" testListId="8c84fa94-04c1-424b-9868-57a2d4851a1d" relativeResultsDirectory="859d83bf-698e-4e5c-b73d-d0a00896b995" />
    <UnitTestResult executionId="39d9da33-0e14-4b5e-810c-a95ae0c56dd2" testId="8bb21605-680d-c45d-24b1-29b3d4fd8dd5" testName="Enterprise.Shared.Auditing.Tests.Models.AuditEventSimpleTests.Create_WithValidParameters_ReturnsConfiguredEvent" computerName="onur-TULPAR-T7-V20-5" duration="00:00:00.0001796" startTime="2025-09-12T08:39:46.9105411+03:00" endTime="2025-09-12T08:39:46.9105411+03:00" testType="13cdc9d9-ddb5-4fa4-a97d-d965ccfc6d4b" outcome="Passed" testListId="8c84fa94-04c1-424b-9868-57a2d4851a1d" relativeResultsDirectory="39d9da33-0e14-4b5e-810c-a95ae0c56dd2" />
    <UnitTestResult executionId="6714219f-970e-4916-b232-d2be391d2dc2" testId="e4546f55-81ec-80e6-57d8-b37ee6d6c815" testName="Enterprise.Shared.Auditing.Tests.Models.AuditEventSimpleTests.WithMetadata_SerializesMetadataToString" computerName="onur-TULPAR-T7-V20-5" duration="00:00:00.0254732" startTime="2025-09-12T08:39:46.9113911+03:00" endTime="2025-09-12T08:39:46.9113911+03:00" testType="13cdc9d9-ddb5-4fa4-a97d-d965ccfc6d4b" outcome="Passed" testListId="8c84fa94-04c1-424b-9868-57a2d4851a1d" relativeResultsDirectory="6714219f-970e-4916-b232-d2be391d2dc2" />
    <UnitTestResult executionId="2f33e3f3-0e93-4c99-8d5a-624f3ef31ad8" testId="e6c67581-99e2-2748-be5d-5095fb00506b" testName="Enterprise.Shared.Auditing.Tests.Models.SecurityAuditEventSimpleTests.WithAuthentication_SetsAuthenticationProperties" computerName="onur-TULPAR-T7-V20-5" duration="00:00:00.0004091" startTime="2025-09-12T08:39:46.9105703+03:00" endTime="2025-09-12T08:39:46.9105703+03:00" testType="13cdc9d9-ddb5-4fa4-a97d-d965ccfc6d4b" outcome="Passed" testListId="8c84fa94-04c1-424b-9868-57a2d4851a1d" relativeResultsDirectory="2f33e3f3-0e93-4c99-8d5a-624f3ef31ad8" />
    <UnitTestResult executionId="35969bb2-8613-4a77-b4a9-491db3a13b70" testId="c46c55dd-cf3f-ba1f-b6d7-c83499745af9" testName="Enterprise.Shared.Auditing.Tests.Models.SecurityAuditEventSimpleTests.WithAuthorization_SetsAuthorizationProperties" computerName="onur-TULPAR-T7-V20-5" duration="00:00:00.0004105" startTime="2025-09-12T08:39:46.9109573+03:00" endTime="2025-09-12T08:39:46.9109573+03:00" testType="13cdc9d9-ddb5-4fa4-a97d-d965ccfc6d4b" outcome="Passed" testListId="8c84fa94-04c1-424b-9868-57a2d4851a1d" relativeResultsDirectory="35969bb2-8613-4a77-b4a9-491db3a13b70" />
    <UnitTestResult executionId="19912305-1c06-4b45-9db3-1f34b40c8a81" testId="da64ea37-950e-b681-e202-8667d4c254e6" testName="Enterprise.Shared.Auditing.Tests.Models.SecurityAuditEventSimpleTests.Create_WithDifferentEventTypes_SetsCorrectType(eventType: Authorization)" computerName="onur-TULPAR-T7-V20-5" duration="00:00:00.0000132" startTime="2025-09-12T08:39:46.9106628+03:00" endTime="2025-09-12T08:39:46.9106628+03:00" testType="13cdc9d9-ddb5-4fa4-a97d-d965ccfc6d4b" outcome="Passed" testListId="8c84fa94-04c1-424b-9868-57a2d4851a1d" relativeResultsDirectory="19912305-1c06-4b45-9db3-1f34b40c8a81" />
    <UnitTestResult executionId="4ba6ce44-3954-4ba7-9246-87c0fdc916e4" testId="043fd654-a5c8-49d0-ec81-8b8cf9c3ee25" testName="Enterprise.Shared.Auditing.Tests.Models.AuditEventSimpleTests.WithUser_SetsUserProperties" computerName="onur-TULPAR-T7-V20-5" duration="00:00:00.0002036" startTime="2025-09-12T08:39:46.9105742+03:00" endTime="2025-09-12T08:39:46.9105742+03:00" testType="13cdc9d9-ddb5-4fa4-a97d-d965ccfc6d4b" outcome="Passed" testListId="8c84fa94-04c1-424b-9868-57a2d4851a1d" relativeResultsDirectory="4ba6ce44-3954-4ba7-9246-87c0fdc916e4" />
    <UnitTestResult executionId="6c68b5b4-3b96-4b07-8d0a-1050b243cb4d" testId="def99c85-08e3-422b-c8ab-ed53d14d0bf1" testName="Enterprise.Shared.Auditing.Tests.HealthChecks.AuditHealthCheckSimpleTests.CheckHealthAsync_WhenUnexpectedException_ReturnsUnhealthy" computerName="onur-TULPAR-T7-V20-5" duration="00:00:00.0007783" startTime="2025-09-12T08:39:46.9829079+03:00" endTime="2025-09-12T08:39:46.9829080+03:00" testType="13cdc9d9-ddb5-4fa4-a97d-d965ccfc6d4b" outcome="Passed" testListId="8c84fa94-04c1-424b-9868-57a2d4851a1d" relativeResultsDirectory="6c68b5b4-3b96-4b07-8d0a-1050b243cb4d" />
    <UnitTestResult executionId="ceabf5f9-2de5-47fe-844a-76114aeef11c" testId="b449cdab-37ae-8856-bdf2-36135e89288f" testName="Enterprise.Shared.Auditing.Tests.Models.SecurityAuditEventSimpleTests.Create_WithDifferentEventTypes_SetsCorrectType(eventType: DataAccess)" computerName="onur-TULPAR-T7-V20-5" duration="00:00:00.0001671" startTime="2025-09-12T08:39:46.9106094+03:00" endTime="2025-09-12T08:39:46.9106094+03:00" testType="13cdc9d9-ddb5-4fa4-a97d-d965ccfc6d4b" outcome="Passed" testListId="8c84fa94-04c1-424b-9868-57a2d4851a1d" relativeResultsDirectory="ceabf5f9-2de5-47fe-844a-76114aeef11c" />
    <UnitTestResult executionId="e98445b4-9175-4c26-a228-0403d4f93ca3" testId="4ebd8889-f49a-6c66-dc50-e03f8e1f8b45" testName="Enterprise.Shared.Auditing.Tests.Services.AuditServiceSimpleTests.LogSecurityEventAsync_WithValidEvent_StoresEventSuccessfully" computerName="onur-TULPAR-T7-V20-5" duration="00:00:00.0015011" startTime="2025-09-12T08:39:46.9357421+03:00" endTime="2025-09-12T08:39:46.9357422+03:00" testType="13cdc9d9-ddb5-4fa4-a97d-d965ccfc6d4b" outcome="Passed" testListId="8c84fa94-04c1-424b-9868-57a2d4851a1d" relativeResultsDirectory="e98445b4-9175-4c26-a228-0403d4f93ca3" />
    <UnitTestResult executionId="127993f7-9862-4611-aa68-3706ed49ce2b" testId="b938de1e-62e3-b21a-e545-a501f8c2033d" testName="Enterprise.Shared.Auditing.Tests.Services.AuditServiceSimpleTests.LogEventAsync_WhenDisabled_ReturnsSuccessWithoutStoring" computerName="onur-TULPAR-T7-V20-5" duration="00:00:00.0007059" startTime="2025-09-12T08:39:46.9323609+03:00" endTime="2025-09-12T08:39:46.9323610+03:00" testType="13cdc9d9-ddb5-4fa4-a97d-d965ccfc6d4b" outcome="Passed" testListId="8c84fa94-04c1-424b-9868-57a2d4851a1d" relativeResultsDirectory="127993f7-9862-4611-aa68-3706ed49ce2b" />
    <UnitTestResult executionId="78f0e756-3886-4a3f-a8d7-7d5273f474da" testId="68dbc2c6-398b-ae19-ce9f-587c69a19e83" testName="Enterprise.Shared.Auditing.Tests.Models.SecurityAuditEventSimpleTests.WithRisk_SetIsAlertBasedOnThreshold(riskScore: 0, expectedAlert: False)" computerName="onur-TULPAR-T7-V20-5" duration="00:00:00.0000078" startTime="2025-09-12T08:39:46.9094000+03:00" endTime="2025-09-12T08:39:46.9094000+03:00" testType="13cdc9d9-ddb5-4fa4-a97d-d965ccfc6d4b" outcome="Passed" testListId="8c84fa94-04c1-424b-9868-57a2d4851a1d" relativeResultsDirectory="78f0e756-3886-4a3f-a8d7-7d5273f474da" />
    <UnitTestResult executionId="33036d8a-6f09-48e0-b030-5b97628e9a4f" testId="04ac4824-f947-b72d-c120-990f4c114093" testName="Enterprise.Shared.Auditing.Tests.Services.InMemoryAuditStoreSimpleTests.StoreEventAsync_WithValidEvent_StoresSuccessfully" computerName="onur-TULPAR-T7-V20-5" duration="00:00:00.0004217" startTime="2025-09-12T08:39:46.9113075+03:00" endTime="2025-09-12T08:39:46.9113076+03:00" testType="13cdc9d9-ddb5-4fa4-a97d-d965ccfc6d4b" outcome="Passed" testListId="8c84fa94-04c1-424b-9868-57a2d4851a1d" relativeResultsDirectory="33036d8a-6f09-48e0-b030-5b97628e9a4f" />
    <UnitTestResult executionId="bfef4834-78ae-4469-b939-90f8c51d7eb4" testId="b78da184-ca29-0bea-87df-7b04a8f0e1c6" testName="Enterprise.Shared.Auditing.Tests.Services.InMemoryAuditStoreSimpleTests.QueryEventsAsync_WithNoFilters_ReturnsAllEvents" computerName="onur-TULPAR-T7-V20-5" duration="00:00:00.0092731" startTime="2025-09-12T08:39:46.9110354+03:00" endTime="2025-09-12T08:39:46.9110355+03:00" testType="13cdc9d9-ddb5-4fa4-a97d-d965ccfc6d4b" outcome="Passed" testListId="8c84fa94-04c1-424b-9868-57a2d4851a1d" relativeResultsDirectory="bfef4834-78ae-4469-b939-90f8c51d7eb4" />
    <UnitTestResult executionId="ec93d006-a167-4d6e-a6f1-96ddf550b4af" testId="ffde4746-c342-1c7f-7179-4122004fc211" testName="Enterprise.Shared.Auditing.Tests.Models.ValidationResultTests.Success_ReturnsSuccessfulResult" computerName="onur-TULPAR-T7-V20-5" duration="00:00:00.0001714" startTime="2025-09-12T08:39:46.9094623+03:00" endTime="2025-09-12T08:39:46.9094623+03:00" testType="13cdc9d9-ddb5-4fa4-a97d-d965ccfc6d4b" outcome="Passed" testListId="8c84fa94-04c1-424b-9868-57a2d4851a1d" relativeResultsDirectory="ec93d006-a167-4d6e-a6f1-96ddf550b4af" />
    <UnitTestResult executionId="5f409f77-c103-44b2-bbf4-bd9f3a329147" testId="3d836c61-9ce9-2045-0f15-ec0c88f9e269" testName="Enterprise.Shared.Auditing.Tests.Models.SecurityAuditEventSimpleTests.WithRisk_SetsRiskProperties" computerName="onur-TULPAR-T7-V20-5" duration="00:00:00.0001766" startTime="2025-09-12T08:39:46.9109986+03:00" endTime="2025-09-12T08:39:46.9109986+03:00" testType="13cdc9d9-ddb5-4fa4-a97d-d965ccfc6d4b" outcome="Passed" testListId="8c84fa94-04c1-424b-9868-57a2d4851a1d" relativeResultsDirectory="5f409f77-c103-44b2-bbf4-bd9f3a329147" />
    <UnitTestResult executionId="2b7e83c0-9082-435b-93f9-97e7b1eef3ed" testId="7bb366b8-2eed-e56f-7ac0-0511636cb3bf" testName="Enterprise.Shared.Auditing.Tests.Models.SecurityAuditEventSimpleTests.FactoryMethod_CreateSuccessfulLogin_SetsCorrectProperties" computerName="onur-TULPAR-T7-V20-5" duration="00:00:00.0004295" startTime="2025-09-12T08:39:46.9110179+03:00" endTime="2025-09-12T08:39:46.9110179+03:00" testType="13cdc9d9-ddb5-4fa4-a97d-d965ccfc6d4b" outcome="Passed" testListId="8c84fa94-04c1-424b-9868-57a2d4851a1d" relativeResultsDirectory="2b7e83c0-9082-435b-93f9-97e7b1eef3ed" />
    <UnitTestResult executionId="fc190bae-0236-41ba-8795-17ff132f05dc" testId="746957b1-64b5-6f49-8865-77ec9c46b43c" testName="Enterprise.Shared.Auditing.Tests.HealthChecks.AuditHealthCheckSimpleTests.CheckHealthAsync_WhenServiceTestFails_ReturnsUnhealthy" computerName="onur-TULPAR-T7-V20-5" duration="00:00:00.0006086" startTime="2025-09-12T08:39:46.9833219+03:00" endTime="2025-09-12T08:39:46.9833219+03:00" testType="13cdc9d9-ddb5-4fa4-a97d-d965ccfc6d4b" outcome="Passed" testListId="8c84fa94-04c1-424b-9868-57a2d4851a1d" relativeResultsDirectory="fc190bae-0236-41ba-8795-17ff132f05dc" />
    <UnitTestResult executionId="c1fb1212-7c6b-4e1b-8c34-05d87e73f466" testId="8bf22aa1-796e-8e16-f5e8-c167a2a3fded" testName="Enterprise.Shared.Auditing.Tests.Models.AuditEventSimpleTests.Constructor_SetsDefaultValues" computerName="onur-TULPAR-T7-V20-5" duration="00:00:00.0117228" startTime="2025-09-12T08:39:46.9094913+03:00" endTime="2025-09-12T08:39:46.9094913+03:00" testType="13cdc9d9-ddb5-4fa4-a97d-d965ccfc6d4b" outcome="Passed" testListId="8c84fa94-04c1-424b-9868-57a2d4851a1d" relativeResultsDirectory="c1fb1212-7c6b-4e1b-8c34-05d87e73f466" />
    <UnitTestResult executionId="5bfae4df-473e-4ad6-99eb-b334c55e0e02" testId="41efe741-07be-f6b0-1a5c-1369ee711c86" testName="Enterprise.Shared.Auditing.Tests.Services.InMemoryAuditStoreSimpleTests.GetEventAsync_WithNonExistingId_ReturnsNull" computerName="onur-TULPAR-T7-V20-5" duration="00:00:00.0003564" startTime="2025-09-12T08:39:46.9113777+03:00" endTime="2025-09-12T08:39:46.9113778+03:00" testType="13cdc9d9-ddb5-4fa4-a97d-d965ccfc6d4b" outcome="Passed" testListId="8c84fa94-04c1-424b-9868-57a2d4851a1d" relativeResultsDirectory="5bfae4df-473e-4ad6-99eb-b334c55e0e02" />
    <UnitTestResult executionId="a5a6284a-c78e-4c21-92d0-8133f1ce0009" testId="e7962a26-5982-7407-dcdd-3926ff592102" testName="Enterprise.Shared.Auditing.Tests.Models.SecurityAuditEventSimpleTests.Create_WithValidParameters_ReturnsConfiguredEvent" computerName="onur-TULPAR-T7-V20-5" duration="00:00:00.0010186" startTime="2025-09-12T08:39:46.9104880+03:00" endTime="2025-09-12T08:39:46.9104880+03:00" testType="13cdc9d9-ddb5-4fa4-a97d-d965ccfc6d4b" outcome="Passed" testListId="8c84fa94-04c1-424b-9868-57a2d4851a1d" relativeResultsDirectory="a5a6284a-c78e-4c21-92d0-8133f1ce0009" />
    <UnitTestResult executionId="3d86785a-950f-4a5e-9f9a-b9999149d862" testId="881ba049-d412-4ac7-98d1-1211340ae562" testName="Enterprise.Shared.Auditing.Tests.Models.SecurityAuditEventSimpleTests.FactoryMethod_CreateFailedLogin_SetsCorrectProperties" computerName="onur-TULPAR-T7-V20-5" duration="00:00:00.0021548" startTime="2025-09-12T08:39:46.9109379+03:00" endTime="2025-09-12T08:39:46.9109379+03:00" testType="13cdc9d9-ddb5-4fa4-a97d-d965ccfc6d4b" outcome="Passed" testListId="8c84fa94-04c1-424b-9868-57a2d4851a1d" relativeResultsDirectory="3d86785a-950f-4a5e-9f9a-b9999149d862" />
    <UnitTestResult executionId="7bb8a9ca-3caa-4c93-93e0-4ae6943168b0" testId="1d5f6378-83c3-6752-8284-32db5309f530" testName="Enterprise.Shared.Auditing.Tests.HealthChecks.AuditHealthCheckSimpleTests.CheckHealthAsync_WhenStoreHealthCheckFails_ReturnsDegraded" computerName="onur-TULPAR-T7-V20-5" duration="00:00:00.0005471" startTime="2025-09-12T08:39:46.9829317+03:00" endTime="2025-09-12T08:39:46.9829317+03:00" testType="13cdc9d9-ddb5-4fa4-a97d-d965ccfc6d4b" outcome="Passed" testListId="8c84fa94-04c1-424b-9868-57a2d4851a1d" relativeResultsDirectory="7bb8a9ca-3caa-4c93-93e0-4ae6943168b0" />
    <UnitTestResult executionId="f84c5021-9fdc-4319-befa-7766571cc176" testId="ef1efab7-f0a5-54cc-3e1d-b90e55d8fb25" testName="Enterprise.Shared.Auditing.Tests.HealthChecks.AuditHealthCheckSimpleTests.CheckHealthAsync_WhenAllHealthy_ReturnsHealthy" computerName="onur-TULPAR-T7-V20-5" duration="00:00:00.0595805" startTime="2025-09-12T08:39:46.9827517+03:00" endTime="2025-09-12T08:39:46.9827518+03:00" testType="13cdc9d9-ddb5-4fa4-a97d-d965ccfc6d4b" outcome="Failed" testListId="8c84fa94-04c1-424b-9868-57a2d4851a1d" relativeResultsDirectory="f84c5021-9fdc-4319-befa-7766571cc176">
      <Output>
        <ErrorInfo>
          <Message>Expected result.Status to be HealthStatus.Healthy {value: 2}, but found HealthStatus.Degraded {value: 1}.</Message>
          <StackTrace>   at FluentAssertions.Execution.XUnit2TestFramework.Throw(String message)
   at FluentAssertions.Execution.TestFrameworkProvider.Throw(String message)
   at FluentAssertions.Execution.DefaultAssertionStrategy.HandleFailure(String message)
   at FluentAssertions.Execution.AssertionScope.FailWith(Func`1 failReasonFunc)
   at FluentAssertions.Execution.AssertionScope.FailWith(Func`1 failReasonFunc)
   at FluentAssertions.Execution.AssertionScope.FailWith(String message, Object[] args)
   at FluentAssertions.Primitives.EnumAssertions`2.Be(TEnum expected, String because, Object[] becauseArgs)
   at Enterprise.Shared.Auditing.Tests.HealthChecks.AuditHealthCheckSimpleTests.CheckHealthAsync_WhenAllHealthy_ReturnsHealthy() in /home/onur/Desktop/PlatformV1/src/Shared/Enterprise.Shared.Auditing.Tests/HealthChecks/AuditHealthCheckSimpleTests.cs:line 78
--- End of stack trace from previous location ---</StackTrace>
        </ErrorInfo>
      </Output>
    </UnitTestResult>
    <UnitTestResult executionId="43b721cf-e876-47db-a995-0396565be1df" testId="6447034d-edb1-678f-b099-672ed12a7605" testName="Enterprise.Shared.Auditing.Tests.Services.AuditServiceSimpleTests.GetEventAsync_WithValidId_ReturnsEvent" computerName="onur-TULPAR-T7-V20-5" duration="00:00:00.0582576" startTime="2025-09-12T08:39:46.9253934+03:00" endTime="2025-09-12T08:39:46.9253935+03:00" testType="13cdc9d9-ddb5-4fa4-a97d-d965ccfc6d4b" outcome="Passed" testListId="8c84fa94-04c1-424b-9868-57a2d4851a1d" relativeResultsDirectory="43b721cf-e876-47db-a995-0396565be1df" />
    <UnitTestResult executionId="d5eba26d-6b80-4df1-8236-3b10f0b351b6" testId="006fc6bf-8ac2-2338-8302-7b760e5b8337" testName="Enterprise.Shared.Auditing.Tests.Services.InMemoryAuditStoreSimpleTests.GetEventAsync_WithExistingId_ReturnsEvent" computerName="onur-TULPAR-T7-V20-5" duration="00:00:00.0109017" startTime="2025-09-12T08:39:46.8844731+03:00" endTime="2025-09-12T08:39:46.8844732+03:00" testType="13cdc9d9-ddb5-4fa4-a97d-d965ccfc6d4b" outcome="Passed" testListId="8c84fa94-04c1-424b-9868-57a2d4851a1d" relativeResultsDirectory="d5eba26d-6b80-4df1-8236-3b10f0b351b6" />
    <UnitTestResult executionId="b6275b06-a276-488c-85c2-df434d41d1fc" testId="aa030906-38fd-2092-cec0-448b25aaf208" testName="Enterprise.Shared.Auditing.Tests.Services.InMemoryAuditStoreSimpleTests.HealthCheckAsync_WithHealthyStore_ReturnsSuccess" computerName="onur-TULPAR-T7-V20-5" duration="00:00:00.0005396" startTime="2025-09-12T08:39:46.9110840+03:00" endTime="2025-09-12T08:39:46.9110840+03:00" testType="13cdc9d9-ddb5-4fa4-a97d-d965ccfc6d4b" outcome="Passed" testListId="8c84fa94-04c1-424b-9868-57a2d4851a1d" relativeResultsDirectory="b6275b06-a276-488c-85c2-df434d41d1fc" />
    <UnitTestResult executionId="c17b0fd2-8c89-4eab-83e8-ab0d0fcdc77d" testId="55dbbe83-9ad7-9ff5-141e-e8b63a99705f" testName="Enterprise.Shared.Auditing.Tests.Models.SecurityAuditEventSimpleTests.WithRisk_SetIsAlertBasedOnThreshold(riskScore: 50, expectedAlert: False)" computerName="onur-TULPAR-T7-V20-5" duration="00:00:00.0000088" startTime="2025-09-12T08:39:46.9093545+03:00" endTime="2025-09-12T08:39:46.9093789+03:00" testType="13cdc9d9-ddb5-4fa4-a97d-d965ccfc6d4b" outcome="Passed" testListId="8c84fa94-04c1-424b-9868-57a2d4851a1d" relativeResultsDirectory="c17b0fd2-8c89-4eab-83e8-ab0d0fcdc77d" />
    <UnitTestResult executionId="c0ceffb4-c0ca-4cb9-b002-e1b7e14445e4" testId="8e6bc6cd-d29d-35b7-4089-eb83d7de14eb" testName="Enterprise.Shared.Auditing.Tests.Models.SecurityAuditEventSimpleTests.Constructor_SetsSecurityDefaults" computerName="onur-TULPAR-T7-V20-5" duration="00:00:00.0010872" startTime="2025-09-12T08:39:46.9109804+03:00" endTime="2025-09-12T08:39:46.9109804+03:00" testType="13cdc9d9-ddb5-4fa4-a97d-d965ccfc6d4b" outcome="Passed" testListId="8c84fa94-04c1-424b-9868-57a2d4851a1d" relativeResultsDirectory="c0ceffb4-c0ca-4cb9-b002-e1b7e14445e4" />
    <UnitTestResult executionId="2ee493fa-68c6-4fb9-99ee-30d720f85102" testId="97bd0b96-0566-4935-2820-9c3ae961b451" testName="Enterprise.Shared.Auditing.Tests.Models.SecurityAuditEventSimpleTests.Create_WithDifferentEventTypes_SetsCorrectType(eventType: AccountManagement)" computerName="onur-TULPAR-T7-V20-5" duration="00:00:00.0000141" startTime="2025-09-12T08:39:46.9109076+03:00" endTime="2025-09-12T08:39:46.9109076+03:00" testType="13cdc9d9-ddb5-4fa4-a97d-d965ccfc6d4b" outcome="Passed" testListId="8c84fa94-04c1-424b-9868-57a2d4851a1d" relativeResultsDirectory="2ee493fa-68c6-4fb9-99ee-30d720f85102" />
    <UnitTestResult executionId="6c688adc-e271-4e7f-b06f-384fdc07b31e" testId="63219dba-37d6-9cab-ed0c-a714bdc3b3fb" testName="Enterprise.Shared.Auditing.Tests.Services.InMemoryAuditStoreSimpleTests.GetEventCountAsync_WithDateRange_ReturnsCorrectCount" computerName="onur-TULPAR-T7-V20-5" duration="00:00:00.0010757" startTime="2025-09-12T08:39:46.9110610+03:00" endTime="2025-09-12T08:39:46.9110611+03:00" testType="13cdc9d9-ddb5-4fa4-a97d-d965ccfc6d4b" outcome="Passed" testListId="8c84fa94-04c1-424b-9868-57a2d4851a1d" relativeResultsDirectory="6c688adc-e271-4e7f-b06f-384fdc07b31e" />
    <UnitTestResult executionId="6dd53161-c0ab-482f-b35f-1ae06249f550" testId="0e34243f-ad7c-0dbf-b995-d8e7774fa91f" testName="Enterprise.Shared.Auditing.Tests.Services.AuditServiceSimpleTests.LogEventAsync_WithValidEvent_StoresEventSuccessfully" computerName="onur-TULPAR-T7-V20-5" duration="00:00:00.0017180" startTime="2025-09-12T08:39:46.9341769+03:00" endTime="2025-09-12T08:39:46.9341770+03:00" testType="13cdc9d9-ddb5-4fa4-a97d-d965ccfc6d4b" outcome="Passed" testListId="8c84fa94-04c1-424b-9868-57a2d4851a1d" relativeResultsDirectory="6dd53161-c0ab-482f-b35f-1ae06249f550" />
    <UnitTestResult executionId="2c6a3f95-2703-4e26-9e97-c8713af78f57" testId="892ce8c2-c3bb-2266-a377-84d97bf791ef" testName="Enterprise.Shared.Auditing.Tests.Models.ValidationResultTests.Constructor_WithSuccess_SetsCorrectValues" computerName="onur-TULPAR-T7-V20-5" duration="00:00:00.0083614" startTime="2025-09-12T08:39:46.8807172+03:00" endTime="2025-09-12T08:39:46.8807507+03:00" testType="13cdc9d9-ddb5-4fa4-a97d-d965ccfc6d4b" outcome="Passed" testListId="8c84fa94-04c1-424b-9868-57a2d4851a1d" relativeResultsDirectory="2c6a3f95-2703-4e26-9e97-c8713af78f57" />
    <UnitTestResult executionId="af4ca50a-5b6a-4b11-9f23-6e2698bf346d" testId="7d7f23f0-16aa-a751-4837-a88f5f9da51b" testName="Enterprise.Shared.Auditing.Tests.Models.ValidationResultTests.Failure_WithMessage_ReturnsFailedResult" computerName="onur-TULPAR-T7-V20-5" duration="00:00:00.0004420" startTime="2025-09-12T08:39:46.9094406+03:00" endTime="2025-09-12T08:39:46.9094407+03:00" testType="13cdc9d9-ddb5-4fa4-a97d-d965ccfc6d4b" outcome="Passed" testListId="8c84fa94-04c1-424b-9868-57a2d4851a1d" relativeResultsDirectory="af4ca50a-5b6a-4b11-9f23-6e2698bf346d" />
    <UnitTestResult executionId="4ee64438-68df-49a9-b82a-74681d3beea9" testId="b021b8bf-94f8-8cd0-effc-fc080e5da295" testName="Enterprise.Shared.Auditing.Tests.Models.SecurityAuditEventSimpleTests.Create_WithDifferentEventTypes_SetsCorrectType(eventType: Authentication)" computerName="onur-TULPAR-T7-V20-5" duration="00:00:00.0002261" startTime="2025-09-12T08:39:46.9106249+03:00" endTime="2025-09-12T08:39:46.9106250+03:00" testType="13cdc9d9-ddb5-4fa4-a97d-d965ccfc6d4b" outcome="Passed" testListId="8c84fa94-04c1-424b-9868-57a2d4851a1d" relativeResultsDirectory="4ee64438-68df-49a9-b82a-74681d3beea9" />
    <UnitTestResult executionId="85c418a6-57ef-43f2-9ac4-eb0ac802f894" testId="e2a3558c-55a8-e942-5627-563abe02b662" testName="Enterprise.Shared.Auditing.Tests.Services.InMemoryAuditStoreSimpleTests.QueryEventsAsync_WithSorting_ReturnsSortedResults" computerName="onur-TULPAR-T7-V20-5" duration="00:00:00.0009602" startTime="2025-09-12T08:39:46.9113537+03:00" endTime="2025-09-12T08:39:46.9113538+03:00" testType="13cdc9d9-ddb5-4fa4-a97d-d965ccfc6d4b" outcome="Passed" testListId="8c84fa94-04c1-424b-9868-57a2d4851a1d" relativeResultsDirectory="85c418a6-57ef-43f2-9ac4-eb0ac802f894" />
    <UnitTestResult executionId="9046b4c8-a018-41fc-a675-5347abfcc4a6" testId="04d143ea-cb2a-c7bf-b067-c9eec5e8a4a5" testName="Enterprise.Shared.Auditing.Tests.Models.AuditEventSimpleTests.Properties_CanBeModifiedDirectly" computerName="onur-TULPAR-T7-V20-5" duration="00:00:00.0016374" startTime="2025-09-12T08:39:46.9114232+03:00" endTime="2025-09-12T08:39:46.9114232+03:00" testType="13cdc9d9-ddb5-4fa4-a97d-d965ccfc6d4b" outcome="Passed" testListId="8c84fa94-04c1-424b-9868-57a2d4851a1d" relativeResultsDirectory="9046b4c8-a018-41fc-a675-5347abfcc4a6" />
    <UnitTestResult executionId="c7527ccb-0c6e-4275-b372-1b1cb46d80a1" testId="78fde34a-4e5d-bc8e-4f05-2d0347e68bd3" testName="Enterprise.Shared.Auditing.Tests.Services.InMemoryAuditStoreSimpleTests.StoreEventAsync_WithNullEvent_ReturnsFailure" computerName="onur-TULPAR-T7-V20-5" duration="00:00:00.0007289" startTime="2025-09-12T08:39:46.9113307+03:00" endTime="2025-09-12T08:39:46.9113307+03:00" testType="13cdc9d9-ddb5-4fa4-a97d-d965ccfc6d4b" outcome="Passed" testListId="8c84fa94-04c1-424b-9868-57a2d4851a1d" relativeResultsDirectory="c7527ccb-0c6e-4275-b372-1b1cb46d80a1" />
    <UnitTestResult executionId="3b0761ea-dc4b-447d-af00-3809bcb2b7d4" testId="fe81ca39-7ff9-c8f7-327e-f838b849bf45" testName="Enterprise.Shared.Auditing.Tests.Models.SecurityAuditEventSimpleTests.WithRisk_SetIsAlertBasedOnThreshold(riskScore: 100, expectedAlert: True)" computerName="onur-TULPAR-T7-V20-5" duration="00:00:00.0083607" startTime="2025-09-12T08:39:46.8839947+03:00" endTime="2025-09-12T08:39:46.8839948+03:00" testType="13cdc9d9-ddb5-4fa4-a97d-d965ccfc6d4b" outcome="Passed" testListId="8c84fa94-04c1-424b-9868-57a2d4851a1d" relativeResultsDirectory="3b0761ea-dc4b-447d-af00-3809bcb2b7d4" />
    <UnitTestResult executionId="df6920cd-d52b-4225-a12c-4e58c6587ec4" testId="eab7bf6d-6a6d-aabd-f35c-888b996d6f4a" testName="Enterprise.Shared.Auditing.Tests.Models.ValidationResultTests.Constructor_WithFailure_SetsCorrectValues" computerName="onur-TULPAR-T7-V20-5" duration="00:00:00.0001307" startTime="2025-09-12T08:39:46.9094820+03:00" endTime="2025-09-12T08:39:46.9094820+03:00" testType="13cdc9d9-ddb5-4fa4-a97d-d965ccfc6d4b" outcome="Passed" testListId="8c84fa94-04c1-424b-9868-57a2d4851a1d" relativeResultsDirectory="df6920cd-d52b-4225-a12c-4e58c6587ec4" />
    <UnitTestResult executionId="4ffb10a5-426c-4428-bece-f95be8bad97d" testId="e3770ee4-7ecc-87a5-1fdc-ddaa3d786639" testName="Enterprise.Shared.Auditing.Tests.Services.AuditServiceSimpleTests.LogEventAsync_WithNullEvent_ReturnsFailure" computerName="onur-TULPAR-T7-V20-5" duration="00:00:00.0031491" startTime="2025-09-12T08:39:46.9286316+03:00" endTime="2025-09-12T08:39:46.9286317+03:00" testType="13cdc9d9-ddb5-4fa4-a97d-d965ccfc6d4b" outcome="Passed" testListId="8c84fa94-04c1-424b-9868-57a2d4851a1d" relativeResultsDirectory="4ffb10a5-426c-4428-bece-f95be8bad97d" />
  </Results>
  <TestDefinitions>
    <UnitTest name="Enterprise.Shared.Auditing.Tests.Services.InMemoryAuditStoreSimpleTests.GetEventAsync_WithExistingId_ReturnsEvent" storage="/home/onur/desktop/platformv1/src/shared/enterprise.shared.auditing.tests/bin/debug/net8.0/enterprise.shared.auditing.tests.dll" id="006fc6bf-8ac2-2338-8302-7b760e5b8337">
      <Execution id="d5eba26d-6b80-4df1-8236-3b10f0b351b6" />
      <TestMethod codeBase="/home/onur/Desktop/PlatformV1/src/Shared/Enterprise.Shared.Auditing.Tests/bin/Debug/net8.0/Enterprise.Shared.Auditing.Tests.dll" adapterTypeName="executor://xunit/VsTestRunner2/netcoreapp" className="Enterprise.Shared.Auditing.Tests.Services.InMemoryAuditStoreSimpleTests" name="GetEventAsync_WithExistingId_ReturnsEvent" />
    </UnitTest>
    <UnitTest name="Enterprise.Shared.Auditing.Tests.Services.InMemoryAuditStoreSimpleTests.QueryEventsAsync_WithSorting_ReturnsSortedResults" storage="/home/onur/desktop/platformv1/src/shared/enterprise.shared.auditing.tests/bin/debug/net8.0/enterprise.shared.auditing.tests.dll" id="e2a3558c-55a8-e942-5627-563abe02b662">
      <Execution id="85c418a6-57ef-43f2-9ac4-eb0ac802f894" />
      <TestMethod codeBase="/home/onur/Desktop/PlatformV1/src/Shared/Enterprise.Shared.Auditing.Tests/bin/Debug/net8.0/Enterprise.Shared.Auditing.Tests.dll" adapterTypeName="executor://xunit/VsTestRunner2/netcoreapp" className="Enterprise.Shared.Auditing.Tests.Services.InMemoryAuditStoreSimpleTests" name="QueryEventsAsync_WithSorting_ReturnsSortedResults" />
    </UnitTest>
    <UnitTest name="Enterprise.Shared.Auditing.Tests.Models.ValidationResultTests.Failure_WithMessage_ReturnsFailedResult" storage="/home/onur/desktop/platformv1/src/shared/enterprise.shared.auditing.tests/bin/debug/net8.0/enterprise.shared.auditing.tests.dll" id="7d7f23f0-16aa-a751-4837-a88f5f9da51b">
      <Execution id="af4ca50a-5b6a-4b11-9f23-6e2698bf346d" />
      <TestMethod codeBase="/home/onur/Desktop/PlatformV1/src/Shared/Enterprise.Shared.Auditing.Tests/bin/Debug/net8.0/Enterprise.Shared.Auditing.Tests.dll" adapterTypeName="executor://xunit/VsTestRunner2/netcoreapp" className="Enterprise.Shared.Auditing.Tests.Models.ValidationResultTests" name="Failure_WithMessage_ReturnsFailedResult" />
    </UnitTest>
    <UnitTest name="Enterprise.Shared.Auditing.Tests.Models.SecurityAuditEventSimpleTests.WithRisk_SetIsAlertBasedOnThreshold(riskScore: 50, expectedAlert: False)" storage="/home/onur/desktop/platformv1/src/shared/enterprise.shared.auditing.tests/bin/debug/net8.0/enterprise.shared.auditing.tests.dll" id="55dbbe83-9ad7-9ff5-141e-e8b63a99705f">
      <Execution id="c17b0fd2-8c89-4eab-83e8-ab0d0fcdc77d" />
      <TestMethod codeBase="/home/onur/Desktop/PlatformV1/src/Shared/Enterprise.Shared.Auditing.Tests/bin/Debug/net8.0/Enterprise.Shared.Auditing.Tests.dll" adapterTypeName="executor://xunit/VsTestRunner2/netcoreapp" className="Enterprise.Shared.Auditing.Tests.Models.SecurityAuditEventSimpleTests" name="WithRisk_SetIsAlertBasedOnThreshold" />
    </UnitTest>
    <UnitTest name="Enterprise.Shared.Auditing.Tests.Models.SecurityAuditEventSimpleTests.WithRisk_SetIsAlertBasedOnThreshold(riskScore: 100, expectedAlert: True)" storage="/home/onur/desktop/platformv1/src/shared/enterprise.shared.auditing.tests/bin/debug/net8.0/enterprise.shared.auditing.tests.dll" id="fe81ca39-7ff9-c8f7-327e-f838b849bf45">
      <Execution id="3b0761ea-dc4b-447d-af00-3809bcb2b7d4" />
      <TestMethod codeBase="/home/onur/Desktop/PlatformV1/src/Shared/Enterprise.Shared.Auditing.Tests/bin/Debug/net8.0/Enterprise.Shared.Auditing.Tests.dll" adapterTypeName="executor://xunit/VsTestRunner2/netcoreapp" className="Enterprise.Shared.Auditing.Tests.Models.SecurityAuditEventSimpleTests" name="WithRisk_SetIsAlertBasedOnThreshold" />
    </UnitTest>
    <UnitTest name="Enterprise.Shared.Auditing.Tests.Models.SecurityAuditEventSimpleTests.Create_WithDifferentEventTypes_SetsCorrectType(eventType: Authentication)" storage="/home/onur/desktop/platformv1/src/shared/enterprise.shared.auditing.tests/bin/debug/net8.0/enterprise.shared.auditing.tests.dll" id="b021b8bf-94f8-8cd0-effc-fc080e5da295">
      <Execution id="4ee64438-68df-49a9-b82a-74681d3beea9" />
      <TestMethod codeBase="/home/onur/Desktop/PlatformV1/src/Shared/Enterprise.Shared.Auditing.Tests/bin/Debug/net8.0/Enterprise.Shared.Auditing.Tests.dll" adapterTypeName="executor://xunit/VsTestRunner2/netcoreapp" className="Enterprise.Shared.Auditing.Tests.Models.SecurityAuditEventSimpleTests" name="Create_WithDifferentEventTypes_SetsCorrectType" />
    </UnitTest>
    <UnitTest name="Enterprise.Shared.Auditing.Tests.HealthChecks.AuditHealthCheckSimpleTests.CheckHealthAsync_WhenServiceTestFails_ReturnsUnhealthy" storage="/home/onur/desktop/platformv1/src/shared/enterprise.shared.auditing.tests/bin/debug/net8.0/enterprise.shared.auditing.tests.dll" id="746957b1-64b5-6f49-8865-77ec9c46b43c">
      <Execution id="fc190bae-0236-41ba-8795-17ff132f05dc" />
      <TestMethod codeBase="/home/onur/Desktop/PlatformV1/src/Shared/Enterprise.Shared.Auditing.Tests/bin/Debug/net8.0/Enterprise.Shared.Auditing.Tests.dll" adapterTypeName="executor://xunit/VsTestRunner2/netcoreapp" className="Enterprise.Shared.Auditing.Tests.HealthChecks.AuditHealthCheckSimpleTests" name="CheckHealthAsync_WhenServiceTestFails_ReturnsUnhealthy" />
    </UnitTest>
    <UnitTest name="Enterprise.Shared.Auditing.Tests.Services.AuditServiceSimpleTests.SearchEventsAsync_WithValidCriteria_ReturnsResults" storage="/home/onur/desktop/platformv1/src/shared/enterprise.shared.auditing.tests/bin/debug/net8.0/enterprise.shared.auditing.tests.dll" id="92d348cb-a0cf-de03-a4ca-0c3074026d8c">
      <Execution id="859d83bf-698e-4e5c-b73d-d0a00896b995" />
      <TestMethod codeBase="/home/onur/Desktop/PlatformV1/src/Shared/Enterprise.Shared.Auditing.Tests/bin/Debug/net8.0/Enterprise.Shared.Auditing.Tests.dll" adapterTypeName="executor://xunit/VsTestRunner2/netcoreapp" className="Enterprise.Shared.Auditing.Tests.Services.AuditServiceSimpleTests" name="SearchEventsAsync_WithValidCriteria_ReturnsResults" />
    </UnitTest>
    <UnitTest name="Enterprise.Shared.Auditing.Tests.Models.AuditEventSimpleTests.WithCorrelation_SetsCorrelationId" storage="/home/onur/desktop/platformv1/src/shared/enterprise.shared.auditing.tests/bin/debug/net8.0/enterprise.shared.auditing.tests.dll" id="9d0e2bef-0ef6-d425-e0bf-71aa22d99fe1">
      <Execution id="ae1e72f2-b37a-422b-bdd3-bb5f0b524e41" />
      <TestMethod codeBase="/home/onur/Desktop/PlatformV1/src/Shared/Enterprise.Shared.Auditing.Tests/bin/Debug/net8.0/Enterprise.Shared.Auditing.Tests.dll" adapterTypeName="executor://xunit/VsTestRunner2/netcoreapp" className="Enterprise.Shared.Auditing.Tests.Models.AuditEventSimpleTests" name="WithCorrelation_SetsCorrelationId" />
    </UnitTest>
    <UnitTest name="Enterprise.Shared.Auditing.Tests.Models.SecurityAuditEventSimpleTests.WithRisk_SetIsAlertBasedOnThreshold(riskScore: 0, expectedAlert: False)" storage="/home/onur/desktop/platformv1/src/shared/enterprise.shared.auditing.tests/bin/debug/net8.0/enterprise.shared.auditing.tests.dll" id="68dbc2c6-398b-ae19-ce9f-587c69a19e83">
      <Execution id="78f0e756-3886-4a3f-a8d7-7d5273f474da" />
      <TestMethod codeBase="/home/onur/Desktop/PlatformV1/src/Shared/Enterprise.Shared.Auditing.Tests/bin/Debug/net8.0/Enterprise.Shared.Auditing.Tests.dll" adapterTypeName="executor://xunit/VsTestRunner2/netcoreapp" className="Enterprise.Shared.Auditing.Tests.Models.SecurityAuditEventSimpleTests" name="WithRisk_SetIsAlertBasedOnThreshold" />
    </UnitTest>
    <UnitTest name="Enterprise.Shared.Auditing.Tests.Services.InMemoryAuditStoreSimpleTests.HealthCheckAsync_WithHealthyStore_ReturnsSuccess" storage="/home/onur/desktop/platformv1/src/shared/enterprise.shared.auditing.tests/bin/debug/net8.0/enterprise.shared.auditing.tests.dll" id="aa030906-38fd-2092-cec0-448b25aaf208">
      <Execution id="b6275b06-a276-488c-85c2-df434d41d1fc" />
      <TestMethod codeBase="/home/onur/Desktop/PlatformV1/src/Shared/Enterprise.Shared.Auditing.Tests/bin/Debug/net8.0/Enterprise.Shared.Auditing.Tests.dll" adapterTypeName="executor://xunit/VsTestRunner2/netcoreapp" className="Enterprise.Shared.Auditing.Tests.Services.InMemoryAuditStoreSimpleTests" name="HealthCheckAsync_WithHealthyStore_ReturnsSuccess" />
    </UnitTest>
    <UnitTest name="Enterprise.Shared.Auditing.Tests.Models.SecurityAuditEventSimpleTests.FactoryMethod_CreateSuccessfulLogin_SetsCorrectProperties" storage="/home/onur/desktop/platformv1/src/shared/enterprise.shared.auditing.tests/bin/debug/net8.0/enterprise.shared.auditing.tests.dll" id="7bb366b8-2eed-e56f-7ac0-0511636cb3bf">
      <Execution id="2b7e83c0-9082-435b-93f9-97e7b1eef3ed" />
      <TestMethod codeBase="/home/onur/Desktop/PlatformV1/src/Shared/Enterprise.Shared.Auditing.Tests/bin/Debug/net8.0/Enterprise.Shared.Auditing.Tests.dll" adapterTypeName="executor://xunit/VsTestRunner2/netcoreapp" className="Enterprise.Shared.Auditing.Tests.Models.SecurityAuditEventSimpleTests" name="FactoryMethod_CreateSuccessfulLogin_SetsCorrectProperties" />
    </UnitTest>
    <UnitTest name="Enterprise.Shared.Auditing.Tests.Models.SecurityAuditEventSimpleTests.WithAuthorization_SetsAuthorizationProperties" storage="/home/onur/desktop/platformv1/src/shared/enterprise.shared.auditing.tests/bin/debug/net8.0/enterprise.shared.auditing.tests.dll" id="c46c55dd-cf3f-ba1f-b6d7-c83499745af9">
      <Execution id="35969bb2-8613-4a77-b4a9-491db3a13b70" />
      <TestMethod codeBase="/home/onur/Desktop/PlatformV1/src/Shared/Enterprise.Shared.Auditing.Tests/bin/Debug/net8.0/Enterprise.Shared.Auditing.Tests.dll" adapterTypeName="executor://xunit/VsTestRunner2/netcoreapp" className="Enterprise.Shared.Auditing.Tests.Models.SecurityAuditEventSimpleTests" name="WithAuthorization_SetsAuthorizationProperties" />
    </UnitTest>
    <UnitTest name="Enterprise.Shared.Auditing.Tests.HealthChecks.AuditHealthCheckSimpleTests.CheckHealthAsync_WhenAuditingDisabled_ReturnsHealthy" storage="/home/onur/desktop/platformv1/src/shared/enterprise.shared.auditing.tests/bin/debug/net8.0/enterprise.shared.auditing.tests.dll" id="8754c9d7-ca62-f970-014d-3e6f754734a1">
      <Execution id="fd1a2949-56b4-403b-871c-5eaa21d1d730" />
      <TestMethod codeBase="/home/onur/Desktop/PlatformV1/src/Shared/Enterprise.Shared.Auditing.Tests/bin/Debug/net8.0/Enterprise.Shared.Auditing.Tests.dll" adapterTypeName="executor://xunit/VsTestRunner2/netcoreapp" className="Enterprise.Shared.Auditing.Tests.HealthChecks.AuditHealthCheckSimpleTests" name="CheckHealthAsync_WhenAuditingDisabled_ReturnsHealthy" />
    </UnitTest>
    <UnitTest name="Enterprise.Shared.Auditing.Tests.Models.AuditEventSimpleTests.Create_WithValidParameters_ReturnsConfiguredEvent" storage="/home/onur/desktop/platformv1/src/shared/enterprise.shared.auditing.tests/bin/debug/net8.0/enterprise.shared.auditing.tests.dll" id="8bb21605-680d-c45d-24b1-29b3d4fd8dd5">
      <Execution id="39d9da33-0e14-4b5e-810c-a95ae0c56dd2" />
      <TestMethod codeBase="/home/onur/Desktop/PlatformV1/src/Shared/Enterprise.Shared.Auditing.Tests/bin/Debug/net8.0/Enterprise.Shared.Auditing.Tests.dll" adapterTypeName="executor://xunit/VsTestRunner2/netcoreapp" className="Enterprise.Shared.Auditing.Tests.Models.AuditEventSimpleTests" name="Create_WithValidParameters_ReturnsConfiguredEvent" />
    </UnitTest>
    <UnitTest name="Enterprise.Shared.Auditing.Tests.Models.AuditEventSimpleTests.WithUser_SetsUserProperties" storage="/home/onur/desktop/platformv1/src/shared/enterprise.shared.auditing.tests/bin/debug/net8.0/enterprise.shared.auditing.tests.dll" id="043fd654-a5c8-49d0-ec81-8b8cf9c3ee25">
      <Execution id="4ba6ce44-3954-4ba7-9246-87c0fdc916e4" />
      <TestMethod codeBase="/home/onur/Desktop/PlatformV1/src/Shared/Enterprise.Shared.Auditing.Tests/bin/Debug/net8.0/Enterprise.Shared.Auditing.Tests.dll" adapterTypeName="executor://xunit/VsTestRunner2/netcoreapp" className="Enterprise.Shared.Auditing.Tests.Models.AuditEventSimpleTests" name="WithUser_SetsUserProperties" />
    </UnitTest>
    <UnitTest name="Enterprise.Shared.Auditing.Tests.Models.ValidationResultTests.Constructor_WithSuccess_SetsCorrectValues" storage="/home/onur/desktop/platformv1/src/shared/enterprise.shared.auditing.tests/bin/debug/net8.0/enterprise.shared.auditing.tests.dll" id="892ce8c2-c3bb-2266-a377-84d97bf791ef">
      <Execution id="2c6a3f95-2703-4e26-9e97-c8713af78f57" />
      <TestMethod codeBase="/home/onur/Desktop/PlatformV1/src/Shared/Enterprise.Shared.Auditing.Tests/bin/Debug/net8.0/Enterprise.Shared.Auditing.Tests.dll" adapterTypeName="executor://xunit/VsTestRunner2/netcoreapp" className="Enterprise.Shared.Auditing.Tests.Models.ValidationResultTests" name="Constructor_WithSuccess_SetsCorrectValues" />
    </UnitTest>
    <UnitTest name="Enterprise.Shared.Auditing.Tests.Services.AuditServiceSimpleTests.GetEventAsync_WithValidId_ReturnsEvent" storage="/home/onur/desktop/platformv1/src/shared/enterprise.shared.auditing.tests/bin/debug/net8.0/enterprise.shared.auditing.tests.dll" id="6447034d-edb1-678f-b099-672ed12a7605">
      <Execution id="43b721cf-e876-47db-a995-0396565be1df" />
      <TestMethod codeBase="/home/onur/Desktop/PlatformV1/src/Shared/Enterprise.Shared.Auditing.Tests/bin/Debug/net8.0/Enterprise.Shared.Auditing.Tests.dll" adapterTypeName="executor://xunit/VsTestRunner2/netcoreapp" className="Enterprise.Shared.Auditing.Tests.Services.AuditServiceSimpleTests" name="GetEventAsync_WithValidId_ReturnsEvent" />
    </UnitTest>
    <UnitTest name="Enterprise.Shared.Auditing.Tests.Models.ValidationResultTests.Constructor_WithFailure_SetsCorrectValues" storage="/home/onur/desktop/platformv1/src/shared/enterprise.shared.auditing.tests/bin/debug/net8.0/enterprise.shared.auditing.tests.dll" id="eab7bf6d-6a6d-aabd-f35c-888b996d6f4a">
      <Execution id="df6920cd-d52b-4225-a12c-4e58c6587ec4" />
      <TestMethod codeBase="/home/onur/Desktop/PlatformV1/src/Shared/Enterprise.Shared.Auditing.Tests/bin/Debug/net8.0/Enterprise.Shared.Auditing.Tests.dll" adapterTypeName="executor://xunit/VsTestRunner2/netcoreapp" className="Enterprise.Shared.Auditing.Tests.Models.ValidationResultTests" name="Constructor_WithFailure_SetsCorrectValues" />
    </UnitTest>
    <UnitTest name="Enterprise.Shared.Auditing.Tests.Services.AuditServiceSimpleTests.GetEventAsync_WithEmptyId_ReturnsNull" storage="/home/onur/desktop/platformv1/src/shared/enterprise.shared.auditing.tests/bin/debug/net8.0/enterprise.shared.auditing.tests.dll" id="e3fa2a54-b952-607d-b737-34af95ccaf48">
      <Execution id="b16ce15b-943c-4d55-9bad-425ccaa4baf7" />
      <TestMethod codeBase="/home/onur/Desktop/PlatformV1/src/Shared/Enterprise.Shared.Auditing.Tests/bin/Debug/net8.0/Enterprise.Shared.Auditing.Tests.dll" adapterTypeName="executor://xunit/VsTestRunner2/netcoreapp" className="Enterprise.Shared.Auditing.Tests.Services.AuditServiceSimpleTests" name="GetEventAsync_WithEmptyId_ReturnsNull" />
    </UnitTest>
    <UnitTest name="Enterprise.Shared.Auditing.Tests.Models.SecurityAuditEventSimpleTests.WithRisk_SetsRiskProperties" storage="/home/onur/desktop/platformv1/src/shared/enterprise.shared.auditing.tests/bin/debug/net8.0/enterprise.shared.auditing.tests.dll" id="3d836c61-9ce9-2045-0f15-ec0c88f9e269">
      <Execution id="5f409f77-c103-44b2-bbf4-bd9f3a329147" />
      <TestMethod codeBase="/home/onur/Desktop/PlatformV1/src/Shared/Enterprise.Shared.Auditing.Tests/bin/Debug/net8.0/Enterprise.Shared.Auditing.Tests.dll" adapterTypeName="executor://xunit/VsTestRunner2/netcoreapp" className="Enterprise.Shared.Auditing.Tests.Models.SecurityAuditEventSimpleTests" name="WithRisk_SetsRiskProperties" />
    </UnitTest>
    <UnitTest name="Enterprise.Shared.Auditing.Tests.Services.AuditServiceSimpleTests.LogSecurityEventAsync_WithValidEvent_StoresEventSuccessfully" storage="/home/onur/desktop/platformv1/src/shared/enterprise.shared.auditing.tests/bin/debug/net8.0/enterprise.shared.auditing.tests.dll" id="4ebd8889-f49a-6c66-dc50-e03f8e1f8b45">
      <Execution id="e98445b4-9175-4c26-a228-0403d4f93ca3" />
      <TestMethod codeBase="/home/onur/Desktop/PlatformV1/src/Shared/Enterprise.Shared.Auditing.Tests/bin/Debug/net8.0/Enterprise.Shared.Auditing.Tests.dll" adapterTypeName="executor://xunit/VsTestRunner2/netcoreapp" className="Enterprise.Shared.Auditing.Tests.Services.AuditServiceSimpleTests" name="LogSecurityEventAsync_WithValidEvent_StoresEventSuccessfully" />
    </UnitTest>
    <UnitTest name="Enterprise.Shared.Auditing.Tests.Models.AuditEventSimpleTests.WithHttpContext_SetsHttpContextProperties" storage="/home/onur/desktop/platformv1/src/shared/enterprise.shared.auditing.tests/bin/debug/net8.0/enterprise.shared.auditing.tests.dll" id="a071813a-706a-d60a-ea8a-0bdeea9e61b9">
      <Execution id="02275685-f25c-495c-b831-6352fb9858ca" />
      <TestMethod codeBase="/home/onur/Desktop/PlatformV1/src/Shared/Enterprise.Shared.Auditing.Tests/bin/Debug/net8.0/Enterprise.Shared.Auditing.Tests.dll" adapterTypeName="executor://xunit/VsTestRunner2/netcoreapp" className="Enterprise.Shared.Auditing.Tests.Models.AuditEventSimpleTests" name="WithHttpContext_SetsHttpContextProperties" />
    </UnitTest>
    <UnitTest name="Enterprise.Shared.Auditing.Tests.Models.SecurityAuditEventSimpleTests.Create_WithDifferentEventTypes_SetsCorrectType(eventType: Authorization)" storage="/home/onur/desktop/platformv1/src/shared/enterprise.shared.auditing.tests/bin/debug/net8.0/enterprise.shared.auditing.tests.dll" id="da64ea37-950e-b681-e202-8667d4c254e6">
      <Execution id="19912305-1c06-4b45-9db3-1f34b40c8a81" />
      <TestMethod codeBase="/home/onur/Desktop/PlatformV1/src/Shared/Enterprise.Shared.Auditing.Tests/bin/Debug/net8.0/Enterprise.Shared.Auditing.Tests.dll" adapterTypeName="executor://xunit/VsTestRunner2/netcoreapp" className="Enterprise.Shared.Auditing.Tests.Models.SecurityAuditEventSimpleTests" name="Create_WithDifferentEventTypes_SetsCorrectType" />
    </UnitTest>
    <UnitTest name="Enterprise.Shared.Auditing.Tests.Models.AuditEventSimpleTests.Properties_CanBeModifiedDirectly" storage="/home/onur/desktop/platformv1/src/shared/enterprise.shared.auditing.tests/bin/debug/net8.0/enterprise.shared.auditing.tests.dll" id="04d143ea-cb2a-c7bf-b067-c9eec5e8a4a5">
      <Execution id="9046b4c8-a018-41fc-a675-5347abfcc4a6" />
      <TestMethod codeBase="/home/onur/Desktop/PlatformV1/src/Shared/Enterprise.Shared.Auditing.Tests/bin/Debug/net8.0/Enterprise.Shared.Auditing.Tests.dll" adapterTypeName="executor://xunit/VsTestRunner2/netcoreapp" className="Enterprise.Shared.Auditing.Tests.Models.AuditEventSimpleTests" name="Properties_CanBeModifiedDirectly" />
    </UnitTest>
    <UnitTest name="Enterprise.Shared.Auditing.Tests.Models.ValidationResultTests.Success_ReturnsSuccessfulResult" storage="/home/onur/desktop/platformv1/src/shared/enterprise.shared.auditing.tests/bin/debug/net8.0/enterprise.shared.auditing.tests.dll" id="ffde4746-c342-1c7f-7179-4122004fc211">
      <Execution id="ec93d006-a167-4d6e-a6f1-96ddf550b4af" />
      <TestMethod codeBase="/home/onur/Desktop/PlatformV1/src/Shared/Enterprise.Shared.Auditing.Tests/bin/Debug/net8.0/Enterprise.Shared.Auditing.Tests.dll" adapterTypeName="executor://xunit/VsTestRunner2/netcoreapp" className="Enterprise.Shared.Auditing.Tests.Models.ValidationResultTests" name="Success_ReturnsSuccessfulResult" />
    </UnitTest>
    <UnitTest name="Enterprise.Shared.Auditing.Tests.Services.AuditServiceSimpleTests.LogEventAsync_WithNullEvent_ReturnsFailure" storage="/home/onur/desktop/platformv1/src/shared/enterprise.shared.auditing.tests/bin/debug/net8.0/enterprise.shared.auditing.tests.dll" id="e3770ee4-7ecc-87a5-1fdc-ddaa3d786639">
      <Execution id="4ffb10a5-426c-4428-bece-f95be8bad97d" />
      <TestMethod codeBase="/home/onur/Desktop/PlatformV1/src/Shared/Enterprise.Shared.Auditing.Tests/bin/Debug/net8.0/Enterprise.Shared.Auditing.Tests.dll" adapterTypeName="executor://xunit/VsTestRunner2/netcoreapp" className="Enterprise.Shared.Auditing.Tests.Services.AuditServiceSimpleTests" name="LogEventAsync_WithNullEvent_ReturnsFailure" />
    </UnitTest>
    <UnitTest name="Enterprise.Shared.Auditing.Tests.Services.InMemoryAuditStoreSimpleTests.StoreEventAsync_WithValidEvent_StoresSuccessfully" storage="/home/onur/desktop/platformv1/src/shared/enterprise.shared.auditing.tests/bin/debug/net8.0/enterprise.shared.auditing.tests.dll" id="04ac4824-f947-b72d-c120-990f4c114093">
      <Execution id="33036d8a-6f09-48e0-b030-5b97628e9a4f" />
      <TestMethod codeBase="/home/onur/Desktop/PlatformV1/src/Shared/Enterprise.Shared.Auditing.Tests/bin/Debug/net8.0/Enterprise.Shared.Auditing.Tests.dll" adapterTypeName="executor://xunit/VsTestRunner2/netcoreapp" className="Enterprise.Shared.Auditing.Tests.Services.InMemoryAuditStoreSimpleTests" name="StoreEventAsync_WithValidEvent_StoresSuccessfully" />
    </UnitTest>
    <UnitTest name="Enterprise.Shared.Auditing.Tests.Services.AuditServiceSimpleTests.LogEventAsync_WhenDisabled_ReturnsSuccessWithoutStoring" storage="/home/onur/desktop/platformv1/src/shared/enterprise.shared.auditing.tests/bin/debug/net8.0/enterprise.shared.auditing.tests.dll" id="b938de1e-62e3-b21a-e545-a501f8c2033d">
      <Execution id="127993f7-9862-4611-aa68-3706ed49ce2b" />
      <TestMethod codeBase="/home/onur/Desktop/PlatformV1/src/Shared/Enterprise.Shared.Auditing.Tests/bin/Debug/net8.0/Enterprise.Shared.Auditing.Tests.dll" adapterTypeName="executor://xunit/VsTestRunner2/netcoreapp" className="Enterprise.Shared.Auditing.Tests.Services.AuditServiceSimpleTests" name="LogEventAsync_WhenDisabled_ReturnsSuccessWithoutStoring" />
    </UnitTest>
    <UnitTest name="Enterprise.Shared.Auditing.Tests.Models.SecurityAuditEventSimpleTests.Create_WithDifferentEventTypes_SetsCorrectType(eventType: AccountManagement)" storage="/home/onur/desktop/platformv1/src/shared/enterprise.shared.auditing.tests/bin/debug/net8.0/enterprise.shared.auditing.tests.dll" id="97bd0b96-0566-4935-2820-9c3ae961b451">
      <Execution id="2ee493fa-68c6-4fb9-99ee-30d720f85102" />
      <TestMethod codeBase="/home/onur/Desktop/PlatformV1/src/Shared/Enterprise.Shared.Auditing.Tests/bin/Debug/net8.0/Enterprise.Shared.Auditing.Tests.dll" adapterTypeName="executor://xunit/VsTestRunner2/netcoreapp" className="Enterprise.Shared.Auditing.Tests.Models.SecurityAuditEventSimpleTests" name="Create_WithDifferentEventTypes_SetsCorrectType" />
    </UnitTest>
    <UnitTest name="Enterprise.Shared.Auditing.Tests.Models.SecurityAuditEventSimpleTests.WithRisk_SetIsAlertBasedOnThreshold(riskScore: 75, expectedAlert: True)" storage="/home/onur/desktop/platformv1/src/shared/enterprise.shared.auditing.tests/bin/debug/net8.0/enterprise.shared.auditing.tests.dll" id="a009cc9d-c191-1c67-5b7a-4c0069e2c174">
      <Execution id="652eb8a2-b2f6-4f23-8739-147b57c85b1c" />
      <TestMethod codeBase="/home/onur/Desktop/PlatformV1/src/Shared/Enterprise.Shared.Auditing.Tests/bin/Debug/net8.0/Enterprise.Shared.Auditing.Tests.dll" adapterTypeName="executor://xunit/VsTestRunner2/netcoreapp" className="Enterprise.Shared.Auditing.Tests.Models.SecurityAuditEventSimpleTests" name="WithRisk_SetIsAlertBasedOnThreshold" />
    </UnitTest>
    <UnitTest name="Enterprise.Shared.Auditing.Tests.HealthChecks.AuditHealthCheckSimpleTests.CheckHealthAsync_WhenUnexpectedException_ReturnsUnhealthy" storage="/home/onur/desktop/platformv1/src/shared/enterprise.shared.auditing.tests/bin/debug/net8.0/enterprise.shared.auditing.tests.dll" id="def99c85-08e3-422b-c8ab-ed53d14d0bf1">
      <Execution id="6c68b5b4-3b96-4b07-8d0a-1050b243cb4d" />
      <TestMethod codeBase="/home/onur/Desktop/PlatformV1/src/Shared/Enterprise.Shared.Auditing.Tests/bin/Debug/net8.0/Enterprise.Shared.Auditing.Tests.dll" adapterTypeName="executor://xunit/VsTestRunner2/netcoreapp" className="Enterprise.Shared.Auditing.Tests.HealthChecks.AuditHealthCheckSimpleTests" name="CheckHealthAsync_WhenUnexpectedException_ReturnsUnhealthy" />
    </UnitTest>
    <UnitTest name="Enterprise.Shared.Auditing.Tests.Models.AuditEventSimpleTests.Create_WithDefaultResult_SetsSuccessResult" storage="/home/onur/desktop/platformv1/src/shared/enterprise.shared.auditing.tests/bin/debug/net8.0/enterprise.shared.auditing.tests.dll" id="eacbafcc-c655-16f6-d3f0-bd3df89de6f4">
      <Execution id="736d9710-4911-44c6-935c-570fa3572092" />
      <TestMethod codeBase="/home/onur/Desktop/PlatformV1/src/Shared/Enterprise.Shared.Auditing.Tests/bin/Debug/net8.0/Enterprise.Shared.Auditing.Tests.dll" adapterTypeName="executor://xunit/VsTestRunner2/netcoreapp" className="Enterprise.Shared.Auditing.Tests.Models.AuditEventSimpleTests" name="Create_WithDefaultResult_SetsSuccessResult" />
    </UnitTest>
    <UnitTest name="Enterprise.Shared.Auditing.Tests.Services.InMemoryAuditStoreSimpleTests.QueryEventsAsync_WithNoFilters_ReturnsAllEvents" storage="/home/onur/desktop/platformv1/src/shared/enterprise.shared.auditing.tests/bin/debug/net8.0/enterprise.shared.auditing.tests.dll" id="b78da184-ca29-0bea-87df-7b04a8f0e1c6">
      <Execution id="bfef4834-78ae-4469-b939-90f8c51d7eb4" />
      <TestMethod codeBase="/home/onur/Desktop/PlatformV1/src/Shared/Enterprise.Shared.Auditing.Tests/bin/Debug/net8.0/Enterprise.Shared.Auditing.Tests.dll" adapterTypeName="executor://xunit/VsTestRunner2/netcoreapp" className="Enterprise.Shared.Auditing.Tests.Services.InMemoryAuditStoreSimpleTests" name="QueryEventsAsync_WithNoFilters_ReturnsAllEvents" />
    </UnitTest>
    <UnitTest name="Enterprise.Shared.Auditing.Tests.Models.SecurityAuditEventSimpleTests.Create_WithDifferentEventTypes_SetsCorrectType(eventType: DataAccess)" storage="/home/onur/desktop/platformv1/src/shared/enterprise.shared.auditing.tests/bin/debug/net8.0/enterprise.shared.auditing.tests.dll" id="b449cdab-37ae-8856-bdf2-36135e89288f">
      <Execution id="ceabf5f9-2de5-47fe-844a-76114aeef11c" />
      <TestMethod codeBase="/home/onur/Desktop/PlatformV1/src/Shared/Enterprise.Shared.Auditing.Tests/bin/Debug/net8.0/Enterprise.Shared.Auditing.Tests.dll" adapterTypeName="executor://xunit/VsTestRunner2/netcoreapp" className="Enterprise.Shared.Auditing.Tests.Models.SecurityAuditEventSimpleTests" name="Create_WithDifferentEventTypes_SetsCorrectType" />
    </UnitTest>
    <UnitTest name="Enterprise.Shared.Auditing.Tests.Models.SecurityAuditEventSimpleTests.WithRisk_SetIsAlertBasedOnThreshold(riskScore: 74, expectedAlert: False)" storage="/home/onur/desktop/platformv1/src/shared/enterprise.shared.auditing.tests/bin/debug/net8.0/enterprise.shared.auditing.tests.dll" id="cdf250c9-d02a-15b3-16df-7a2e6fd05961">
      <Execution id="bd2f8524-9f16-4e71-b9b8-9f3012b9bd37" />
      <TestMethod codeBase="/home/onur/Desktop/PlatformV1/src/Shared/Enterprise.Shared.Auditing.Tests/bin/Debug/net8.0/Enterprise.Shared.Auditing.Tests.dll" adapterTypeName="executor://xunit/VsTestRunner2/netcoreapp" className="Enterprise.Shared.Auditing.Tests.Models.SecurityAuditEventSimpleTests" name="WithRisk_SetIsAlertBasedOnThreshold" />
    </UnitTest>
    <UnitTest name="Enterprise.Shared.Auditing.Tests.Models.AuditEventSimpleTests.WithMetadata_SerializesMetadataToString" storage="/home/onur/desktop/platformv1/src/shared/enterprise.shared.auditing.tests/bin/debug/net8.0/enterprise.shared.auditing.tests.dll" id="e4546f55-81ec-80e6-57d8-b37ee6d6c815">
      <Execution id="6714219f-970e-4916-b232-d2be391d2dc2" />
      <TestMethod codeBase="/home/onur/Desktop/PlatformV1/src/Shared/Enterprise.Shared.Auditing.Tests/bin/Debug/net8.0/Enterprise.Shared.Auditing.Tests.dll" adapterTypeName="executor://xunit/VsTestRunner2/netcoreapp" className="Enterprise.Shared.Auditing.Tests.Models.AuditEventSimpleTests" name="WithMetadata_SerializesMetadataToString" />
    </UnitTest>
    <UnitTest name="Enterprise.Shared.Auditing.Tests.HealthChecks.AuditHealthCheckSimpleTests.CheckHealthAsync_WhenStoreHealthCheckFails_ReturnsDegraded" storage="/home/onur/desktop/platformv1/src/shared/enterprise.shared.auditing.tests/bin/debug/net8.0/enterprise.shared.auditing.tests.dll" id="1d5f6378-83c3-6752-8284-32db5309f530">
      <Execution id="7bb8a9ca-3caa-4c93-93e0-4ae6943168b0" />
      <TestMethod codeBase="/home/onur/Desktop/PlatformV1/src/Shared/Enterprise.Shared.Auditing.Tests/bin/Debug/net8.0/Enterprise.Shared.Auditing.Tests.dll" adapterTypeName="executor://xunit/VsTestRunner2/netcoreapp" className="Enterprise.Shared.Auditing.Tests.HealthChecks.AuditHealthCheckSimpleTests" name="CheckHealthAsync_WhenStoreHealthCheckFails_ReturnsDegraded" />
    </UnitTest>
    <UnitTest name="Enterprise.Shared.Auditing.Tests.Models.SecurityAuditEventSimpleTests.FactoryMethod_CreateFailedLogin_SetsCorrectProperties" storage="/home/onur/desktop/platformv1/src/shared/enterprise.shared.auditing.tests/bin/debug/net8.0/enterprise.shared.auditing.tests.dll" id="881ba049-d412-4ac7-98d1-1211340ae562">
      <Execution id="3d86785a-950f-4a5e-9f9a-b9999149d862" />
      <TestMethod codeBase="/home/onur/Desktop/PlatformV1/src/Shared/Enterprise.Shared.Auditing.Tests/bin/Debug/net8.0/Enterprise.Shared.Auditing.Tests.dll" adapterTypeName="executor://xunit/VsTestRunner2/netcoreapp" className="Enterprise.Shared.Auditing.Tests.Models.SecurityAuditEventSimpleTests" name="FactoryMethod_CreateFailedLogin_SetsCorrectProperties" />
    </UnitTest>
    <UnitTest name="Enterprise.Shared.Auditing.Tests.HealthChecks.AuditHealthCheckSimpleTests.CheckHealthAsync_WhenAllHealthy_ReturnsHealthy" storage="/home/onur/desktop/platformv1/src/shared/enterprise.shared.auditing.tests/bin/debug/net8.0/enterprise.shared.auditing.tests.dll" id="ef1efab7-f0a5-54cc-3e1d-b90e55d8fb25">
      <Execution id="f84c5021-9fdc-4319-befa-7766571cc176" />
      <TestMethod codeBase="/home/onur/Desktop/PlatformV1/src/Shared/Enterprise.Shared.Auditing.Tests/bin/Debug/net8.0/Enterprise.Shared.Auditing.Tests.dll" adapterTypeName="executor://xunit/VsTestRunner2/netcoreapp" className="Enterprise.Shared.Auditing.Tests.HealthChecks.AuditHealthCheckSimpleTests" name="CheckHealthAsync_WhenAllHealthy_ReturnsHealthy" />
    </UnitTest>
    <UnitTest name="Enterprise.Shared.Auditing.Tests.Services.AuditServiceSimpleTests.LogEventAsync_WithValidEvent_StoresEventSuccessfully" storage="/home/onur/desktop/platformv1/src/shared/enterprise.shared.auditing.tests/bin/debug/net8.0/enterprise.shared.auditing.tests.dll" id="0e34243f-ad7c-0dbf-b995-d8e7774fa91f">
      <Execution id="6dd53161-c0ab-482f-b35f-1ae06249f550" />
      <TestMethod codeBase="/home/onur/Desktop/PlatformV1/src/Shared/Enterprise.Shared.Auditing.Tests/bin/Debug/net8.0/Enterprise.Shared.Auditing.Tests.dll" adapterTypeName="executor://xunit/VsTestRunner2/netcoreapp" className="Enterprise.Shared.Auditing.Tests.Services.AuditServiceSimpleTests" name="LogEventAsync_WithValidEvent_StoresEventSuccessfully" />
    </UnitTest>
    <UnitTest name="Enterprise.Shared.Auditing.Tests.Services.InMemoryAuditStoreSimpleTests.StoreEventAsync_WithNullEvent_ReturnsFailure" storage="/home/onur/desktop/platformv1/src/shared/enterprise.shared.auditing.tests/bin/debug/net8.0/enterprise.shared.auditing.tests.dll" id="78fde34a-4e5d-bc8e-4f05-2d0347e68bd3">
      <Execution id="c7527ccb-0c6e-4275-b372-1b1cb46d80a1" />
      <TestMethod codeBase="/home/onur/Desktop/PlatformV1/src/Shared/Enterprise.Shared.Auditing.Tests/bin/Debug/net8.0/Enterprise.Shared.Auditing.Tests.dll" adapterTypeName="executor://xunit/VsTestRunner2/netcoreapp" className="Enterprise.Shared.Auditing.Tests.Services.InMemoryAuditStoreSimpleTests" name="StoreEventAsync_WithNullEvent_ReturnsFailure" />
    </UnitTest>
    <UnitTest name="Enterprise.Shared.Auditing.Tests.Models.AuditEventSimpleTests.Constructor_SetsDefaultValues" storage="/home/onur/desktop/platformv1/src/shared/enterprise.shared.auditing.tests/bin/debug/net8.0/enterprise.shared.auditing.tests.dll" id="8bf22aa1-796e-8e16-f5e8-c167a2a3fded">
      <Execution id="c1fb1212-7c6b-4e1b-8c34-05d87e73f466" />
      <TestMethod codeBase="/home/onur/Desktop/PlatformV1/src/Shared/Enterprise.Shared.Auditing.Tests/bin/Debug/net8.0/Enterprise.Shared.Auditing.Tests.dll" adapterTypeName="executor://xunit/VsTestRunner2/netcoreapp" className="Enterprise.Shared.Auditing.Tests.Models.AuditEventSimpleTests" name="Constructor_SetsDefaultValues" />
    </UnitTest>
    <UnitTest name="Enterprise.Shared.Auditing.Tests.Models.SecurityAuditEventSimpleTests.WithAuthentication_SetsAuthenticationProperties" storage="/home/onur/desktop/platformv1/src/shared/enterprise.shared.auditing.tests/bin/debug/net8.0/enterprise.shared.auditing.tests.dll" id="e6c67581-99e2-2748-be5d-5095fb00506b">
      <Execution id="2f33e3f3-0e93-4c99-8d5a-624f3ef31ad8" />
      <TestMethod codeBase="/home/onur/Desktop/PlatformV1/src/Shared/Enterprise.Shared.Auditing.Tests/bin/Debug/net8.0/Enterprise.Shared.Auditing.Tests.dll" adapterTypeName="executor://xunit/VsTestRunner2/netcoreapp" className="Enterprise.Shared.Auditing.Tests.Models.SecurityAuditEventSimpleTests" name="WithAuthentication_SetsAuthenticationProperties" />
    </UnitTest>
    <UnitTest name="Enterprise.Shared.Auditing.Tests.Services.InMemoryAuditStoreSimpleTests.GetEventCountAsync_WithDateRange_ReturnsCorrectCount" storage="/home/onur/desktop/platformv1/src/shared/enterprise.shared.auditing.tests/bin/debug/net8.0/enterprise.shared.auditing.tests.dll" id="63219dba-37d6-9cab-ed0c-a714bdc3b3fb">
      <Execution id="6c688adc-e271-4e7f-b06f-384fdc07b31e" />
      <TestMethod codeBase="/home/onur/Desktop/PlatformV1/src/Shared/Enterprise.Shared.Auditing.Tests/bin/Debug/net8.0/Enterprise.Shared.Auditing.Tests.dll" adapterTypeName="executor://xunit/VsTestRunner2/netcoreapp" className="Enterprise.Shared.Auditing.Tests.Services.InMemoryAuditStoreSimpleTests" name="GetEventCountAsync_WithDateRange_ReturnsCorrectCount" />
    </UnitTest>
    <UnitTest name="Enterprise.Shared.Auditing.Tests.Services.InMemoryAuditStoreSimpleTests.GetEventAsync_WithNonExistingId_ReturnsNull" storage="/home/onur/desktop/platformv1/src/shared/enterprise.shared.auditing.tests/bin/debug/net8.0/enterprise.shared.auditing.tests.dll" id="41efe741-07be-f6b0-1a5c-1369ee711c86">
      <Execution id="5bfae4df-473e-4ad6-99eb-b334c55e0e02" />
      <TestMethod codeBase="/home/onur/Desktop/PlatformV1/src/Shared/Enterprise.Shared.Auditing.Tests/bin/Debug/net8.0/Enterprise.Shared.Auditing.Tests.dll" adapterTypeName="executor://xunit/VsTestRunner2/netcoreapp" className="Enterprise.Shared.Auditing.Tests.Services.InMemoryAuditStoreSimpleTests" name="GetEventAsync_WithNonExistingId_ReturnsNull" />
    </UnitTest>
    <UnitTest name="Enterprise.Shared.Auditing.Tests.Models.SecurityAuditEventSimpleTests.Constructor_SetsSecurityDefaults" storage="/home/onur/desktop/platformv1/src/shared/enterprise.shared.auditing.tests/bin/debug/net8.0/enterprise.shared.auditing.tests.dll" id="8e6bc6cd-d29d-35b7-4089-eb83d7de14eb">
      <Execution id="c0ceffb4-c0ca-4cb9-b002-e1b7e14445e4" />
      <TestMethod codeBase="/home/onur/Desktop/PlatformV1/src/Shared/Enterprise.Shared.Auditing.Tests/bin/Debug/net8.0/Enterprise.Shared.Auditing.Tests.dll" adapterTypeName="executor://xunit/VsTestRunner2/netcoreapp" className="Enterprise.Shared.Auditing.Tests.Models.SecurityAuditEventSimpleTests" name="Constructor_SetsSecurityDefaults" />
    </UnitTest>
    <UnitTest name="Enterprise.Shared.Auditing.Tests.Models.SecurityAuditEventSimpleTests.Create_WithValidParameters_ReturnsConfiguredEvent" storage="/home/onur/desktop/platformv1/src/shared/enterprise.shared.auditing.tests/bin/debug/net8.0/enterprise.shared.auditing.tests.dll" id="e7962a26-5982-7407-dcdd-3926ff592102">
      <Execution id="a5a6284a-c78e-4c21-92d0-8133f1ce0009" />
      <TestMethod codeBase="/home/onur/Desktop/PlatformV1/src/Shared/Enterprise.Shared.Auditing.Tests/bin/Debug/net8.0/Enterprise.Shared.Auditing.Tests.dll" adapterTypeName="executor://xunit/VsTestRunner2/netcoreapp" className="Enterprise.Shared.Auditing.Tests.Models.SecurityAuditEventSimpleTests" name="Create_WithValidParameters_ReturnsConfiguredEvent" />
    </UnitTest>
  </TestDefinitions>
  <TestEntries>
    <TestEntry testId="cdf250c9-d02a-15b3-16df-7a2e6fd05961" executionId="bd2f8524-9f16-4e71-b9b8-9f3012b9bd37" testListId="8c84fa94-04c1-424b-9868-57a2d4851a1d" />
    <TestEntry testId="a071813a-706a-d60a-ea8a-0bdeea9e61b9" executionId="02275685-f25c-495c-b831-6352fb9858ca" testListId="8c84fa94-04c1-424b-9868-57a2d4851a1d" />
    <TestEntry testId="eacbafcc-c655-16f6-d3f0-bd3df89de6f4" executionId="736d9710-4911-44c6-935c-570fa3572092" testListId="8c84fa94-04c1-424b-9868-57a2d4851a1d" />
    <TestEntry testId="e3fa2a54-b952-607d-b737-34af95ccaf48" executionId="b16ce15b-943c-4d55-9bad-425ccaa4baf7" testListId="8c84fa94-04c1-424b-9868-57a2d4851a1d" />
    <TestEntry testId="a009cc9d-c191-1c67-5b7a-4c0069e2c174" executionId="652eb8a2-b2f6-4f23-8739-147b57c85b1c" testListId="8c84fa94-04c1-424b-9868-57a2d4851a1d" />
    <TestEntry testId="9d0e2bef-0ef6-d425-e0bf-71aa22d99fe1" executionId="ae1e72f2-b37a-422b-bdd3-bb5f0b524e41" testListId="8c84fa94-04c1-424b-9868-57a2d4851a1d" />
    <TestEntry testId="8754c9d7-ca62-f970-014d-3e6f754734a1" executionId="fd1a2949-56b4-403b-871c-5eaa21d1d730" testListId="8c84fa94-04c1-424b-9868-57a2d4851a1d" />
    <TestEntry testId="92d348cb-a0cf-de03-a4ca-0c3074026d8c" executionId="859d83bf-698e-4e5c-b73d-d0a00896b995" testListId="8c84fa94-04c1-424b-9868-57a2d4851a1d" />
    <TestEntry testId="8bb21605-680d-c45d-24b1-29b3d4fd8dd5" executionId="39d9da33-0e14-4b5e-810c-a95ae0c56dd2" testListId="8c84fa94-04c1-424b-9868-57a2d4851a1d" />
    <TestEntry testId="e4546f55-81ec-80e6-57d8-b37ee6d6c815" executionId="6714219f-970e-4916-b232-d2be391d2dc2" testListId="8c84fa94-04c1-424b-9868-57a2d4851a1d" />
    <TestEntry testId="e6c67581-99e2-2748-be5d-5095fb00506b" executionId="2f33e3f3-0e93-4c99-8d5a-624f3ef31ad8" testListId="8c84fa94-04c1-424b-9868-57a2d4851a1d" />
    <TestEntry testId="c46c55dd-cf3f-ba1f-b6d7-c83499745af9" executionId="35969bb2-8613-4a77-b4a9-491db3a13b70" testListId="8c84fa94-04c1-424b-9868-57a2d4851a1d" />
    <TestEntry testId="da64ea37-950e-b681-e202-8667d4c254e6" executionId="19912305-1c06-4b45-9db3-1f34b40c8a81" testListId="8c84fa94-04c1-424b-9868-57a2d4851a1d" />
    <TestEntry testId="043fd654-a5c8-49d0-ec81-8b8cf9c3ee25" executionId="4ba6ce44-3954-4ba7-9246-87c0fdc916e4" testListId="8c84fa94-04c1-424b-9868-57a2d4851a1d" />
    <TestEntry testId="def99c85-08e3-422b-c8ab-ed53d14d0bf1" executionId="6c68b5b4-3b96-4b07-8d0a-1050b243cb4d" testListId="8c84fa94-04c1-424b-9868-57a2d4851a1d" />
    <TestEntry testId="b449cdab-37ae-8856-bdf2-36135e89288f" executionId="ceabf5f9-2de5-47fe-844a-76114aeef11c" testListId="8c84fa94-04c1-424b-9868-57a2d4851a1d" />
    <TestEntry testId="4ebd8889-f49a-6c66-dc50-e03f8e1f8b45" executionId="e98445b4-9175-4c26-a228-0403d4f93ca3" testListId="8c84fa94-04c1-424b-9868-57a2d4851a1d" />
    <TestEntry testId="b938de1e-62e3-b21a-e545-a501f8c2033d" executionId="127993f7-9862-4611-aa68-3706ed49ce2b" testListId="8c84fa94-04c1-424b-9868-57a2d4851a1d" />
    <TestEntry testId="68dbc2c6-398b-ae19-ce9f-587c69a19e83" executionId="78f0e756-3886-4a3f-a8d7-7d5273f474da" testListId="8c84fa94-04c1-424b-9868-57a2d4851a1d" />
    <TestEntry testId="04ac4824-f947-b72d-c120-990f4c114093" executionId="33036d8a-6f09-48e0-b030-5b97628e9a4f" testListId="8c84fa94-04c1-424b-9868-57a2d4851a1d" />
    <TestEntry testId="b78da184-ca29-0bea-87df-7b04a8f0e1c6" executionId="bfef4834-78ae-4469-b939-90f8c51d7eb4" testListId="8c84fa94-04c1-424b-9868-57a2d4851a1d" />
    <TestEntry testId="ffde4746-c342-1c7f-7179-4122004fc211" executionId="ec93d006-a167-4d6e-a6f1-96ddf550b4af" testListId="8c84fa94-04c1-424b-9868-57a2d4851a1d" />
    <TestEntry testId="3d836c61-9ce9-2045-0f15-ec0c88f9e269" executionId="5f409f77-c103-44b2-bbf4-bd9f3a329147" testListId="8c84fa94-04c1-424b-9868-57a2d4851a1d" />
    <TestEntry testId="7bb366b8-2eed-e56f-7ac0-0511636cb3bf" executionId="2b7e83c0-9082-435b-93f9-97e7b1eef3ed" testListId="8c84fa94-04c1-424b-9868-57a2d4851a1d" />
    <TestEntry testId="746957b1-64b5-6f49-8865-77ec9c46b43c" executionId="fc190bae-0236-41ba-8795-17ff132f05dc" testListId="8c84fa94-04c1-424b-9868-57a2d4851a1d" />
    <TestEntry testId="8bf22aa1-796e-8e16-f5e8-c167a2a3fded" executionId="c1fb1212-7c6b-4e1b-8c34-05d87e73f466" testListId="8c84fa94-04c1-424b-9868-57a2d4851a1d" />
    <TestEntry testId="41efe741-07be-f6b0-1a5c-1369ee711c86" executionId="5bfae4df-473e-4ad6-99eb-b334c55e0e02" testListId="8c84fa94-04c1-424b-9868-57a2d4851a1d" />
    <TestEntry testId="e7962a26-5982-7407-dcdd-3926ff592102" executionId="a5a6284a-c78e-4c21-92d0-8133f1ce0009" testListId="8c84fa94-04c1-424b-9868-57a2d4851a1d" />
    <TestEntry testId="881ba049-d412-4ac7-98d1-1211340ae562" executionId="3d86785a-950f-4a5e-9f9a-b9999149d862" testListId="8c84fa94-04c1-424b-9868-57a2d4851a1d" />
    <TestEntry testId="1d5f6378-83c3-6752-8284-32db5309f530" executionId="7bb8a9ca-3caa-4c93-93e0-4ae6943168b0" testListId="8c84fa94-04c1-424b-9868-57a2d4851a1d" />
    <TestEntry testId="ef1efab7-f0a5-54cc-3e1d-b90e55d8fb25" executionId="f84c5021-9fdc-4319-befa-7766571cc176" testListId="8c84fa94-04c1-424b-9868-57a2d4851a1d" />
    <TestEntry testId="6447034d-edb1-678f-b099-672ed12a7605" executionId="43b721cf-e876-47db-a995-0396565be1df" testListId="8c84fa94-04c1-424b-9868-57a2d4851a1d" />
    <TestEntry testId="006fc6bf-8ac2-2338-8302-7b760e5b8337" executionId="d5eba26d-6b80-4df1-8236-3b10f0b351b6" testListId="8c84fa94-04c1-424b-9868-57a2d4851a1d" />
    <TestEntry testId="aa030906-38fd-2092-cec0-448b25aaf208" executionId="b6275b06-a276-488c-85c2-df434d41d1fc" testListId="8c84fa94-04c1-424b-9868-57a2d4851a1d" />
    <TestEntry testId="55dbbe83-9ad7-9ff5-141e-e8b63a99705f" executionId="c17b0fd2-8c89-4eab-83e8-ab0d0fcdc77d" testListId="8c84fa94-04c1-424b-9868-57a2d4851a1d" />
    <TestEntry testId="8e6bc6cd-d29d-35b7-4089-eb83d7de14eb" executionId="c0ceffb4-c0ca-4cb9-b002-e1b7e14445e4" testListId="8c84fa94-04c1-424b-9868-57a2d4851a1d" />
    <TestEntry testId="97bd0b96-0566-4935-2820-9c3ae961b451" executionId="2ee493fa-68c6-4fb9-99ee-30d720f85102" testListId="8c84fa94-04c1-424b-9868-57a2d4851a1d" />
    <TestEntry testId="63219dba-37d6-9cab-ed0c-a714bdc3b3fb" executionId="6c688adc-e271-4e7f-b06f-384fdc07b31e" testListId="8c84fa94-04c1-424b-9868-57a2d4851a1d" />
    <TestEntry testId="0e34243f-ad7c-0dbf-b995-d8e7774fa91f" executionId="6dd53161-c0ab-482f-b35f-1ae06249f550" testListId="8c84fa94-04c1-424b-9868-57a2d4851a1d" />
    <TestEntry testId="892ce8c2-c3bb-2266-a377-84d97bf791ef" executionId="2c6a3f95-2703-4e26-9e97-c8713af78f57" testListId="8c84fa94-04c1-424b-9868-57a2d4851a1d" />
    <TestEntry testId="7d7f23f0-16aa-a751-4837-a88f5f9da51b" executionId="af4ca50a-5b6a-4b11-9f23-6e2698bf346d" testListId="8c84fa94-04c1-424b-9868-57a2d4851a1d" />
    <TestEntry testId="b021b8bf-94f8-8cd0-effc-fc080e5da295" executionId="4ee64438-68df-49a9-b82a-74681d3beea9" testListId="8c84fa94-04c1-424b-9868-57a2d4851a1d" />
    <TestEntry testId="e2a3558c-55a8-e942-5627-563abe02b662" executionId="85c418a6-57ef-43f2-9ac4-eb0ac802f894" testListId="8c84fa94-04c1-424b-9868-57a2d4851a1d" />
    <TestEntry testId="04d143ea-cb2a-c7bf-b067-c9eec5e8a4a5" executionId="9046b4c8-a018-41fc-a675-5347abfcc4a6" testListId="8c84fa94-04c1-424b-9868-57a2d4851a1d" />
    <TestEntry testId="78fde34a-4e5d-bc8e-4f05-2d0347e68bd3" executionId="c7527ccb-0c6e-4275-b372-1b1cb46d80a1" testListId="8c84fa94-04c1-424b-9868-57a2d4851a1d" />
    <TestEntry testId="fe81ca39-7ff9-c8f7-327e-f838b849bf45" executionId="3b0761ea-dc4b-447d-af00-3809bcb2b7d4" testListId="8c84fa94-04c1-424b-9868-57a2d4851a1d" />
    <TestEntry testId="eab7bf6d-6a6d-aabd-f35c-888b996d6f4a" executionId="df6920cd-d52b-4225-a12c-4e58c6587ec4" testListId="8c84fa94-04c1-424b-9868-57a2d4851a1d" />
    <TestEntry testId="e3770ee4-7ecc-87a5-1fdc-ddaa3d786639" executionId="4ffb10a5-426c-4428-bece-f95be8bad97d" testListId="8c84fa94-04c1-424b-9868-57a2d4851a1d" />
  </TestEntries>
  <TestLists>
    <TestList name="Results Not in a List" id="8c84fa94-04c1-424b-9868-57a2d4851a1d" />
    <TestList name="All Loaded Results" id="19431567-8539-422a-85d7-44ee4e166bda" />
  </TestLists>
  <ResultSummary outcome="Failed">
    <Counters total="48" executed="48" passed="47" failed="1" error="0" timeout="0" aborted="0" inconclusive="0" passedButRunAborted="0" notRunnable="0" notExecuted="0" disconnected="0" warning="0" completed="0" inProgress="0" pending="0" />
    <Output>
      <StdOut>[xUnit.net 00:00:00.00] xUnit.net VSTest Adapter v2.5.3.1+6b60a9e56a (64-bit .NET 8.0.19)
[xUnit.net 00:00:00.05]   Discovering: Enterprise.Shared.Auditing.Tests
[xUnit.net 00:00:00.08]   Discovered:  Enterprise.Shared.Auditing.Tests
[xUnit.net 00:00:00.09]   Starting:    Enterprise.Shared.Auditing.Tests
[xUnit.net 00:00:00.23]       Expected result.Status to be HealthStatus.Healthy {value: 2}, but found HealthStatus.Degraded {value: 1}.
[xUnit.net 00:00:00.23]       Stack Trace:
[xUnit.net 00:00:00.23]            at FluentAssertions.Execution.XUnit2TestFramework.Throw(String message)
[xUnit.net 00:00:00.23]            at FluentAssertions.Execution.TestFrameworkProvider.Throw(String message)
[xUnit.net 00:00:00.23]            at FluentAssertions.Execution.DefaultAssertionStrategy.HandleFailure(String message)
[xUnit.net 00:00:00.23]            at FluentAssertions.Execution.AssertionScope.FailWith(Func`1 failReasonFunc)
[xUnit.net 00:00:00.23]            at FluentAssertions.Execution.AssertionScope.FailWith(Func`1 failReasonFunc)
[xUnit.net 00:00:00.23]            at FluentAssertions.Execution.AssertionScope.FailWith(String message, Object[] args)
[xUnit.net 00:00:00.23]            at FluentAssertions.Primitives.EnumAssertions`2.Be(TEnum expected, String because, Object[] becauseArgs)
[xUnit.net 00:00:00.23]         /home/onur/Desktop/PlatformV1/src/Shared/Enterprise.Shared.Auditing.Tests/HealthChecks/AuditHealthCheckSimpleTests.cs(78,0): at Enterprise.Shared.Auditing.Tests.HealthChecks.AuditHealthCheckSimpleTests.CheckHealthAsync_WhenAllHealthy_ReturnsHealthy()
[xUnit.net 00:00:00.23]         --- End of stack trace from previous location ---
[xUnit.net 00:00:00.24]   Finished:    Enterprise.Shared.Auditing.Tests
</StdOut>
    </Output>
    <RunInfos>
      <RunInfo computerName="onur-TULPAR-T7-V20-5" outcome="Error" timestamp="2025-09-12T08:39:46.9816744+03:00">
        <Text>[xUnit.net 00:00:00.23]     Enterprise.Shared.Auditing.Tests.HealthChecks.AuditHealthCheckSimpleTests.CheckHealthAsync_WhenAllHealthy_ReturnsHealthy [FAIL]</Text>
      </RunInfo>
    </RunInfos>
  </ResultSummary>
</TestRun>